Component: Arm Compiler for Embedded 6.22 Tool: armlink [5ee90200]

==============================================================================

Section Cross References

    main.o(.text.Task_LEDHeartbeat) refers to bsp.o(.text.BSP_ledGreenOn) for BSP_ledGreenOn
    main.o(.text.Task_LEDHeartbeat) refers to main.o(.rodata.str1.1) for .L.str
    main.o(.text.Task_LEDHeartbeat) refers to logger.o(.text.Logger_log) for Logger_log
    main.o(.text.Task_LEDHeartbeat) refers to bsp.o(.text.BSP_delay) for BSP_delay
    main.o(.text.Task_LEDHeartbeat) refers to bsp.o(.text.BSP_ledGreenOff) for BSP_ledGreenOff
    main.o(.ARM.exidx.text.Task_LEDHeartbeat) refers to main.o(.text.Task_LEDHeartbeat) for [Anonymous Symbol]
    main.o(.ARM.exidx.text.Task_ControlLoop) refers to main.o(.text.Task_ControlLoop) for [Anonymous Symbol]
    main.o(.text.Task_SensorUpdate) refers to main.o(.bss.Task_SensorUpdate.counter) for Task_SensorUpdate.counter
    main.o(.text.Task_SensorUpdate) refers to main.o(.rodata.str1.1) for .L.str.2
    main.o(.text.Task_SensorUpdate) refers to logger.o(.text.Logger_log) for Logger_log
    main.o(.ARM.exidx.text.Task_SensorUpdate) refers to main.o(.text.Task_SensorUpdate) for [Anonymous Symbol]
    main.o(.text.main) refers to bsp.o(.text.BSP_init) for BSP_init
    main.o(.text.main) refers to miros.o(.text.OS_init) for OS_init
    main.o(.text.main) refers to logger.o(.text.logger_start) for logger_start
    main.o(.text.main) refers to main.o(.bss.LEDHeartbeat) for LEDHeartbeat
    main.o(.text.main) refers to main.o(.text.Task_LEDHeartbeat) for Task_LEDHeartbeat
    main.o(.text.main) refers to main.o(.bss.stack_LEDHeartbeat) for stack_LEDHeartbeat
    main.o(.text.main) refers to miros.o(.text.OSThread_start) for OSThread_start
    main.o(.text.main) refers to main.o(.bss.ControlLoop) for ControlLoop
    main.o(.text.main) refers to main.o(.text.Task_ControlLoop) for Task_ControlLoop
    main.o(.text.main) refers to main.o(.bss.stack_ControlLoop) for stack_ControlLoop
    main.o(.text.main) refers to main.o(.bss.SensorUpdate) for SensorUpdate
    main.o(.text.main) refers to main.o(.text.Task_SensorUpdate) for Task_SensorUpdate
    main.o(.text.main) refers to main.o(.bss.stack_SensorUpdate) for stack_SensorUpdate
    main.o(.text.main) refers to motor.o(.text.motor_start) for motor_start
    main.o(.text.main) refers to miros.o(.text.OS_run) for OS_run
    main.o(.ARM.exidx.text.main) refers to main.o(.text.main) for [Anonymous Symbol]
    bsp.o(.text.SysTick_Handler) refers to bsp.o(.bss.l_tickCtr) for l_tickCtr
    bsp.o(.text.SysTick_Handler) refers to miros.o(.text.OS_sched) for OS_sched
    bsp.o(.ARM.exidx.text.SysTick_Handler) refers to bsp.o(.text.SysTick_Handler) for [Anonymous Symbol]
    bsp.o(.ARM.exidx.text.Clock_init) refers to bsp.o(.text.Clock_init) for [Anonymous Symbol]
    bsp.o(.text.BSP_init) refers to bsp.o(.text.Clock_init) for Clock_init
    bsp.o(.text.BSP_init) refers to uart.o(.text.uart_init) for uart_init
    bsp.o(.text.BSP_init) refers to motor.o(.text.motor_init) for motor_init
    bsp.o(.ARM.exidx.text.BSP_init) refers to bsp.o(.text.BSP_init) for [Anonymous Symbol]
    bsp.o(.text.BSP_tickCtr) refers to bsp.o(.bss.l_tickCtr) for l_tickCtr
    bsp.o(.ARM.exidx.text.BSP_tickCtr) refers to bsp.o(.text.BSP_tickCtr) for [Anonymous Symbol]
    bsp.o(.text.BSP_delay) refers to bsp.o(.text.BSP_tickCtr) for BSP_tickCtr
    bsp.o(.ARM.exidx.text.BSP_delay) refers to bsp.o(.text.BSP_delay) for [Anonymous Symbol]
    bsp.o(.ARM.exidx.text.BSP_ledRedOn) refers to bsp.o(.text.BSP_ledRedOn) for [Anonymous Symbol]
    bsp.o(.ARM.exidx.text.BSP_ledRedOff) refers to bsp.o(.text.BSP_ledRedOff) for [Anonymous Symbol]
    bsp.o(.ARM.exidx.text.BSP_ledBlueOn) refers to bsp.o(.text.BSP_ledBlueOn) for [Anonymous Symbol]
    bsp.o(.ARM.exidx.text.BSP_ledBlueOff) refers to bsp.o(.text.BSP_ledBlueOff) for [Anonymous Symbol]
    bsp.o(.ARM.exidx.text.BSP_ledGreenOn) refers to bsp.o(.text.BSP_ledGreenOn) for [Anonymous Symbol]
    bsp.o(.ARM.exidx.text.BSP_ledGreenOff) refers to bsp.o(.text.BSP_ledGreenOff) for [Anonymous Symbol]
    bsp.o(.text.OS_onStartup) refers to system_tm4c123gh6pm.o(.text.SystemCoreClockUpdate) for SystemCoreClockUpdate
    bsp.o(.text.OS_onStartup) refers to system_tm4c123gh6pm.o(.data.SystemCoreClock) for SystemCoreClock
    bsp.o(.text.OS_onStartup) refers to bsp.o(.text.SysTick_Config) for SysTick_Config
    bsp.o(.text.OS_onStartup) refers to bsp.o(.text.__NVIC_SetPriority) for __NVIC_SetPriority
    bsp.o(.ARM.exidx.text.OS_onStartup) refers to bsp.o(.text.OS_onStartup) for [Anonymous Symbol]
    bsp.o(.text.SysTick_Config) refers to bsp.o(.text.__NVIC_SetPriority) for __NVIC_SetPriority
    bsp.o(.ARM.exidx.text.SysTick_Config) refers to bsp.o(.text.SysTick_Config) for [Anonymous Symbol]
    bsp.o(.ARM.exidx.text.__NVIC_SetPriority) refers to bsp.o(.text.__NVIC_SetPriority) for [Anonymous Symbol]
    bsp.o(.ARM.exidx.text.Q_onAssert) refers to bsp.o(.text.Q_onAssert) for [Anonymous Symbol]
    bsp.o(.text.assert_failed) refers to bsp.o(.text.Q_onAssert) for Q_onAssert
    bsp.o(.ARM.exidx.text.assert_failed) refers to bsp.o(.text.assert_failed) for [Anonymous Symbol]
    uart.o(.ARM.exidx.text.uart_init) refers to uart.o(.text.uart_init) for [Anonymous Symbol]
    uart.o(.ARM.exidx.text.Tiva_UART5_Transmitter_polling) refers to uart.o(.text.Tiva_UART5_Transmitter_polling) for [Anonymous Symbol]
    uart.o(.ARM.exidx.text.Tiva_UART5_Receiver_polling) refers to uart.o(.text.Tiva_UART5_Receiver_polling) for [Anonymous Symbol]
    uart.o(.text.UART5_Transmit_string) refers to uart.o(.text.Tiva_UART5_Transmitter_polling) for Tiva_UART5_Transmitter_polling
    uart.o(.ARM.exidx.text.UART5_Transmit_string) refers to uart.o(.text.UART5_Transmit_string) for [Anonymous Symbol]
    logger.o(.text.logger_start) refers to logger.o(.bss.LoggerThread) for LoggerThread
    logger.o(.text.logger_start) refers to logger.o(.text.Task_Logger) for Task_Logger
    logger.o(.text.logger_start) refers to logger.o(.bss.stack_Logger) for stack_Logger
    logger.o(.text.logger_start) refers to miros.o(.text.OSThread_start) for OSThread_start
    logger.o(.ARM.exidx.text.logger_start) refers to logger.o(.text.logger_start) for [Anonymous Symbol]
    logger.o(.text.Task_Logger) refers to logger.o(.bss.tail) for tail
    logger.o(.text.Task_Logger) refers to logger.o(.bss.head) for head
    logger.o(.text.Task_Logger) refers to logger.o(.bss.logBuffer) for logBuffer
    logger.o(.text.Task_Logger) refers to uart.o(.text.Tiva_UART5_Transmitter_polling) for Tiva_UART5_Transmitter_polling
    logger.o(.ARM.exidx.text.Task_Logger) refers to logger.o(.text.Task_Logger) for [Anonymous Symbol]
    logger.o(.text.Logger_log) refers to logger.o(.bss.head) for head
    logger.o(.text.Logger_log) refers to logger.o(.bss.tail) for tail
    logger.o(.text.Logger_log) refers to logger.o(.bss.logBuffer) for logBuffer
    logger.o(.ARM.exidx.text.Logger_log) refers to logger.o(.text.Logger_log) for [Anonymous Symbol]
    motor.o(.text.motor_start) refers to motor.o(.bss.motorThread) for motorThread
    motor.o(.text.motor_start) refers to motor.o(.text.Task_motor) for Task_motor
    motor.o(.text.motor_start) refers to motor.o(.bss.stack_motor) for stack_motor
    motor.o(.text.motor_start) refers to miros.o(.text.OSThread_start) for OSThread_start
    motor.o(.ARM.exidx.text.motor_start) refers to motor.o(.text.motor_start) for [Anonymous Symbol]
    motor.o(.text.Task_motor) refers to motor.o(.text.set_motor_direction) for set_motor_direction
    motor.o(.text.Task_motor) refers to motor.o(.text.pwm_set_duty_cycle) for pwm_set_duty_cycle
    motor.o(.text.Task_motor) refers to motor.o(.rodata.str1.1) for .L.str
    motor.o(.text.Task_motor) refers to logger.o(.text.Logger_log) for Logger_log
    motor.o(.text.Task_motor) refers to bsp.o(.text.BSP_delay) for BSP_delay
    motor.o(.ARM.exidx.text.Task_motor) refers to motor.o(.text.Task_motor) for [Anonymous Symbol]
    motor.o(.ARM.exidx.text.motor_init) refers to motor.o(.text.motor_init) for [Anonymous Symbol]
    motor.o(.ARM.exidx.text.pwm_set_duty_cycle) refers to motor.o(.text.pwm_set_duty_cycle) for [Anonymous Symbol]
    motor.o(.ARM.exidx.text.set_motor_direction) refers to motor.o(.text.set_motor_direction) for [Anonymous Symbol]
    startup_tm4c123gh6pm.o(STACK) refers (Special) to heapauxi.o(.text) for __use_two_region_memory
    startup_tm4c123gh6pm.o(HEAP) refers (Special) to heapauxi.o(.text) for __use_two_region_memory
    startup_tm4c123gh6pm.o(RESET) refers (Special) to heapauxi.o(.text) for __use_two_region_memory
    startup_tm4c123gh6pm.o(RESET) refers to startup_tm4c123gh6pm.o(STACK) for __initial_sp
    startup_tm4c123gh6pm.o(RESET) refers to startup_tm4c123gh6pm.o(.text) for Reset_Handler
    startup_tm4c123gh6pm.o(RESET) refers to miros.o(.text.PendSV_Handler) for PendSV_Handler
    startup_tm4c123gh6pm.o(RESET) refers to bsp.o(.text.SysTick_Handler) for SysTick_Handler
    startup_tm4c123gh6pm.o(.text) refers (Special) to heapauxi.o(.text) for __use_two_region_memory
    startup_tm4c123gh6pm.o(.text) refers to startup_tm4c123gh6pm.o(RESET) for __relocated_vector_table
    startup_tm4c123gh6pm.o(.text) refers to system_tm4c123gh6pm.o(.text.SystemInit) for SystemInit
    startup_tm4c123gh6pm.o(.text) refers to __main.o(!!!main) for __main
    startup_tm4c123gh6pm.o(.text) refers to startup_tm4c123gh6pm.o(STACK) for __initial_sp
    startup_tm4c123gh6pm.o(.text) refers to bsp.o(.text.assert_failed) for assert_failed
    startup_tm4c123gh6pm.o(.text) refers to startup_tm4c123gh6pm.o(HEAP) for __heap_base
    system_tm4c123gh6pm.o(.text.SystemCoreClockUpdate) refers to system_tm4c123gh6pm.o(.text.getOscClk) for getOscClk
    system_tm4c123gh6pm.o(.text.SystemCoreClockUpdate) refers to system_tm4c123gh6pm.o(.data.SystemCoreClock) for SystemCoreClock
    system_tm4c123gh6pm.o(.ARM.exidx.text.SystemCoreClockUpdate) refers to system_tm4c123gh6pm.o(.text.SystemCoreClockUpdate) for [Anonymous Symbol]
    system_tm4c123gh6pm.o(.ARM.exidx.text.getOscClk) refers to system_tm4c123gh6pm.o(.text.getOscClk) for [Anonymous Symbol]
    system_tm4c123gh6pm.o(.ARM.exidx.text.SystemInit) refers to system_tm4c123gh6pm.o(.text.SystemInit) for [Anonymous Symbol]
    miros.o(.ARM.exidx.text.OS_init) refers to miros.o(.text.OS_init) for [Anonymous Symbol]
    miros.o(.text.OS_sched) refers to miros.o(.bss.OS_currIdx) for OS_currIdx
    miros.o(.text.OS_sched) refers to miros.o(.bss.OS_threadNum) for OS_threadNum
    miros.o(.text.OS_sched) refers to miros.o(.bss.OS_thread) for OS_thread
    miros.o(.text.OS_sched) refers to miros.o(.bss.OS_next) for OS_next
    miros.o(.text.OS_sched) refers to miros.o(.bss.OS_curr) for OS_curr
    miros.o(.ARM.exidx.text.OS_sched) refers to miros.o(.text.OS_sched) for [Anonymous Symbol]
    miros.o(.text.OS_run) refers to bsp.o(.text.OS_onStartup) for OS_onStartup
    miros.o(.text.OS_run) refers to miros.o(.text.OS_sched) for OS_sched
    miros.o(.text.OS_run) refers to miros.o(.rodata.Q_this_module_) for Q_this_module_
    miros.o(.text.OS_run) refers to bsp.o(.text.Q_onAssert) for Q_onAssert
    miros.o(.ARM.exidx.text.OS_run) refers to miros.o(.text.OS_run) for [Anonymous Symbol]
    miros.o(.text.OSThread_start) refers to miros.o(.bss.OS_threadNum) for OS_threadNum
    miros.o(.text.OSThread_start) refers to miros.o(.rodata.Q_this_module_) for Q_this_module_
    miros.o(.text.OSThread_start) refers to bsp.o(.text.Q_onAssert) for Q_onAssert
    miros.o(.text.OSThread_start) refers to miros.o(.bss.OS_thread) for OS_thread
    miros.o(.ARM.exidx.text.OSThread_start) refers to miros.o(.text.OSThread_start) for [Anonymous Symbol]
    miros.o(.text.PendSV_Handler) refers to miros.o(.bss.OS_curr) for OS_curr
    miros.o(.text.PendSV_Handler) refers to miros.o(.bss.OS_next) for OS_next
    miros.o(.ARM.exidx.text.PendSV_Handler) refers to miros.o(.text.PendSV_Handler) for [Anonymous Symbol]
    __main.o(!!!main) refers to __rtentry.o(.ARM.Collect$$rtentry$$00000000) for __rt_entry
    __rtentry.o(.ARM.Collect$$rtentry$$00000000) refers (Special) to __rtentry2.o(.ARM.Collect$$rtentry$$0000000A) for __rt_entry_li
    __rtentry.o(.ARM.Collect$$rtentry$$00000000) refers (Special) to __rtentry2.o(.ARM.Collect$$rtentry$$0000000D) for __rt_entry_main
    __rtentry.o(.ARM.Collect$$rtentry$$00000000) refers (Special) to __rtentry2.o(.ARM.Collect$$rtentry$$0000000C) for __rt_entry_postli_1
    __rtentry.o(.ARM.Collect$$rtentry$$00000000) refers (Special) to __rtentry2.o(.ARM.Collect$$rtentry$$00000009) for __rt_entry_postsh_1
    __rtentry.o(.ARM.Collect$$rtentry$$00000000) refers (Special) to __rtentry2.o(.ARM.Collect$$rtentry$$00000002) for __rt_entry_presh_1
    __rtentry.o(.ARM.Collect$$rtentry$$00000000) refers (Special) to __rtentry4.o(.ARM.Collect$$rtentry$$00000004) for __rt_entry_sh
    __rtentry2.o(.ARM.Collect$$rtentry$$00000008) refers to boardinit2.o(.text) for _platform_post_stackheap_init
    __rtentry2.o(.ARM.Collect$$rtentry$$0000000A) refers to libinit.o(.ARM.Collect$$libinit$$00000000) for __rt_lib_init
    __rtentry2.o(.ARM.Collect$$rtentry$$0000000B) refers to boardinit3.o(.text) for _platform_post_lib_init
    __rtentry2.o(.ARM.Collect$$rtentry$$0000000D) refers to main.o(.text.main) for main
    __rtentry2.o(.ARM.Collect$$rtentry$$0000000D) refers to exit.o(.text) for exit
    __rtentry2.o(.ARM.exidx) refers to __rtentry2.o(.ARM.Collect$$rtentry$$00000001) for .ARM.Collect$$rtentry$$00000001
    __rtentry2.o(.ARM.exidx) refers to __rtentry2.o(.ARM.Collect$$rtentry$$00000008) for .ARM.Collect$$rtentry$$00000008
    __rtentry2.o(.ARM.exidx) refers to __rtentry2.o(.ARM.Collect$$rtentry$$0000000A) for .ARM.Collect$$rtentry$$0000000A
    __rtentry2.o(.ARM.exidx) refers to __rtentry2.o(.ARM.Collect$$rtentry$$0000000B) for .ARM.Collect$$rtentry$$0000000B
    __rtentry2.o(.ARM.exidx) refers to __rtentry2.o(.ARM.Collect$$rtentry$$0000000D) for .ARM.Collect$$rtentry$$0000000D
    __rtentry4.o(.ARM.Collect$$rtentry$$00000004) refers to sys_stackheap_outer.o(.text) for __user_setup_stackheap
    __rtentry4.o(.ARM.exidx) refers to __rtentry4.o(.ARM.Collect$$rtentry$$00000004) for .ARM.Collect$$rtentry$$00000004
    sys_stackheap_outer.o(.text) refers to libspace.o(.text) for __user_perproc_libspace
    sys_stackheap_outer.o(.text) refers to startup_tm4c123gh6pm.o(.text) for __user_initial_stackheap
    exit.o(.text) refers to rtexit.o(.ARM.Collect$$rtexit$$00000000) for __rt_exit
    libinit.o(.ARM.Collect$$libinit$$00000000) refers (Special) to libinit2.o(.ARM.Collect$$libinit$$00000030) for __rt_lib_init_alloca_1
    libinit.o(.ARM.Collect$$libinit$$00000000) refers (Special) to libinit2.o(.ARM.Collect$$libinit$$0000002E) for __rt_lib_init_argv_1
    libinit.o(.ARM.Collect$$libinit$$00000000) refers (Special) to libinit2.o(.ARM.Collect$$libinit$$0000001D) for __rt_lib_init_atexit_1
    libinit.o(.ARM.Collect$$libinit$$00000000) refers (Special) to libinit2.o(.ARM.Collect$$libinit$$00000023) for __rt_lib_init_clock_1
    libinit.o(.ARM.Collect$$libinit$$00000000) refers (Special) to libinit2.o(.ARM.Collect$$libinit$$00000034) for __rt_lib_init_cpp_1
    libinit.o(.ARM.Collect$$libinit$$00000000) refers (Special) to libinit2.o(.ARM.Collect$$libinit$$00000032) for __rt_lib_init_exceptions_1
    libinit.o(.ARM.Collect$$libinit$$00000000) refers (Special) to libinit2.o(.ARM.Collect$$libinit$$00000002) for __rt_lib_init_fp_1
    libinit.o(.ARM.Collect$$libinit$$00000000) refers (Special) to libinit2.o(.ARM.Collect$$libinit$$00000021) for __rt_lib_init_fp_trap_1
    libinit.o(.ARM.Collect$$libinit$$00000000) refers (Special) to libinit2.o(.ARM.Collect$$libinit$$00000025) for __rt_lib_init_getenv_1
    libinit.o(.ARM.Collect$$libinit$$00000000) refers (Special) to libinit2.o(.ARM.Collect$$libinit$$0000000C) for __rt_lib_init_heap_1
    libinit.o(.ARM.Collect$$libinit$$00000000) refers (Special) to libinit2.o(.ARM.Collect$$libinit$$00000013) for __rt_lib_init_lc_collate_1
    libinit.o(.ARM.Collect$$libinit$$00000000) refers (Special) to libinit2.o(.ARM.Collect$$libinit$$00000015) for __rt_lib_init_lc_ctype_1
    libinit.o(.ARM.Collect$$libinit$$00000000) refers (Special) to libinit2.o(.ARM.Collect$$libinit$$00000017) for __rt_lib_init_lc_monetary_1
    libinit.o(.ARM.Collect$$libinit$$00000000) refers (Special) to libinit2.o(.ARM.Collect$$libinit$$00000019) for __rt_lib_init_lc_numeric_1
    libinit.o(.ARM.Collect$$libinit$$00000000) refers (Special) to libinit2.o(.ARM.Collect$$libinit$$0000001B) for __rt_lib_init_lc_time_1
    libinit.o(.ARM.Collect$$libinit$$00000000) refers (Special) to libinit2.o(.ARM.Collect$$libinit$$00000006) for __rt_lib_init_preinit_1
    libinit.o(.ARM.Collect$$libinit$$00000000) refers (Special) to libinit2.o(.ARM.Collect$$libinit$$00000010) for __rt_lib_init_rand_1
    libinit.o(.ARM.Collect$$libinit$$00000000) refers (Special) to libinit2.o(.ARM.Collect$$libinit$$00000004) for __rt_lib_init_relocate_pie_1
    libinit.o(.ARM.Collect$$libinit$$00000000) refers (Special) to libinit2.o(.ARM.Collect$$libinit$$00000035) for __rt_lib_init_return
    libinit.o(.ARM.Collect$$libinit$$00000000) refers (Special) to libinit2.o(.ARM.Collect$$libinit$$0000001F) for __rt_lib_init_signal_1
    libinit.o(.ARM.Collect$$libinit$$00000000) refers (Special) to libinit2.o(.ARM.Collect$$libinit$$00000027) for __rt_lib_init_stdio_1
    libinit.o(.ARM.Collect$$libinit$$00000000) refers (Special) to libinit2.o(.ARM.Collect$$libinit$$0000000E) for __rt_lib_init_user_alloc_1
    libspace.o(.text) refers to libspace.o(.bss) for __libspace_start
    rtexit.o(.ARM.Collect$$rtexit$$00000000) refers (Special) to rtexit2.o(.ARM.Collect$$rtexit$$00000004) for __rt_exit_exit
    rtexit.o(.ARM.Collect$$rtexit$$00000000) refers (Special) to rtexit2.o(.ARM.Collect$$rtexit$$00000003) for __rt_exit_ls
    rtexit.o(.ARM.Collect$$rtexit$$00000000) refers (Special) to rtexit2.o(.ARM.Collect$$rtexit$$00000002) for __rt_exit_prels_1
    rtexit.o(.ARM.exidx) refers (Special) to rtexit2.o(.ARM.Collect$$rtexit$$00000004) for __rt_exit_exit
    rtexit.o(.ARM.exidx) refers (Special) to rtexit2.o(.ARM.Collect$$rtexit$$00000003) for __rt_exit_ls
    rtexit.o(.ARM.exidx) refers (Special) to rtexit2.o(.ARM.Collect$$rtexit$$00000002) for __rt_exit_prels_1
    rtexit.o(.ARM.exidx) refers to rtexit.o(.ARM.Collect$$rtexit$$00000000) for .ARM.Collect$$rtexit$$00000000
    libinit2.o(.ARM.Collect$$libinit$$00000012) refers to libinit2.o(.ARM.Collect$$libinit$$00000011) for .ARM.Collect$$libinit$$00000011
    libinit2.o(.ARM.Collect$$libinit$$00000014) refers to libinit2.o(.ARM.Collect$$libinit$$00000011) for .ARM.Collect$$libinit$$00000011
    libinit2.o(.ARM.Collect$$libinit$$00000016) refers to libinit2.o(.ARM.Collect$$libinit$$00000011) for .ARM.Collect$$libinit$$00000011
    libinit2.o(.ARM.Collect$$libinit$$00000018) refers to libinit2.o(.ARM.Collect$$libinit$$00000011) for .ARM.Collect$$libinit$$00000011
    libinit2.o(.ARM.Collect$$libinit$$0000001A) refers to libinit2.o(.ARM.Collect$$libinit$$00000011) for .ARM.Collect$$libinit$$00000011
    libinit2.o(.ARM.Collect$$libinit$$00000028) refers to argv_veneer.o(.emb_text) for __ARM_argv_veneer
    libinit2.o(.ARM.Collect$$libinit$$00000029) refers to argv_veneer.o(.emb_text) for __ARM_argv_veneer
    rtexit2.o(.ARM.Collect$$rtexit$$00000003) refers to libshutdown.o(.ARM.Collect$$libshutdown$$00000000) for __rt_lib_shutdown
    rtexit2.o(.ARM.Collect$$rtexit$$00000004) refers to sys_exit.o(.text) for _sys_exit
    rtexit2.o(.ARM.exidx) refers to rtexit2.o(.ARM.Collect$$rtexit$$00000001) for .ARM.Collect$$rtexit$$00000001
    rtexit2.o(.ARM.exidx) refers to rtexit2.o(.ARM.Collect$$rtexit$$00000003) for .ARM.Collect$$rtexit$$00000003
    rtexit2.o(.ARM.exidx) refers to rtexit2.o(.ARM.Collect$$rtexit$$00000004) for .ARM.Collect$$rtexit$$00000004
    argv_veneer.o(.emb_text) refers to no_argv.o(.text) for __ARM_get_argv
    sys_exit.o(.text) refers (Special) to use_no_semi.o(.text) for __I$use$semihosting
    sys_exit.o(.text) refers (Special) to indicate_semi.o(.text) for __semihosting_library_function
    sys_exit_hlt.o(.text) refers (Special) to use_no_semi.o(.text) for __I$use$semihosting
    sys_exit_hlt.o(.text) refers (Special) to indicate_semi.o(.text) for __semihosting_library_function
    _get_argv_nomalloc.o(.text) refers (Special) to hrguard.o(.text) for __heap_region$guard
    _get_argv_nomalloc.o(.text) refers to defsig_rtmem_outer.o(.text) for __rt_SIGRTMEM
    _get_argv_nomalloc.o(.text) refers to sys_command.o(.text) for _sys_command_string
    libshutdown.o(.ARM.Collect$$libshutdown$$00000000) refers (Special) to libshutdown2.o(.ARM.Collect$$libshutdown$$00000002) for __rt_lib_shutdown_cpp_1
    libshutdown.o(.ARM.Collect$$libshutdown$$00000000) refers (Special) to libshutdown2.o(.ARM.Collect$$libshutdown$$00000007) for __rt_lib_shutdown_fp_trap_1
    libshutdown.o(.ARM.Collect$$libshutdown$$00000000) refers (Special) to libshutdown2.o(.ARM.Collect$$libshutdown$$0000000F) for __rt_lib_shutdown_heap_1
    libshutdown.o(.ARM.Collect$$libshutdown$$00000000) refers (Special) to libshutdown2.o(.ARM.Collect$$libshutdown$$00000010) for __rt_lib_shutdown_return
    libshutdown.o(.ARM.Collect$$libshutdown$$00000000) refers (Special) to libshutdown2.o(.ARM.Collect$$libshutdown$$0000000A) for __rt_lib_shutdown_signal_1
    libshutdown.o(.ARM.Collect$$libshutdown$$00000000) refers (Special) to libshutdown2.o(.ARM.Collect$$libshutdown$$00000004) for __rt_lib_shutdown_stdio_1
    libshutdown.o(.ARM.Collect$$libshutdown$$00000000) refers (Special) to libshutdown2.o(.ARM.Collect$$libshutdown$$0000000C) for __rt_lib_shutdown_user_alloc_1
    sys_command.o(.text) refers (Special) to use_no_semi.o(.text) for __I$use$semihosting
    sys_command.o(.text) refers (Special) to indicate_semi.o(.text) for __semihosting_library_function
    sys_command_hlt.o(.text) refers (Special) to use_no_semi.o(.text) for __I$use$semihosting
    sys_command_hlt.o(.text) refers (Special) to indicate_semi.o(.text) for __semihosting_library_function
    defsig_rtmem_outer.o(.text) refers to defsig_rtmem_inner.o(.text) for __rt_SIGRTMEM_inner
    defsig_rtmem_outer.o(.text) refers to defsig_exit.o(.text) for __sig_exit
    defsig_rtmem_formal.o(.text) refers to rt_raise.o(.text) for __rt_raise
    rt_raise.o(.text) refers to __raise.o(.text) for __raise
    rt_raise.o(.text) refers to sys_exit.o(.text) for _sys_exit
    defsig_exit.o(.text) refers to sys_exit.o(.text) for _sys_exit
    defsig_rtmem_inner.o(.text) refers to defsig_general.o(.text) for __default_signal_display
    __raise.o(.text) refers to defsig.o(CL$$defsig) for __default_signal_handler
    defsig_general.o(.text) refers to sys_wrch.o(.text) for _ttywrch
    sys_wrch.o(.text) refers (Special) to use_no_semi.o(.text) for __I$use$semihosting
    sys_wrch.o(.text) refers (Special) to indicate_semi.o(.text) for __semihosting_library_function
    sys_wrch_hlt.o(.text) refers (Special) to use_no_semi.o(.text) for __I$use$semihosting
    sys_wrch_hlt.o(.text) refers (Special) to indicate_semi.o(.text) for __semihosting_library_function
    defsig.o(CL$$defsig) refers to defsig_rtmem_inner.o(.text) for __rt_SIGRTMEM_inner
    defsig_abrt_inner.o(.text) refers to defsig_general.o(.text) for __default_signal_display
    defsig_fpe_inner.o(.text) refers to defsig_general.o(.text) for __default_signal_display
    defsig_rtred_inner.o(.text) refers to defsig_general.o(.text) for __default_signal_display
    defsig_stak_inner.o(.text) refers to defsig_general.o(.text) for __default_signal_display
    defsig_pvfn_inner.o(.text) refers to defsig_general.o(.text) for __default_signal_display
    defsig_cppl_inner.o(.text) refers to defsig_general.o(.text) for __default_signal_display
    defsig_segv_inner.o(.text) refers to defsig_general.o(.text) for __default_signal_display
    defsig_other.o(.text) refers to defsig_general.o(.text) for __default_signal_display


==============================================================================

Removing Unused input sections from the image.

    Removing main.o(.text), (0 bytes).
    Removing main.o(.ARM.exidx.text.Task_LEDHeartbeat), (8 bytes).
    Removing main.o(.ARM.exidx.text.Task_ControlLoop), (8 bytes).
    Removing main.o(.ARM.exidx.text.Task_SensorUpdate), (8 bytes).
    Removing main.o(.ARM.exidx.text.main), (8 bytes).
    Removing main.o(.ARM.use_no_argv), (4 bytes).
    Removing bsp.o(.text), (0 bytes).
    Removing bsp.o(.ARM.exidx.text.SysTick_Handler), (8 bytes).
    Removing bsp.o(.ARM.exidx.text.Clock_init), (8 bytes).
    Removing bsp.o(.ARM.exidx.text.BSP_init), (8 bytes).
    Removing bsp.o(.ARM.exidx.text.BSP_tickCtr), (8 bytes).
    Removing bsp.o(.ARM.exidx.text.BSP_delay), (8 bytes).
    Removing bsp.o(.text.BSP_ledRedOn), (14 bytes).
    Removing bsp.o(.ARM.exidx.text.BSP_ledRedOn), (8 bytes).
    Removing bsp.o(.text.BSP_ledRedOff), (14 bytes).
    Removing bsp.o(.ARM.exidx.text.BSP_ledRedOff), (8 bytes).
    Removing bsp.o(.text.BSP_ledBlueOn), (14 bytes).
    Removing bsp.o(.ARM.exidx.text.BSP_ledBlueOn), (8 bytes).
    Removing bsp.o(.text.BSP_ledBlueOff), (14 bytes).
    Removing bsp.o(.ARM.exidx.text.BSP_ledBlueOff), (8 bytes).
    Removing bsp.o(.ARM.exidx.text.BSP_ledGreenOn), (8 bytes).
    Removing bsp.o(.ARM.exidx.text.BSP_ledGreenOff), (8 bytes).
    Removing bsp.o(.ARM.exidx.text.OS_onStartup), (8 bytes).
    Removing bsp.o(.ARM.exidx.text.SysTick_Config), (8 bytes).
    Removing bsp.o(.ARM.exidx.text.__NVIC_SetPriority), (8 bytes).
    Removing bsp.o(.ARM.exidx.text.Q_onAssert), (8 bytes).
    Removing bsp.o(.ARM.exidx.text.assert_failed), (8 bytes).
    Removing uart.o(.text), (0 bytes).
    Removing uart.o(.ARM.exidx.text.uart_init), (8 bytes).
    Removing uart.o(.ARM.exidx.text.Tiva_UART5_Transmitter_polling), (8 bytes).
    Removing uart.o(.text.Tiva_UART5_Receiver_polling), (46 bytes).
    Removing uart.o(.ARM.exidx.text.Tiva_UART5_Receiver_polling), (8 bytes).
    Removing uart.o(.text.UART5_Transmit_string), (34 bytes).
    Removing uart.o(.ARM.exidx.text.UART5_Transmit_string), (8 bytes).
    Removing logger.o(.text), (0 bytes).
    Removing logger.o(.ARM.exidx.text.logger_start), (8 bytes).
    Removing logger.o(.ARM.exidx.text.Task_Logger), (8 bytes).
    Removing logger.o(.ARM.exidx.text.Logger_log), (8 bytes).
    Removing motor.o(.text), (0 bytes).
    Removing motor.o(.ARM.exidx.text.motor_start), (8 bytes).
    Removing motor.o(.ARM.exidx.text.Task_motor), (8 bytes).
    Removing motor.o(.ARM.exidx.text.motor_init), (8 bytes).
    Removing motor.o(.ARM.exidx.text.pwm_set_duty_cycle), (8 bytes).
    Removing motor.o(.ARM.exidx.text.set_motor_direction), (8 bytes).
    Removing system_tm4c123gh6pm.o(.text), (0 bytes).
    Removing system_tm4c123gh6pm.o(.ARM.exidx.text.SystemCoreClockUpdate), (8 bytes).
    Removing system_tm4c123gh6pm.o(.ARM.exidx.text.getOscClk), (8 bytes).
    Removing system_tm4c123gh6pm.o(.ARM.exidx.text.SystemInit), (8 bytes).
    Removing miros.o(.text), (0 bytes).
    Removing miros.o(.ARM.exidx.text.OS_init), (8 bytes).
    Removing miros.o(.ARM.exidx.text.OS_sched), (8 bytes).
    Removing miros.o(.ARM.exidx.text.OS_run), (8 bytes).
    Removing miros.o(.ARM.exidx.text.OSThread_start), (8 bytes).
    Removing miros.o(.ARM.exidx.text.PendSV_Handler), (8 bytes).

54 unused section(s) (total 460 bytes) removed from the image.

==============================================================================

Image Symbol Table

    Local Symbols

    Symbol Name                              Value     Ov Type        Size  Object(Section)

    ../clib/angel/boardlib.s                 0x00000000   Number         0  boardinit1.o ABSOLUTE
    ../clib/angel/boardlib.s                 0x00000000   Number         0  boardinit2.o ABSOLUTE
    ../clib/angel/boardlib.s                 0x00000000   Number         0  boardinit3.o ABSOLUTE
    ../clib/angel/boardlib.s                 0x00000000   Number         0  boardshut.o ABSOLUTE
    ../clib/angel/handlers.s                 0x00000000   Number         0  __scatter_copy.o ABSOLUTE
    ../clib/angel/handlers.s                 0x00000000   Number         0  __scatter_zi.o ABSOLUTE
    ../clib/angel/kernel.s                   0x00000000   Number         0  __rtentry.o ABSOLUTE
    ../clib/angel/kernel.s                   0x00000000   Number         0  __rtentry2.o ABSOLUTE
    ../clib/angel/kernel.s                   0x00000000   Number         0  __rtentry4.o ABSOLUTE
    ../clib/angel/kernel.s                   0x00000000   Number         0  rtexit.o ABSOLUTE
    ../clib/angel/kernel.s                   0x00000000   Number         0  rtexit2.o ABSOLUTE
    ../clib/angel/rt.s                       0x00000000   Number         0  rt_raise.o ABSOLUTE
    ../clib/angel/scatter.s                  0x00000000   Number         0  __scatter.o ABSOLUTE
    ../clib/angel/startup.s                  0x00000000   Number         0  __main.o ABSOLUTE
    ../clib/angel/sys.s                      0x00000000   Number         0  sys_stackheap_outer.o ABSOLUTE
    ../clib/angel/sys.s                      0x00000000   Number         0  libspace.o ABSOLUTE
    ../clib/angel/sys.s                      0x00000000   Number         0  use_no_semi.o ABSOLUTE
    ../clib/angel/sys.s                      0x00000000   Number         0  indicate_semi.o ABSOLUTE
    ../clib/angel/sysapp.c                   0x00000000   Number         0  sys_exit.o ABSOLUTE
    ../clib/angel/sysapp.c                   0x00000000   Number         0  sys_exit_hlt.o ABSOLUTE
    ../clib/angel/sysapp.c                   0x00000000   Number         0  sys_command.o ABSOLUTE
    ../clib/angel/sysapp.c                   0x00000000   Number         0  sys_command_hlt.o ABSOLUTE
    ../clib/angel/sysapp.c                   0x00000000   Number         0  sys_wrch.o ABSOLUTE
    ../clib/angel/sysapp.c                   0x00000000   Number         0  sys_wrch_hlt.o ABSOLUTE
    ../clib/armsys.c                         0x00000000   Number         0  argv_veneer.o ABSOLUTE
    ../clib/armsys.c                         0x00000000   Number         0  argv_veneer.o ABSOLUTE
    ../clib/armsys.c                         0x00000000   Number         0  _get_argv_nomalloc.o ABSOLUTE
    ../clib/armsys.c                         0x00000000   Number         0  no_argv.o ABSOLUTE
    ../clib/heapalloc.c                      0x00000000   Number         0  hrguard.o ABSOLUTE
    ../clib/heapaux.c                        0x00000000   Number         0  heapauxi.o ABSOLUTE
    ../clib/libinit.s                        0x00000000   Number         0  libinit.o ABSOLUTE
    ../clib/libinit.s                        0x00000000   Number         0  libinit2.o ABSOLUTE
    ../clib/libinit.s                        0x00000000   Number         0  libshutdown.o ABSOLUTE
    ../clib/libinit.s                        0x00000000   Number         0  libshutdown2.o ABSOLUTE
    ../clib/signal.c                         0x00000000   Number         0  defsig_rtmem_outer.o ABSOLUTE
    ../clib/signal.c                         0x00000000   Number         0  defsig_rtmem_formal.o ABSOLUTE
    ../clib/signal.c                         0x00000000   Number         0  defsig_exit.o ABSOLUTE
    ../clib/signal.c                         0x00000000   Number         0  defsig_rtmem_inner.o ABSOLUTE
    ../clib/signal.c                         0x00000000   Number         0  __raise.o ABSOLUTE
    ../clib/signal.c                         0x00000000   Number         0  defsig_general.o ABSOLUTE
    ../clib/signal.c                         0x00000000   Number         0  defsig_abrt_inner.o ABSOLUTE
    ../clib/signal.c                         0x00000000   Number         0  defsig_fpe_inner.o ABSOLUTE
    ../clib/signal.c                         0x00000000   Number         0  defsig_rtred_inner.o ABSOLUTE
    ../clib/signal.c                         0x00000000   Number         0  defsig_stak_inner.o ABSOLUTE
    ../clib/signal.c                         0x00000000   Number         0  defsig_pvfn_inner.o ABSOLUTE
    ../clib/signal.c                         0x00000000   Number         0  defsig_cppl_inner.o ABSOLUTE
    ../clib/signal.c                         0x00000000   Number         0  defsig_segv_inner.o ABSOLUTE
    ../clib/signal.c                         0x00000000   Number         0  defsig_other.o ABSOLUTE
    ../clib/signal.s                         0x00000000   Number         0  defsig.o ABSOLUTE
    ../clib/stdlib.c                         0x00000000   Number         0  exit.o ABSOLUTE
    ../ek-tm4c123gxl/arm/startup_TM4C123GH6PM.s 0x00000000   Number         0  startup_tm4c123gh6pm.o ABSOLUTE
    ../fplib/fpinit.s                        0x00000000   Number         0  fpinit.o ABSOLUTE
    ../fplib/fpinit_empty.s                  0x00000000   Number         0  fpinit_empty.o ABSOLUTE
    bsp.c                                    0x00000000   Number         0  bsp.o ABSOLUTE
    dc.s                                     0x00000000   Number         0  dc.o ABSOLUTE
    logger.c                                 0x00000000   Number         0  logger.o ABSOLUTE
    main.c                                   0x00000000   Number         0  main.o ABSOLUTE
    miros.c                                  0x00000000   Number         0  miros.o ABSOLUTE
    motor.c                                  0x00000000   Number         0  motor.o ABSOLUTE
    system_TM4C123GH6PM.c                    0x00000000   Number         0  system_tm4c123gh6pm.o ABSOLUTE
    uart.c                                   0x00000000   Number         0  uart.o ABSOLUTE
    RESET                                    0x00000000   Section      876  startup_tm4c123gh6pm.o(RESET)
    __relocated_vector_table                 0x00000100   Data           0  startup_tm4c123gh6pm.o(RESET)
    !!!main                                  0x0000036c   Section        8  __main.o(!!!main)
    !!!scatter                               0x00000374   Section       92  __scatter.o(!!!scatter)
    !!handler_copy                           0x000003d0   Section       26  __scatter_copy.o(!!handler_copy)
    !!handler_null                           0x000003ec   Section        2  __scatter.o(!!handler_null)
    !!handler_zi                             0x000003f0   Section       28  __scatter_zi.o(!!handler_zi)
    .ARM.Collect$$libinit$$00000000          0x0000040c   Section        2  libinit.o(.ARM.Collect$$libinit$$00000000)
    .ARM.Collect$$libinit$$00000002          0x0000040e   Section        0  libinit2.o(.ARM.Collect$$libinit$$00000002)
    .ARM.Collect$$libinit$$00000004          0x0000040e   Section        0  libinit2.o(.ARM.Collect$$libinit$$00000004)
    .ARM.Collect$$libinit$$00000006          0x0000040e   Section        0  libinit2.o(.ARM.Collect$$libinit$$00000006)
    .ARM.Collect$$libinit$$0000000C          0x0000040e   Section        0  libinit2.o(.ARM.Collect$$libinit$$0000000C)
    .ARM.Collect$$libinit$$0000000E          0x0000040e   Section        0  libinit2.o(.ARM.Collect$$libinit$$0000000E)
    .ARM.Collect$$libinit$$00000010          0x0000040e   Section        0  libinit2.o(.ARM.Collect$$libinit$$00000010)
    .ARM.Collect$$libinit$$00000013          0x0000040e   Section        0  libinit2.o(.ARM.Collect$$libinit$$00000013)
    .ARM.Collect$$libinit$$00000015          0x0000040e   Section        0  libinit2.o(.ARM.Collect$$libinit$$00000015)
    .ARM.Collect$$libinit$$00000017          0x0000040e   Section        0  libinit2.o(.ARM.Collect$$libinit$$00000017)
    .ARM.Collect$$libinit$$00000019          0x0000040e   Section        0  libinit2.o(.ARM.Collect$$libinit$$00000019)
    .ARM.Collect$$libinit$$0000001B          0x0000040e   Section        0  libinit2.o(.ARM.Collect$$libinit$$0000001B)
    .ARM.Collect$$libinit$$0000001D          0x0000040e   Section        0  libinit2.o(.ARM.Collect$$libinit$$0000001D)
    .ARM.Collect$$libinit$$0000001F          0x0000040e   Section        0  libinit2.o(.ARM.Collect$$libinit$$0000001F)
    .ARM.Collect$$libinit$$00000021          0x0000040e   Section        0  libinit2.o(.ARM.Collect$$libinit$$00000021)
    .ARM.Collect$$libinit$$00000023          0x0000040e   Section        0  libinit2.o(.ARM.Collect$$libinit$$00000023)
    .ARM.Collect$$libinit$$00000025          0x0000040e   Section        0  libinit2.o(.ARM.Collect$$libinit$$00000025)
    .ARM.Collect$$libinit$$00000027          0x0000040e   Section        0  libinit2.o(.ARM.Collect$$libinit$$00000027)
    .ARM.Collect$$libinit$$0000002E          0x0000040e   Section        0  libinit2.o(.ARM.Collect$$libinit$$0000002E)
    .ARM.Collect$$libinit$$00000030          0x0000040e   Section        0  libinit2.o(.ARM.Collect$$libinit$$00000030)
    .ARM.Collect$$libinit$$00000032          0x0000040e   Section        0  libinit2.o(.ARM.Collect$$libinit$$00000032)
    .ARM.Collect$$libinit$$00000034          0x0000040e   Section        0  libinit2.o(.ARM.Collect$$libinit$$00000034)
    .ARM.Collect$$libinit$$00000035          0x0000040e   Section        2  libinit2.o(.ARM.Collect$$libinit$$00000035)
    .ARM.Collect$$libshutdown$$00000000      0x00000410   Section        2  libshutdown.o(.ARM.Collect$$libshutdown$$00000000)
    .ARM.Collect$$libshutdown$$00000002      0x00000412   Section        0  libshutdown2.o(.ARM.Collect$$libshutdown$$00000002)
    .ARM.Collect$$libshutdown$$00000004      0x00000412   Section        0  libshutdown2.o(.ARM.Collect$$libshutdown$$00000004)
    .ARM.Collect$$libshutdown$$00000007      0x00000412   Section        0  libshutdown2.o(.ARM.Collect$$libshutdown$$00000007)
    .ARM.Collect$$libshutdown$$0000000A      0x00000412   Section        0  libshutdown2.o(.ARM.Collect$$libshutdown$$0000000A)
    .ARM.Collect$$libshutdown$$0000000C      0x00000412   Section        0  libshutdown2.o(.ARM.Collect$$libshutdown$$0000000C)
    .ARM.Collect$$libshutdown$$0000000F      0x00000412   Section        0  libshutdown2.o(.ARM.Collect$$libshutdown$$0000000F)
    .ARM.Collect$$libshutdown$$00000010      0x00000412   Section        2  libshutdown2.o(.ARM.Collect$$libshutdown$$00000010)
    .ARM.Collect$$rtentry$$00000000          0x00000414   Section        0  __rtentry.o(.ARM.Collect$$rtentry$$00000000)
    .ARM.Collect$$rtentry$$00000002          0x00000414   Section        0  __rtentry2.o(.ARM.Collect$$rtentry$$00000002)
    .ARM.Collect$$rtentry$$00000004          0x00000414   Section        6  __rtentry4.o(.ARM.Collect$$rtentry$$00000004)
    .ARM.Collect$$rtentry$$00000009          0x0000041a   Section        0  __rtentry2.o(.ARM.Collect$$rtentry$$00000009)
    .ARM.Collect$$rtentry$$0000000A          0x0000041a   Section        4  __rtentry2.o(.ARM.Collect$$rtentry$$0000000A)
    .ARM.Collect$$rtentry$$0000000C          0x0000041e   Section        0  __rtentry2.o(.ARM.Collect$$rtentry$$0000000C)
    .ARM.Collect$$rtentry$$0000000D          0x0000041e   Section        8  __rtentry2.o(.ARM.Collect$$rtentry$$0000000D)
    .ARM.Collect$$rtexit$$00000000           0x00000426   Section        2  rtexit.o(.ARM.Collect$$rtexit$$00000000)
    .ARM.Collect$$rtexit$$00000002           0x00000428   Section        0  rtexit2.o(.ARM.Collect$$rtexit$$00000002)
    .ARM.Collect$$rtexit$$00000003           0x00000428   Section        4  rtexit2.o(.ARM.Collect$$rtexit$$00000003)
    .ARM.Collect$$rtexit$$00000004           0x0000042c   Section        6  rtexit2.o(.ARM.Collect$$rtexit$$00000004)
    .text                                    0x00000434   Section      356  startup_tm4c123gh6pm.o(.text)
    str_EXIT                                 0x00000450   Data           0  startup_tm4c123gh6pm.o(.text)
    str_NMI                                  0x00000462   Data           0  startup_tm4c123gh6pm.o(.text)
    str_HardFault                            0x00000476   Data           0  startup_tm4c123gh6pm.o(.text)
    str_MemManage                            0x0000048e   Data           0  startup_tm4c123gh6pm.o(.text)
    str_BusFault                             0x000004a6   Data           0  startup_tm4c123gh6pm.o(.text)
    str_UsageFault                           0x000004be   Data           0  startup_tm4c123gh6pm.o(.text)
    str_SVC                                  0x000004d6   Data           0  startup_tm4c123gh6pm.o(.text)
    str_DebugMon                             0x000004ea   Data           0  startup_tm4c123gh6pm.o(.text)
    str_PendSV                               0x00000502   Data           0  startup_tm4c123gh6pm.o(.text)
    str_SysTick                              0x00000516   Data           0  startup_tm4c123gh6pm.o(.text)
    Default_Handler                          0x00000521   Thumb Code    24  startup_tm4c123gh6pm.o(.text)
    str_Undefined                            0x0000052e   Data           0  startup_tm4c123gh6pm.o(.text)
    .text                                    0x00000598   Section        0  heapauxi.o(.text)
    .text                                    0x0000059e   Section       74  sys_stackheap_outer.o(.text)
    .text                                    0x000005e8   Section        0  exit.o(.text)
    .text                                    0x000005fc   Section        8  libspace.o(.text)
    .text                                    0x00000604   Section        0  sys_exit.o(.text)
    .text                                    0x00000610   Section        2  use_no_semi.o(.text)
    .text                                    0x00000612   Section        0  indicate_semi.o(.text)
    [Anonymous Symbol]                       0x00000614   Section        0  bsp.o(.text.BSP_delay)
    [Anonymous Symbol]                       0x00000638   Section        0  bsp.o(.text.BSP_init)
    [Anonymous Symbol]                       0x000006a0   Section        0  bsp.o(.text.BSP_ledGreenOff)
    [Anonymous Symbol]                       0x000006b0   Section        0  bsp.o(.text.BSP_ledGreenOn)
    [Anonymous Symbol]                       0x000006c0   Section        0  bsp.o(.text.BSP_tickCtr)
    [Anonymous Symbol]                       0x000006d8   Section        0  bsp.o(.text.Clock_init)
    [Anonymous Symbol]                       0x00000720   Section        0  logger.o(.text.Logger_log)
    [Anonymous Symbol]                       0x00000784   Section        0  miros.o(.text.OSThread_start)
    [Anonymous Symbol]                       0x000008dc   Section        0  miros.o(.text.OS_init)
    [Anonymous Symbol]                       0x000008f0   Section        0  bsp.o(.text.OS_onStartup)
    [Anonymous Symbol]                       0x00000920   Section        0  miros.o(.text.OS_run)
    [Anonymous Symbol]                       0x0000093c   Section        0  miros.o(.text.OS_sched)
    [Anonymous Symbol]                       0x000009b0   Section        0  miros.o(.text.PendSV_Handler)
    PendSV_restore                           0x000009c6   Number         0  miros.o(.text.PendSV_Handler)
    [Anonymous Symbol]                       0x000009e8   Section        0  bsp.o(.text.Q_onAssert)
    SysTick_Config                           0x00000a01   Thumb Code    84  bsp.o(.text.SysTick_Config)
    [Anonymous Symbol]                       0x00000a00   Section        0  bsp.o(.text.SysTick_Config)
    [Anonymous Symbol]                       0x00000a54   Section        0  bsp.o(.text.SysTick_Handler)
    [Anonymous Symbol]                       0x00000a88   Section        0  system_tm4c123gh6pm.o(.text.SystemCoreClockUpdate)
    [Anonymous Symbol]                       0x00000bd0   Section        0  system_tm4c123gh6pm.o(.text.SystemInit)
    [Anonymous Symbol]                       0x00000ccc   Section        0  main.o(.text.Task_ControlLoop)
    [Anonymous Symbol]                       0x00000cd0   Section        0  main.o(.text.Task_LEDHeartbeat)
    [Anonymous Symbol]                       0x00000d04   Section        0  logger.o(.text.Task_Logger)
    [Anonymous Symbol]                       0x00000d50   Section        0  main.o(.text.Task_SensorUpdate)
    [Anonymous Symbol]                       0x00000d88   Section        0  motor.o(.text.Task_motor)
    [Anonymous Symbol]                       0x00000de8   Section        0  uart.o(.text.Tiva_UART5_Transmitter_polling)
    __NVIC_SetPriority                       0x00000e19   Thumb Code    66  bsp.o(.text.__NVIC_SetPriority)
    [Anonymous Symbol]                       0x00000e18   Section        0  bsp.o(.text.__NVIC_SetPriority)
    [Anonymous Symbol]                       0x00000e5c   Section        0  bsp.o(.text.assert_failed)
    getOscClk                                0x00000e6d   Thumb Code   360  system_tm4c123gh6pm.o(.text.getOscClk)
    [Anonymous Symbol]                       0x00000e6c   Section        0  system_tm4c123gh6pm.o(.text.getOscClk)
    [Anonymous Symbol]                       0x00000fd4   Section        0  logger.o(.text.logger_start)
    [Anonymous Symbol]                       0x00000ff8   Section        0  main.o(.text.main)
    [Anonymous Symbol]                       0x00001074   Section        0  motor.o(.text.motor_init)
    [Anonymous Symbol]                       0x0000119c   Section        0  motor.o(.text.motor_start)
    [Anonymous Symbol]                       0x000011c0   Section        0  motor.o(.text.pwm_set_duty_cycle)
    [Anonymous Symbol]                       0x00001214   Section        0  motor.o(.text.set_motor_direction)
    [Anonymous Symbol]                       0x0000125c   Section        0  uart.o(.text.uart_init)
    Q_this_module_                           0x00001316   Data           8  miros.o(.rodata.Q_this_module_)
    [Anonymous Symbol]                       0x00001316   Section        0  miros.o(.rodata.Q_this_module_)
    .L.str.2                                 0x0000131e   Data          29  main.o(.rodata.str1.1)
    [Anonymous Symbol]                       0x0000131e   Section        0  main.o(.rodata.str1.1)
    .L.str.1                                 0x0000133b   Data          12  main.o(.rodata.str1.1)
    .L.str                                   0x00001347   Data          11  main.o(.rodata.str1.1)
    .L.str.1                                 0x00001352   Data          20  motor.o(.rodata.str1.1)
    [Anonymous Symbol]                       0x00001352   Section        0  motor.o(.rodata.str1.1)
    .L.str                                   0x00001366   Data          20  motor.o(.rodata.str1.1)
    .L.str.2                                 0x0000137a   Data          20  motor.o(.rodata.str1.1)
    __stack_base                             0x20000000   Data           0  startup_tm4c123gh6pm.o(STACK)
    STACK                                    0x20000000   Section     2048  startup_tm4c123gh6pm.o(STACK)
    __initial_sp                             0x20000800   Data           0  startup_tm4c123gh6pm.o(STACK)
    __stack_limit                            0x20000800   Data           0  startup_tm4c123gh6pm.o(STACK)
    .bss                                     0x20000808   Section       96  libspace.o(.bss)
    Task_SensorUpdate.counter                0x2000090c   Data           4  main.o(.bss.Task_SensorUpdate.counter)
    [Anonymous Symbol]                       0x2000090c   Section        0  main.o(.bss.Task_SensorUpdate.counter)
    head                                     0x20000910   Data           2  logger.o(.bss.head)
    [Anonymous Symbol]                       0x20000910   Section        0  logger.o(.bss.head)
    l_tickCtr                                0x20000914   Data           4  bsp.o(.bss.l_tickCtr)
    [Anonymous Symbol]                       0x20000914   Section        0  bsp.o(.bss.l_tickCtr)
    logBuffer                                0x20000918   Data         512  logger.o(.bss.logBuffer)
    [Anonymous Symbol]                       0x20000918   Section        0  logger.o(.bss.logBuffer)
    tail                                     0x20000edc   Data           2  logger.o(.bss.tail)
    [Anonymous Symbol]                       0x20000edc   Section        0  logger.o(.bss.tail)
    __heap_base                              0x20000ee0   Data           0  startup_tm4c123gh6pm.o(HEAP)
    HEAP                                     0x20000ee0   Section       16  startup_tm4c123gh6pm.o(HEAP)
    __heap_limit                             0x20000ef0   Data           0  startup_tm4c123gh6pm.o(HEAP)

    Global Symbols

    Symbol Name                              Value     Ov Type        Size  Object(Section)

    BuildAttributes$$THM_ISAv4$E$P$D$K$B$S$7EM$PE$A:L22UL41UL21$X:L11$S22US41US21$IEEE1$IW$~IW$USESV6$~STKCKD$USESV7$~SHL$OSPACE$ROPI$EBA8$UX$STANDARDLIB$REQ8$PRES8$EABIv2 0x00000000   Number         0  anon$$obj.o ABSOLUTE
    __Vectors                                0x00000000   Data           0  startup_tm4c123gh6pm.o(RESET)
    __fp_init_empty                          0x00000000   Number         0  fpinit_empty.o ABSOLUTE
    __ARM_exceptions_init                     - Undefined Weak Reference
    __alloca_initialize                       - Undefined Weak Reference
    __arm_preinit_                            - Undefined Weak Reference
    __arm_relocate_pie_                       - Undefined Weak Reference
    __cpp_initialize__aeabi_                  - Undefined Weak Reference
    __cxa_finalize                            - Undefined Weak Reference
    __rt_locale                               - Undefined Weak Reference
    __sigvec_lookup                           - Undefined Weak Reference
    _atexit_init                              - Undefined Weak Reference
    _call_atexit_fns                          - Undefined Weak Reference
    _clock_init                               - Undefined Weak Reference
    _fp_trap_init                             - Undefined Weak Reference
    _fp_trap_shutdown                         - Undefined Weak Reference
    _get_lc_collate                           - Undefined Weak Reference
    _get_lc_ctype                             - Undefined Weak Reference
    _get_lc_monetary                          - Undefined Weak Reference
    _get_lc_numeric                           - Undefined Weak Reference
    _get_lc_time                              - Undefined Weak Reference
    _getenv_init                              - Undefined Weak Reference
    _handle_redirection                       - Undefined Weak Reference
    _init_alloc                               - Undefined Weak Reference
    _init_user_alloc                          - Undefined Weak Reference
    _initio                                   - Undefined Weak Reference
    _rand_init                                - Undefined Weak Reference
    _signal_finish                            - Undefined Weak Reference
    _signal_init                              - Undefined Weak Reference
    _terminate_alloc                          - Undefined Weak Reference
    _terminate_user_alloc                     - Undefined Weak Reference
    _terminateio                              - Undefined Weak Reference
    __Vectors_End                            0x0000036c   Data           0  startup_tm4c123gh6pm.o(RESET)
    __Vectors_Size                           0x0000036c   Number         0  startup_tm4c123gh6pm.o ABSOLUTE
    __main                                   0x0000036d   Thumb Code     8  __main.o(!!!main)
    __scatterload                            0x00000375   Thumb Code     0  __scatter.o(!!!scatter)
    __scatterload_rt2                        0x00000375   Thumb Code    84  __scatter.o(!!!scatter)
    __scatterload_rt2_thumb_only             0x00000375   Thumb Code     0  __scatter.o(!!!scatter)
    __scatterload_loop                       0x0000037f   Thumb Code     0  __scatter.o(!!!scatter)
    __scatterload_copy                       0x000003d1   Thumb Code    26  __scatter_copy.o(!!handler_copy)
    __scatterload_null                       0x000003ed   Thumb Code     2  __scatter.o(!!handler_null)
    __scatterload_zeroinit                   0x000003f1   Thumb Code    28  __scatter_zi.o(!!handler_zi)
    __rt_lib_init                            0x0000040d   Thumb Code     0  libinit.o(.ARM.Collect$$libinit$$00000000)
    __rt_lib_init_alloca_1                   0x0000040f   Thumb Code     0  libinit2.o(.ARM.Collect$$libinit$$00000030)
    __rt_lib_init_argv_1                     0x0000040f   Thumb Code     0  libinit2.o(.ARM.Collect$$libinit$$0000002E)
    __rt_lib_init_atexit_1                   0x0000040f   Thumb Code     0  libinit2.o(.ARM.Collect$$libinit$$0000001D)
    __rt_lib_init_clock_1                    0x0000040f   Thumb Code     0  libinit2.o(.ARM.Collect$$libinit$$00000023)
    __rt_lib_init_cpp_1                      0x0000040f   Thumb Code     0  libinit2.o(.ARM.Collect$$libinit$$00000034)
    __rt_lib_init_exceptions_1               0x0000040f   Thumb Code     0  libinit2.o(.ARM.Collect$$libinit$$00000032)
    __rt_lib_init_fp_1                       0x0000040f   Thumb Code     0  libinit2.o(.ARM.Collect$$libinit$$00000002)
    __rt_lib_init_fp_trap_1                  0x0000040f   Thumb Code     0  libinit2.o(.ARM.Collect$$libinit$$00000021)
    __rt_lib_init_getenv_1                   0x0000040f   Thumb Code     0  libinit2.o(.ARM.Collect$$libinit$$00000025)
    __rt_lib_init_heap_1                     0x0000040f   Thumb Code     0  libinit2.o(.ARM.Collect$$libinit$$0000000C)
    __rt_lib_init_lc_collate_1               0x0000040f   Thumb Code     0  libinit2.o(.ARM.Collect$$libinit$$00000013)
    __rt_lib_init_lc_ctype_1                 0x0000040f   Thumb Code     0  libinit2.o(.ARM.Collect$$libinit$$00000015)
    __rt_lib_init_lc_monetary_1              0x0000040f   Thumb Code     0  libinit2.o(.ARM.Collect$$libinit$$00000017)
    __rt_lib_init_lc_numeric_1               0x0000040f   Thumb Code     0  libinit2.o(.ARM.Collect$$libinit$$00000019)
    __rt_lib_init_lc_time_1                  0x0000040f   Thumb Code     0  libinit2.o(.ARM.Collect$$libinit$$0000001B)
    __rt_lib_init_preinit_1                  0x0000040f   Thumb Code     0  libinit2.o(.ARM.Collect$$libinit$$00000006)
    __rt_lib_init_rand_1                     0x0000040f   Thumb Code     0  libinit2.o(.ARM.Collect$$libinit$$00000010)
    __rt_lib_init_relocate_pie_1             0x0000040f   Thumb Code     0  libinit2.o(.ARM.Collect$$libinit$$00000004)
    __rt_lib_init_return                     0x0000040f   Thumb Code     0  libinit2.o(.ARM.Collect$$libinit$$00000035)
    __rt_lib_init_signal_1                   0x0000040f   Thumb Code     0  libinit2.o(.ARM.Collect$$libinit$$0000001F)
    __rt_lib_init_stdio_1                    0x0000040f   Thumb Code     0  libinit2.o(.ARM.Collect$$libinit$$00000027)
    __rt_lib_init_user_alloc_1               0x0000040f   Thumb Code     0  libinit2.o(.ARM.Collect$$libinit$$0000000E)
    __rt_lib_shutdown                        0x00000411   Thumb Code     0  libshutdown.o(.ARM.Collect$$libshutdown$$00000000)
    __rt_lib_shutdown_cpp_1                  0x00000413   Thumb Code     0  libshutdown2.o(.ARM.Collect$$libshutdown$$00000002)
    __rt_lib_shutdown_fp_trap_1              0x00000413   Thumb Code     0  libshutdown2.o(.ARM.Collect$$libshutdown$$00000007)
    __rt_lib_shutdown_heap_1                 0x00000413   Thumb Code     0  libshutdown2.o(.ARM.Collect$$libshutdown$$0000000F)
    __rt_lib_shutdown_return                 0x00000413   Thumb Code     0  libshutdown2.o(.ARM.Collect$$libshutdown$$00000010)
    __rt_lib_shutdown_signal_1               0x00000413   Thumb Code     0  libshutdown2.o(.ARM.Collect$$libshutdown$$0000000A)
    __rt_lib_shutdown_stdio_1                0x00000413   Thumb Code     0  libshutdown2.o(.ARM.Collect$$libshutdown$$00000004)
    __rt_lib_shutdown_user_alloc_1           0x00000413   Thumb Code     0  libshutdown2.o(.ARM.Collect$$libshutdown$$0000000C)
    __rt_entry                               0x00000415   Thumb Code     0  __rtentry.o(.ARM.Collect$$rtentry$$00000000)
    __rt_entry_presh_1                       0x00000415   Thumb Code     0  __rtentry2.o(.ARM.Collect$$rtentry$$00000002)
    __rt_entry_sh                            0x00000415   Thumb Code     0  __rtentry4.o(.ARM.Collect$$rtentry$$00000004)
    __rt_entry_li                            0x0000041b   Thumb Code     0  __rtentry2.o(.ARM.Collect$$rtentry$$0000000A)
    __rt_entry_postsh_1                      0x0000041b   Thumb Code     0  __rtentry2.o(.ARM.Collect$$rtentry$$00000009)
    __rt_entry_main                          0x0000041f   Thumb Code     0  __rtentry2.o(.ARM.Collect$$rtentry$$0000000D)
    __rt_entry_postli_1                      0x0000041f   Thumb Code     0  __rtentry2.o(.ARM.Collect$$rtentry$$0000000C)
    __rt_exit                                0x00000427   Thumb Code     0  rtexit.o(.ARM.Collect$$rtexit$$00000000)
    __rt_exit_ls                             0x00000429   Thumb Code     0  rtexit2.o(.ARM.Collect$$rtexit$$00000003)
    __rt_exit_prels_1                        0x00000429   Thumb Code     0  rtexit2.o(.ARM.Collect$$rtexit$$00000002)
    __rt_exit_exit                           0x0000042d   Thumb Code     0  rtexit2.o(.ARM.Collect$$rtexit$$00000004)
    Reset_Handler                            0x00000435   Thumb Code    32  startup_tm4c123gh6pm.o(.text)
    NMI_Handler                              0x00000455   Thumb Code    20  startup_tm4c123gh6pm.o(.text)
    HardFault_Handler                        0x00000469   Thumb Code    24  startup_tm4c123gh6pm.o(.text)
    MemManage_Handler                        0x00000481   Thumb Code    24  startup_tm4c123gh6pm.o(.text)
    BusFault_Handler                         0x00000499   Thumb Code    24  startup_tm4c123gh6pm.o(.text)
    UsageFault_Handler                       0x000004b1   Thumb Code    24  startup_tm4c123gh6pm.o(.text)
    SVC_Handler                              0x000004c9   Thumb Code    20  startup_tm4c123gh6pm.o(.text)
    DebugMon_Handler                         0x000004dd   Thumb Code    24  startup_tm4c123gh6pm.o(.text)
    ADC1Seq0_IRQHandler                      0x00000521   Thumb Code     0  startup_tm4c123gh6pm.o(.text)
    ADC1Seq1_IRQHandler                      0x00000521   Thumb Code     0  startup_tm4c123gh6pm.o(.text)
    ADC1Seq2_IRQHandler                      0x00000521   Thumb Code     0  startup_tm4c123gh6pm.o(.text)
    ADC1Seq3_IRQHandler                      0x00000521   Thumb Code     0  startup_tm4c123gh6pm.o(.text)
    ADCSeq0_IRQHandler                       0x00000521   Thumb Code     0  startup_tm4c123gh6pm.o(.text)
    ADCSeq1_IRQHandler                       0x00000521   Thumb Code     0  startup_tm4c123gh6pm.o(.text)
    ADCSeq2_IRQHandler                       0x00000521   Thumb Code     0  startup_tm4c123gh6pm.o(.text)
    ADCSeq3_IRQHandler                       0x00000521   Thumb Code     0  startup_tm4c123gh6pm.o(.text)
    CAN0_IRQHandler                          0x00000521   Thumb Code     0  startup_tm4c123gh6pm.o(.text)
    CAN1_IRQHandler                          0x00000521   Thumb Code     0  startup_tm4c123gh6pm.o(.text)
    CAN2_IRQHandler                          0x00000521   Thumb Code     0  startup_tm4c123gh6pm.o(.text)
    Comp0_IRQHandler                         0x00000521   Thumb Code     0  startup_tm4c123gh6pm.o(.text)
    Comp1_IRQHandler                         0x00000521   Thumb Code     0  startup_tm4c123gh6pm.o(.text)
    Comp2_IRQHandler                         0x00000521   Thumb Code     0  startup_tm4c123gh6pm.o(.text)
    FPU_IRQHandler                           0x00000521   Thumb Code     0  startup_tm4c123gh6pm.o(.text)
    FlashCtrl_IRQHandler                     0x00000521   Thumb Code     0  startup_tm4c123gh6pm.o(.text)
    GPIOPortA_IRQHandler                     0x00000521   Thumb Code     0  startup_tm4c123gh6pm.o(.text)
    GPIOPortB_IRQHandler                     0x00000521   Thumb Code     0  startup_tm4c123gh6pm.o(.text)
    GPIOPortC_IRQHandler                     0x00000521   Thumb Code     0  startup_tm4c123gh6pm.o(.text)
    GPIOPortD_IRQHandler                     0x00000521   Thumb Code     0  startup_tm4c123gh6pm.o(.text)
    GPIOPortE_IRQHandler                     0x00000521   Thumb Code     0  startup_tm4c123gh6pm.o(.text)
    GPIOPortF_IRQHandler                     0x00000521   Thumb Code     0  startup_tm4c123gh6pm.o(.text)
    GPIOPortG_IRQHandler                     0x00000521   Thumb Code     0  startup_tm4c123gh6pm.o(.text)
    GPIOPortH_IRQHandler                     0x00000521   Thumb Code     0  startup_tm4c123gh6pm.o(.text)
    GPIOPortJ_IRQHandler                     0x00000521   Thumb Code     0  startup_tm4c123gh6pm.o(.text)
    GPIOPortK_IRQHandler                     0x00000521   Thumb Code     0  startup_tm4c123gh6pm.o(.text)
    GPIOPortL_IRQHandler                     0x00000521   Thumb Code     0  startup_tm4c123gh6pm.o(.text)
    GPIOPortM_IRQHandler                     0x00000521   Thumb Code     0  startup_tm4c123gh6pm.o(.text)
    GPIOPortN_IRQHandler                     0x00000521   Thumb Code     0  startup_tm4c123gh6pm.o(.text)
    GPIOPortP0_IRQHandler                    0x00000521   Thumb Code     0  startup_tm4c123gh6pm.o(.text)
    GPIOPortP1_IRQHandler                    0x00000521   Thumb Code     0  startup_tm4c123gh6pm.o(.text)
    GPIOPortP2_IRQHandler                    0x00000521   Thumb Code     0  startup_tm4c123gh6pm.o(.text)
    GPIOPortP3_IRQHandler                    0x00000521   Thumb Code     0  startup_tm4c123gh6pm.o(.text)
    GPIOPortP4_IRQHandler                    0x00000521   Thumb Code     0  startup_tm4c123gh6pm.o(.text)
    GPIOPortP5_IRQHandler                    0x00000521   Thumb Code     0  startup_tm4c123gh6pm.o(.text)
    GPIOPortP6_IRQHandler                    0x00000521   Thumb Code     0  startup_tm4c123gh6pm.o(.text)
    GPIOPortP7_IRQHandler                    0x00000521   Thumb Code     0  startup_tm4c123gh6pm.o(.text)
    GPIOPortQ0_IRQHandler                    0x00000521   Thumb Code     0  startup_tm4c123gh6pm.o(.text)
    GPIOPortQ1_IRQHandler                    0x00000521   Thumb Code     0  startup_tm4c123gh6pm.o(.text)
    GPIOPortQ2_IRQHandler                    0x00000521   Thumb Code     0  startup_tm4c123gh6pm.o(.text)
    GPIOPortQ3_IRQHandler                    0x00000521   Thumb Code     0  startup_tm4c123gh6pm.o(.text)
    GPIOPortQ4_IRQHandler                    0x00000521   Thumb Code     0  startup_tm4c123gh6pm.o(.text)
    GPIOPortQ5_IRQHandler                    0x00000521   Thumb Code     0  startup_tm4c123gh6pm.o(.text)
    GPIOPortQ6_IRQHandler                    0x00000521   Thumb Code     0  startup_tm4c123gh6pm.o(.text)
    GPIOPortQ7_IRQHandler                    0x00000521   Thumb Code     0  startup_tm4c123gh6pm.o(.text)
    GPIOPortR_IRQHandler                     0x00000521   Thumb Code     0  startup_tm4c123gh6pm.o(.text)
    GPIOPortS_IRQHandler                     0x00000521   Thumb Code     0  startup_tm4c123gh6pm.o(.text)
    Hibernate_IRQHandler                     0x00000521   Thumb Code     0  startup_tm4c123gh6pm.o(.text)
    I2C0_IRQHandler                          0x00000521   Thumb Code     0  startup_tm4c123gh6pm.o(.text)
    I2C1_IRQHandler                          0x00000521   Thumb Code     0  startup_tm4c123gh6pm.o(.text)
    I2C2_IRQHandler                          0x00000521   Thumb Code     0  startup_tm4c123gh6pm.o(.text)
    I2C3_IRQHandler                          0x00000521   Thumb Code     0  startup_tm4c123gh6pm.o(.text)
    I2C4_IRQHandler                          0x00000521   Thumb Code     0  startup_tm4c123gh6pm.o(.text)
    I2C5_IRQHandler                          0x00000521   Thumb Code     0  startup_tm4c123gh6pm.o(.text)
    PWM1Fault_IRQHandler                     0x00000521   Thumb Code     0  startup_tm4c123gh6pm.o(.text)
    PWM1Gen0_IRQHandler                      0x00000521   Thumb Code     0  startup_tm4c123gh6pm.o(.text)
    PWM1Gen1_IRQHandler                      0x00000521   Thumb Code     0  startup_tm4c123gh6pm.o(.text)
    PWM1Gen2_IRQHandler                      0x00000521   Thumb Code     0  startup_tm4c123gh6pm.o(.text)
    PWM1Gen3_IRQHandler                      0x00000521   Thumb Code     0  startup_tm4c123gh6pm.o(.text)
    PWMFault_IRQHandler                      0x00000521   Thumb Code     0  startup_tm4c123gh6pm.o(.text)
    PWMGen0_IRQHandler                       0x00000521   Thumb Code     0  startup_tm4c123gh6pm.o(.text)
    PWMGen1_IRQHandler                       0x00000521   Thumb Code     0  startup_tm4c123gh6pm.o(.text)
    PWMGen2_IRQHandler                       0x00000521   Thumb Code     0  startup_tm4c123gh6pm.o(.text)
    PWMGen3_IRQHandler                       0x00000521   Thumb Code     0  startup_tm4c123gh6pm.o(.text)
    QEI0_IRQHandler                          0x00000521   Thumb Code     0  startup_tm4c123gh6pm.o(.text)
    QEI1_IRQHandler                          0x00000521   Thumb Code     0  startup_tm4c123gh6pm.o(.text)
    QEI2_IRQHandler                          0x00000521   Thumb Code     0  startup_tm4c123gh6pm.o(.text)
    SSI0_IRQHandler                          0x00000521   Thumb Code     0  startup_tm4c123gh6pm.o(.text)
    SSI1_IRQHandler                          0x00000521   Thumb Code     0  startup_tm4c123gh6pm.o(.text)
    SSI2_IRQHandler                          0x00000521   Thumb Code     0  startup_tm4c123gh6pm.o(.text)
    SSI3_IRQHandler                          0x00000521   Thumb Code     0  startup_tm4c123gh6pm.o(.text)
    SysCtrl_IRQHandler                       0x00000521   Thumb Code     0  startup_tm4c123gh6pm.o(.text)
    Timer0A_IRQHandler                       0x00000521   Thumb Code     0  startup_tm4c123gh6pm.o(.text)
    Timer0B_IRQHandler                       0x00000521   Thumb Code     0  startup_tm4c123gh6pm.o(.text)
    Timer1A_IRQHandler                       0x00000521   Thumb Code     0  startup_tm4c123gh6pm.o(.text)
    Timer1B_IRQHandler                       0x00000521   Thumb Code     0  startup_tm4c123gh6pm.o(.text)
    Timer2A_IRQHandler                       0x00000521   Thumb Code     0  startup_tm4c123gh6pm.o(.text)
    Timer2B_IRQHandler                       0x00000521   Thumb Code     0  startup_tm4c123gh6pm.o(.text)
    Timer3A_IRQHandler                       0x00000521   Thumb Code     0  startup_tm4c123gh6pm.o(.text)
    Timer3B_IRQHandler                       0x00000521   Thumb Code     0  startup_tm4c123gh6pm.o(.text)
    Timer4A_IRQHandler                       0x00000521   Thumb Code     0  startup_tm4c123gh6pm.o(.text)
    Timer4B_IRQHandler                       0x00000521   Thumb Code     0  startup_tm4c123gh6pm.o(.text)
    Timer5A_IRQHandler                       0x00000521   Thumb Code     0  startup_tm4c123gh6pm.o(.text)
    Timer5B_IRQHandler                       0x00000521   Thumb Code     0  startup_tm4c123gh6pm.o(.text)
    UART0_IRQHandler                         0x00000521   Thumb Code     0  startup_tm4c123gh6pm.o(.text)
    UART1_IRQHandler                         0x00000521   Thumb Code     0  startup_tm4c123gh6pm.o(.text)
    UART2_IRQHandler                         0x00000521   Thumb Code     0  startup_tm4c123gh6pm.o(.text)
    UART3_IRQHandler                         0x00000521   Thumb Code     0  startup_tm4c123gh6pm.o(.text)
    UART4_IRQHandler                         0x00000521   Thumb Code     0  startup_tm4c123gh6pm.o(.text)
    UART5_IRQHandler                         0x00000521   Thumb Code     0  startup_tm4c123gh6pm.o(.text)
    UART6_IRQHandler                         0x00000521   Thumb Code     0  startup_tm4c123gh6pm.o(.text)
    UART7_IRQHandler                         0x00000521   Thumb Code     0  startup_tm4c123gh6pm.o(.text)
    USB0_IRQHandler                          0x00000521   Thumb Code     0  startup_tm4c123gh6pm.o(.text)
    Watchdog_IRQHandler                      0x00000521   Thumb Code     0  startup_tm4c123gh6pm.o(.text)
    WideTimer0A_IRQHandler                   0x00000521   Thumb Code     0  startup_tm4c123gh6pm.o(.text)
    WideTimer0B_IRQHandler                   0x00000521   Thumb Code     0  startup_tm4c123gh6pm.o(.text)
    WideTimer1A_IRQHandler                   0x00000521   Thumb Code     0  startup_tm4c123gh6pm.o(.text)
    WideTimer1B_IRQHandler                   0x00000521   Thumb Code     0  startup_tm4c123gh6pm.o(.text)
    WideTimer2A_IRQHandler                   0x00000521   Thumb Code     0  startup_tm4c123gh6pm.o(.text)
    WideTimer2B_IRQHandler                   0x00000521   Thumb Code     0  startup_tm4c123gh6pm.o(.text)
    WideTimer3A_IRQHandler                   0x00000521   Thumb Code     0  startup_tm4c123gh6pm.o(.text)
    WideTimer3B_IRQHandler                   0x00000521   Thumb Code     0  startup_tm4c123gh6pm.o(.text)
    WideTimer4A_IRQHandler                   0x00000521   Thumb Code     0  startup_tm4c123gh6pm.o(.text)
    WideTimer4B_IRQHandler                   0x00000521   Thumb Code     0  startup_tm4c123gh6pm.o(.text)
    WideTimer5A_IRQHandler                   0x00000521   Thumb Code     0  startup_tm4c123gh6pm.o(.text)
    WideTimer5B_IRQHandler                   0x00000521   Thumb Code     0  startup_tm4c123gh6pm.o(.text)
    uDMAError_IRQHandler                     0x00000521   Thumb Code     0  startup_tm4c123gh6pm.o(.text)
    uDMAST_IRQHandler                        0x00000521   Thumb Code     0  startup_tm4c123gh6pm.o(.text)
    __user_initial_stackheap                 0x00000539   Thumb Code    10  startup_tm4c123gh6pm.o(.text)
    __use_two_region_memory                  0x00000599   Thumb Code     2  heapauxi.o(.text)
    __rt_heap_escrow$2region                 0x0000059b   Thumb Code     2  heapauxi.o(.text)
    __rt_heap_expand$2region                 0x0000059d   Thumb Code     2  heapauxi.o(.text)
    __user_setup_stackheap                   0x0000059f   Thumb Code    74  sys_stackheap_outer.o(.text)
    exit                                     0x000005e9   Thumb Code    18  exit.o(.text)
    __user_libspace                          0x000005fd   Thumb Code     8  libspace.o(.text)
    __user_perproc_libspace                  0x000005fd   Thumb Code     0  libspace.o(.text)
    __user_perthread_libspace                0x000005fd   Thumb Code     0  libspace.o(.text)
    _sys_exit                                0x00000605   Thumb Code     8  sys_exit.o(.text)
    __I$use$semihosting                      0x00000611   Thumb Code     0  use_no_semi.o(.text)
    __use_no_semihosting_swi                 0x00000611   Thumb Code     2  use_no_semi.o(.text)
    __semihosting_library_function           0x00000613   Thumb Code     0  indicate_semi.o(.text)
    BSP_delay                                0x00000615   Thumb Code    36  bsp.o(.text.BSP_delay)
    BSP_init                                 0x00000639   Thumb Code   104  bsp.o(.text.BSP_init)
    BSP_ledGreenOff                          0x000006a1   Thumb Code    14  bsp.o(.text.BSP_ledGreenOff)
    BSP_ledGreenOn                           0x000006b1   Thumb Code    14  bsp.o(.text.BSP_ledGreenOn)
    BSP_tickCtr                              0x000006c1   Thumb Code    24  bsp.o(.text.BSP_tickCtr)
    Clock_init                               0x000006d9   Thumb Code    70  bsp.o(.text.Clock_init)
    Logger_log                               0x00000721   Thumb Code    98  logger.o(.text.Logger_log)
    OSThread_start                           0x00000785   Thumb Code   342  miros.o(.text.OSThread_start)
    OS_init                                  0x000008dd   Thumb Code    18  miros.o(.text.OS_init)
    OS_onStartup                             0x000008f1   Thumb Code    46  bsp.o(.text.OS_onStartup)
    OS_run                                   0x00000921   Thumb Code    28  miros.o(.text.OS_run)
    OS_sched                                 0x0000093d   Thumb Code   114  miros.o(.text.OS_sched)
    PendSV_Handler                           0x000009b1   Thumb Code    46  miros.o(.text.PendSV_Handler)
    Q_onAssert                               0x000009e9   Thumb Code    22  bsp.o(.text.Q_onAssert)
    SysTick_Handler                          0x00000a55   Thumb Code    50  bsp.o(.text.SysTick_Handler)
    SystemCoreClockUpdate                    0x00000a89   Thumb Code   326  system_tm4c123gh6pm.o(.text.SystemCoreClockUpdate)
    SystemInit                               0x00000bd1   Thumb Code   252  system_tm4c123gh6pm.o(.text.SystemInit)
    Task_ControlLoop                         0x00000ccd   Thumb Code     4  main.o(.text.Task_ControlLoop)
    Task_LEDHeartbeat                        0x00000cd1   Thumb Code    52  main.o(.text.Task_LEDHeartbeat)
    Task_Logger                              0x00000d05   Thumb Code    74  logger.o(.text.Task_Logger)
    Task_SensorUpdate                        0x00000d51   Thumb Code    56  main.o(.text.Task_SensorUpdate)
    Task_motor                               0x00000d89   Thumb Code    96  motor.o(.text.Task_motor)
    Tiva_UART5_Transmitter_polling           0x00000de9   Thumb Code    46  uart.o(.text.Tiva_UART5_Transmitter_polling)
    assert_failed                            0x00000e5d   Thumb Code    14  bsp.o(.text.assert_failed)
    logger_start                             0x00000fd5   Thumb Code    36  logger.o(.text.logger_start)
    main                                     0x00000ff9   Thumb Code   122  main.o(.text.main)
    motor_init                               0x00001075   Thumb Code   296  motor.o(.text.motor_init)
    motor_start                              0x0000119d   Thumb Code    34  motor.o(.text.motor_start)
    pwm_set_duty_cycle                       0x000011c1   Thumb Code    82  motor.o(.text.pwm_set_duty_cycle)
    set_motor_direction                      0x00001215   Thumb Code    70  motor.o(.text.set_motor_direction)
    uart_init                                0x0000125d   Thumb Code   186  uart.o(.text.uart_init)
    Region$$Table$$Base                      0x00001390   Number         0  anon$$obj.o(Region$$Table)
    Region$$Table$$Limit                     0x000013c0   Number         0  anon$$obj.o(Region$$Table)
    SystemCoreClock                          0x20000800   Data           4  system_tm4c123gh6pm.o(.data.SystemCoreClock)
    __libspace_start                         0x20000808   Data          96  libspace.o(.bss)
    ControlLoop                              0x20000868   Data           4  main.o(.bss.ControlLoop)
    __temporary_stack_top$libspace           0x20000868   Data           0  libspace.o(.bss)
    LEDHeartbeat                             0x2000086c   Data           4  main.o(.bss.LEDHeartbeat)
    LoggerThread                             0x20000870   Data           4  logger.o(.bss.LoggerThread)
    OS_curr                                  0x20000874   Data           4  miros.o(.bss.OS_curr)
    OS_currIdx                               0x20000878   Data           1  miros.o(.bss.OS_currIdx)
    OS_next                                  0x2000087c   Data           4  miros.o(.bss.OS_next)
    OS_thread                                0x20000880   Data         132  miros.o(.bss.OS_thread)
    OS_threadNum                             0x20000904   Data           1  miros.o(.bss.OS_threadNum)
    SensorUpdate                             0x20000908   Data           4  main.o(.bss.SensorUpdate)
    motorThread                              0x20000b18   Data           4  motor.o(.bss.motorThread)
    stack_ControlLoop                        0x20000b1c   Data         160  main.o(.bss.stack_ControlLoop)
    stack_LEDHeartbeat                       0x20000bbc   Data         160  main.o(.bss.stack_LEDHeartbeat)
    stack_Logger                             0x20000c5c   Data         320  logger.o(.bss.stack_Logger)
    stack_SensorUpdate                       0x20000d9c   Data         160  main.o(.bss.stack_SensorUpdate)
    stack_motor                              0x20000e3c   Data         160  motor.o(.bss.stack_motor)



==============================================================================

Memory Map of the image

  Image Entry point : 0x0000036d

  Load Region LR_IROM1 (Base: 0x00000000, Size: 0x000013c8, Max: 0x00040000, ABSOLUTE)

    Execution Region ER_IROM1 (Exec base: 0x00000000, Load base: 0x00000000, Size: 0x000013c0, Max: 0x00040000, ABSOLUTE)

    Exec Addr    Load Addr    Size         Type   Attr      Idx    E Section Name        Object

    0x00000000   0x00000000   0x0000036c   Data   RO          120    RESET               startup_tm4c123gh6pm.o
    0x0000036c   0x0000036c   0x00000008   Code   RO          168  * !!!main             c_w.l(__main.o)
    0x00000374   0x00000374   0x0000005c   Code   RO          333    !!!scatter          c_w.l(__scatter.o)
    0x000003d0   0x000003d0   0x0000001a   Code   RO          337    !!handler_copy      c_w.l(__scatter_copy.o)
    0x000003ea   0x000003ea   0x00000002   PAD
    0x000003ec   0x000003ec   0x00000002   Code   RO          334    !!handler_null      c_w.l(__scatter.o)
    0x000003ee   0x000003ee   0x00000002   PAD
    0x000003f0   0x000003f0   0x0000001c   Code   RO          339    !!handler_zi        c_w.l(__scatter_zi.o)
    0x0000040c   0x0000040c   0x00000002   Code   RO          195    .ARM.Collect$$libinit$$00000000  c_w.l(libinit.o)
    0x0000040e   0x0000040e   0x00000000   Code   RO          202    .ARM.Collect$$libinit$$00000002  c_w.l(libinit2.o)
    0x0000040e   0x0000040e   0x00000000   Code   RO          204    .ARM.Collect$$libinit$$00000004  c_w.l(libinit2.o)
    0x0000040e   0x0000040e   0x00000000   Code   RO          206    .ARM.Collect$$libinit$$00000006  c_w.l(libinit2.o)
    0x0000040e   0x0000040e   0x00000000   Code   RO          209    .ARM.Collect$$libinit$$0000000C  c_w.l(libinit2.o)
    0x0000040e   0x0000040e   0x00000000   Code   RO          211    .ARM.Collect$$libinit$$0000000E  c_w.l(libinit2.o)
    0x0000040e   0x0000040e   0x00000000   Code   RO          213    .ARM.Collect$$libinit$$00000010  c_w.l(libinit2.o)
    0x0000040e   0x0000040e   0x00000000   Code   RO          216    .ARM.Collect$$libinit$$00000013  c_w.l(libinit2.o)
    0x0000040e   0x0000040e   0x00000000   Code   RO          218    .ARM.Collect$$libinit$$00000015  c_w.l(libinit2.o)
    0x0000040e   0x0000040e   0x00000000   Code   RO          220    .ARM.Collect$$libinit$$00000017  c_w.l(libinit2.o)
    0x0000040e   0x0000040e   0x00000000   Code   RO          222    .ARM.Collect$$libinit$$00000019  c_w.l(libinit2.o)
    0x0000040e   0x0000040e   0x00000000   Code   RO          224    .ARM.Collect$$libinit$$0000001B  c_w.l(libinit2.o)
    0x0000040e   0x0000040e   0x00000000   Code   RO          226    .ARM.Collect$$libinit$$0000001D  c_w.l(libinit2.o)
    0x0000040e   0x0000040e   0x00000000   Code   RO          228    .ARM.Collect$$libinit$$0000001F  c_w.l(libinit2.o)
    0x0000040e   0x0000040e   0x00000000   Code   RO          230    .ARM.Collect$$libinit$$00000021  c_w.l(libinit2.o)
    0x0000040e   0x0000040e   0x00000000   Code   RO          232    .ARM.Collect$$libinit$$00000023  c_w.l(libinit2.o)
    0x0000040e   0x0000040e   0x00000000   Code   RO          234    .ARM.Collect$$libinit$$00000025  c_w.l(libinit2.o)
    0x0000040e   0x0000040e   0x00000000   Code   RO          236    .ARM.Collect$$libinit$$00000027  c_w.l(libinit2.o)
    0x0000040e   0x0000040e   0x00000000   Code   RO          240    .ARM.Collect$$libinit$$0000002E  c_w.l(libinit2.o)
    0x0000040e   0x0000040e   0x00000000   Code   RO          242    .ARM.Collect$$libinit$$00000030  c_w.l(libinit2.o)
    0x0000040e   0x0000040e   0x00000000   Code   RO          244    .ARM.Collect$$libinit$$00000032  c_w.l(libinit2.o)
    0x0000040e   0x0000040e   0x00000000   Code   RO          246    .ARM.Collect$$libinit$$00000034  c_w.l(libinit2.o)
    0x0000040e   0x0000040e   0x00000002   Code   RO          247    .ARM.Collect$$libinit$$00000035  c_w.l(libinit2.o)
    0x00000410   0x00000410   0x00000002   Code   RO          269    .ARM.Collect$$libshutdown$$00000000  c_w.l(libshutdown.o)
    0x00000412   0x00000412   0x00000000   Code   RO          284    .ARM.Collect$$libshutdown$$00000002  c_w.l(libshutdown2.o)
    0x00000412   0x00000412   0x00000000   Code   RO          286    .ARM.Collect$$libshutdown$$00000004  c_w.l(libshutdown2.o)
    0x00000412   0x00000412   0x00000000   Code   RO          289    .ARM.Collect$$libshutdown$$00000007  c_w.l(libshutdown2.o)
    0x00000412   0x00000412   0x00000000   Code   RO          292    .ARM.Collect$$libshutdown$$0000000A  c_w.l(libshutdown2.o)
    0x00000412   0x00000412   0x00000000   Code   RO          294    .ARM.Collect$$libshutdown$$0000000C  c_w.l(libshutdown2.o)
    0x00000412   0x00000412   0x00000000   Code   RO          297    .ARM.Collect$$libshutdown$$0000000F  c_w.l(libshutdown2.o)
    0x00000412   0x00000412   0x00000002   Code   RO          298    .ARM.Collect$$libshutdown$$00000010  c_w.l(libshutdown2.o)
    0x00000414   0x00000414   0x00000000   Code   RO          170    .ARM.Collect$$rtentry$$00000000  c_w.l(__rtentry.o)
    0x00000414   0x00000414   0x00000000   Code   RO          172    .ARM.Collect$$rtentry$$00000002  c_w.l(__rtentry2.o)
    0x00000414   0x00000414   0x00000006   Code   RO          184    .ARM.Collect$$rtentry$$00000004  c_w.l(__rtentry4.o)
    0x0000041a   0x0000041a   0x00000000   Code   RO          174    .ARM.Collect$$rtentry$$00000009  c_w.l(__rtentry2.o)
    0x0000041a   0x0000041a   0x00000004   Code   RO          175    .ARM.Collect$$rtentry$$0000000A  c_w.l(__rtentry2.o)
    0x0000041e   0x0000041e   0x00000000   Code   RO          177    .ARM.Collect$$rtentry$$0000000C  c_w.l(__rtentry2.o)
    0x0000041e   0x0000041e   0x00000008   Code   RO          178    .ARM.Collect$$rtentry$$0000000D  c_w.l(__rtentry2.o)
    0x00000426   0x00000426   0x00000002   Code   RO          199    .ARM.Collect$$rtexit$$00000000  c_w.l(rtexit.o)
    0x00000428   0x00000428   0x00000000   Code   RO          249    .ARM.Collect$$rtexit$$00000002  c_w.l(rtexit2.o)
    0x00000428   0x00000428   0x00000004   Code   RO          250    .ARM.Collect$$rtexit$$00000003  c_w.l(rtexit2.o)
    0x0000042c   0x0000042c   0x00000006   Code   RO          251    .ARM.Collect$$rtexit$$00000004  c_w.l(rtexit2.o)
    0x00000432   0x00000432   0x00000002   PAD
    0x00000434   0x00000434   0x00000164   Code   RO          121    .text               startup_tm4c123gh6pm.o
    0x00000598   0x00000598   0x00000006   Code   RO          166    .text               c_w.l(heapauxi.o)
    0x0000059e   0x0000059e   0x0000004a   Code   RO          186    .text               c_w.l(sys_stackheap_outer.o)
    0x000005e8   0x000005e8   0x00000012   Code   RO          188    .text               c_w.l(exit.o)
    0x000005fa   0x000005fa   0x00000002   PAD
    0x000005fc   0x000005fc   0x00000008   Code   RO          196    .text               c_w.l(libspace.o)
    0x00000604   0x00000604   0x0000000c   Code   RO          259    .text               c_w.l(sys_exit.o)
    0x00000610   0x00000610   0x00000002   Code   RO          274    .text               c_w.l(use_no_semi.o)
    0x00000612   0x00000612   0x00000000   Code   RO          276    .text               c_w.l(indicate_semi.o)
    0x00000612   0x00000612   0x00000002   PAD
    0x00000614   0x00000614   0x00000024   Code   RO           34    .text.BSP_delay     bsp.o
    0x00000638   0x00000638   0x00000068   Code   RO           30    .text.BSP_init      bsp.o
    0x000006a0   0x000006a0   0x0000000e   Code   RO           46    .text.BSP_ledGreenOff  bsp.o
    0x000006ae   0x000006ae   0x00000002   PAD
    0x000006b0   0x000006b0   0x0000000e   Code   RO           44    .text.BSP_ledGreenOn  bsp.o
    0x000006be   0x000006be   0x00000002   PAD
    0x000006c0   0x000006c0   0x00000018   Code   RO           32    .text.BSP_tickCtr   bsp.o
    0x000006d8   0x000006d8   0x00000046   Code   RO           28    .text.Clock_init    bsp.o
    0x0000071e   0x0000071e   0x00000002   PAD
    0x00000720   0x00000720   0x00000062   Code   RO           85    .text.Logger_log    logger.o
    0x00000782   0x00000782   0x00000002   PAD
    0x00000784   0x00000784   0x00000156   Code   RO          148    .text.OSThread_start  miros.o
    0x000008da   0x000008da   0x00000002   PAD
    0x000008dc   0x000008dc   0x00000012   Code   RO          142    .text.OS_init       miros.o
    0x000008ee   0x000008ee   0x00000002   PAD
    0x000008f0   0x000008f0   0x0000002e   Code   RO           48    .text.OS_onStartup  bsp.o
    0x0000091e   0x0000091e   0x00000002   PAD
    0x00000920   0x00000920   0x0000001c   Code   RO          146    .text.OS_run        miros.o
    0x0000093c   0x0000093c   0x00000072   Code   RO          144    .text.OS_sched      miros.o
    0x000009ae   0x000009ae   0x00000002   PAD
    0x000009b0   0x000009b0   0x00000038   Code   RO          150    .text.PendSV_Handler  miros.o
    0x000009e8   0x000009e8   0x00000016   Code   RO           54    .text.Q_onAssert    bsp.o
    0x000009fe   0x000009fe   0x00000002   PAD
    0x00000a00   0x00000a00   0x00000054   Code   RO           50    .text.SysTick_Config  bsp.o
    0x00000a54   0x00000a54   0x00000032   Code   RO           26    .text.SysTick_Handler  bsp.o
    0x00000a86   0x00000a86   0x00000002   PAD
    0x00000a88   0x00000a88   0x00000146   Code   RO          128    .text.SystemCoreClockUpdate  system_tm4c123gh6pm.o
    0x00000bce   0x00000bce   0x00000002   PAD
    0x00000bd0   0x00000bd0   0x000000fc   Code   RO          132    .text.SystemInit    system_tm4c123gh6pm.o
    0x00000ccc   0x00000ccc   0x00000004   Code   RO            4    .text.Task_ControlLoop  main.o
    0x00000cd0   0x00000cd0   0x00000034   Code   RO            2    .text.Task_LEDHeartbeat  main.o
    0x00000d04   0x00000d04   0x0000004a   Code   RO           83    .text.Task_Logger   logger.o
    0x00000d4e   0x00000d4e   0x00000002   PAD
    0x00000d50   0x00000d50   0x00000038   Code   RO            6    .text.Task_SensorUpdate  main.o
    0x00000d88   0x00000d88   0x00000060   Code   RO          101    .text.Task_motor    motor.o
    0x00000de8   0x00000de8   0x0000002e   Code   RO           68    .text.Tiva_UART5_Transmitter_polling  uart.o
    0x00000e16   0x00000e16   0x00000002   PAD
    0x00000e18   0x00000e18   0x00000042   Code   RO           52    .text.__NVIC_SetPriority  bsp.o
    0x00000e5a   0x00000e5a   0x00000002   PAD
    0x00000e5c   0x00000e5c   0x0000000e   Code   RO           56    .text.assert_failed  bsp.o
    0x00000e6a   0x00000e6a   0x00000002   PAD
    0x00000e6c   0x00000e6c   0x00000168   Code   RO          130    .text.getOscClk     system_tm4c123gh6pm.o
    0x00000fd4   0x00000fd4   0x00000024   Code   RO           81    .text.logger_start  logger.o
    0x00000ff8   0x00000ff8   0x0000007a   Code   RO            8    .text.main          main.o
    0x00001072   0x00001072   0x00000002   PAD
    0x00001074   0x00001074   0x00000128   Code   RO          103    .text.motor_init    motor.o
    0x0000119c   0x0000119c   0x00000022   Code   RO           99    .text.motor_start   motor.o
    0x000011be   0x000011be   0x00000002   PAD
    0x000011c0   0x000011c0   0x00000052   Code   RO          105    .text.pwm_set_duty_cycle  motor.o
    0x00001212   0x00001212   0x00000002   PAD
    0x00001214   0x00001214   0x00000046   Code   RO          107    .text.set_motor_direction  motor.o
    0x0000125a   0x0000125a   0x00000002   PAD
    0x0000125c   0x0000125c   0x000000ba   Code   RO           66    .text.uart_init     uart.o
    0x00001316   0x00001316   0x00000008   Data   RO          157    .rodata.Q_this_module_  miros.o
    0x0000131e   0x0000131e   0x00000034   Data   RO           10    .rodata.str1.1      main.o
    0x00001352   0x00001352   0x0000003c   Data   RO          111    .rodata.str1.1      motor.o
    0x0000138e   0x0000138e   0x00000002   PAD
    0x00001390   0x00001390   0x00000030   Data   RO          332    Region$$Table       anon$$obj.o


    Execution Region RW_STACK (Exec base: 0x20000000, Load base: 0x000013c0, Size: 0x00000800, Max: 0xffffffff, ABSOLUTE)

    Exec Addr    Load Addr    Size         Type   Attr      Idx    E Section Name        Object

    0x20000000        -       0x00000800   Zero   RW          118    STACK               startup_tm4c123gh6pm.o


    Execution Region RW_IRAM1 (Exec base: 0x20000800, Load base: 0x000013c0, Size: 0x000006f0, Max: 0x00007800, ABSOLUTE)

    Exec Addr    Load Addr    Size         Type   Attr      Idx    E Section Name        Object

    0x20000800   0x000013c0   0x00000004   Data   RW          134    .data.SystemCoreClock  system_tm4c123gh6pm.o
    0x20000804   0x000013c4   0x00000004   PAD
    0x20000808        -       0x00000060   Zero   RW          197    .bss                c_w.l(libspace.o)
    0x20000868        -       0x00000004   Zero   RW           14    .bss.ControlLoop    main.o
    0x2000086c        -       0x00000004   Zero   RW           12    .bss.LEDHeartbeat   main.o
    0x20000870        -       0x00000004   Zero   RW           87    .bss.LoggerThread   logger.o
    0x20000874        -       0x00000004   Zero   RW          156    .bss.OS_curr        miros.o
    0x20000878        -       0x00000001   Zero   RW          152    .bss.OS_currIdx     miros.o
    0x20000879   0x000013c4   0x00000003   PAD
    0x2000087c        -       0x00000004   Zero   RW          155    .bss.OS_next        miros.o
    0x20000880        -       0x00000084   Zero   RW          154    .bss.OS_thread      miros.o
    0x20000904        -       0x00000001   Zero   RW          153    .bss.OS_threadNum   miros.o
    0x20000905   0x000013c4   0x00000003   PAD
    0x20000908        -       0x00000004   Zero   RW           16    .bss.SensorUpdate   main.o
    0x2000090c        -       0x00000004   Zero   RW           11    .bss.Task_SensorUpdate.counter  main.o
    0x20000910        -       0x00000002   Zero   RW           89    .bss.head           logger.o
    0x20000912   0x000013c4   0x00000002   PAD
    0x20000914        -       0x00000004   Zero   RW           58    .bss.l_tickCtr      bsp.o
    0x20000918        -       0x00000200   Zero   RW           91    .bss.logBuffer      logger.o
    0x20000b18        -       0x00000004   Zero   RW          109    .bss.motorThread    motor.o
    0x20000b1c        -       0x000000a0   Zero   RW           15    .bss.stack_ControlLoop  main.o
    0x20000bbc        -       0x000000a0   Zero   RW           13    .bss.stack_LEDHeartbeat  main.o
    0x20000c5c        -       0x00000140   Zero   RW           88    .bss.stack_Logger   logger.o
    0x20000d9c        -       0x000000a0   Zero   RW           17    .bss.stack_SensorUpdate  main.o
    0x20000e3c        -       0x000000a0   Zero   RW          110    .bss.stack_motor    motor.o
    0x20000edc        -       0x00000002   Zero   RW           90    .bss.tail           logger.o
    0x20000ede   0x000013c4   0x00000002   PAD
    0x20000ee0        -       0x00000010   Zero   RW          119    HEAP                startup_tm4c123gh6pm.o


==============================================================================

Image component sizes


      Code (inc. data)   RO Data    RW Data    ZI Data      Debug   Object Name

       544          0          0          0          4      10304   bsp.o
       208          0          0          0        840       1386   logger.o
       234          0         52          0        496       1437   main.o
       558          8          8          0        142       1855   miros.o
       578          0         60          0        164       8159   motor.o
       356        178        876          0       2064       1188   startup_tm4c123gh6pm.o
       938         28          0          4          0       6157   system_tm4c123gh6pm.o
       232          0          0          0          0       1028   uart.o

    ----------------------------------------------------------------------
      3686        214       1046          4       3724      31514   Object Totals
         0          0         48          0          0          0   (incl. Generated)
        38          0          2          0         14          0   (incl. Padding)

    ----------------------------------------------------------------------

      Code (inc. data)   RO Data    RW Data    ZI Data      Debug   Library Member Name

         8          0          0          0          0         68   __main.o
         0          0          0          0          0          0   __rtentry.o
        12          0          0          0          0          0   __rtentry2.o
         6          0          0          0          0          0   __rtentry4.o
        94          8          0          0          0          0   __scatter.o
        26          0          0          0          0          0   __scatter_copy.o
        28          0          0          0          0          0   __scatter_zi.o
        18          0          0          0          0         80   exit.o
         6          0          0          0          0        152   heapauxi.o
         0          0          0          0          0          0   indicate_semi.o
         2          0          0          0          0          0   libinit.o
         2          0          0          0          0          0   libinit2.o
         2          0          0          0          0          0   libshutdown.o
         2          0          0          0          0          0   libshutdown2.o
         8          4          0          0         96         68   libspace.o
         2          0          0          0          0          0   rtexit.o
        10          0          0          0          0          0   rtexit2.o
        12          4          0          0          0         68   sys_exit.o
        74          0          0          0          0         80   sys_stackheap_outer.o
         2          0          0          0          0         68   use_no_semi.o

    ----------------------------------------------------------------------
       324         16          0          0         96        584   Library Totals
        10          0          0          0          0          0   (incl. Padding)

    ----------------------------------------------------------------------

      Code (inc. data)   RO Data    RW Data    ZI Data      Debug   Library Name

       314         16          0          0         96        584   c_w.l

    ----------------------------------------------------------------------
       324         16          0          0         96        584   Library Totals

    ----------------------------------------------------------------------

==============================================================================


      Code (inc. data)   RO Data    RW Data    ZI Data      Debug   

      4010        230       1046          4       3820      31938   Grand Totals
      4010        230       1046          4       3820      31938   ELF Image Totals
      4010        230       1046          4          0          0   ROM Totals

==============================================================================

    Total RO  Size (Code + RO Data)                 5056 (   4.94kB)
    Total RW  Size (RW Data + ZI Data)              3824 (   3.73kB)
    Total ROM Size (Code + RO Data + RW Data)       5060 (   4.94kB)

==============================================================================

