Component: Arm Compiler for Embedded 6.22 Tool: armlink [5ee90200]

==============================================================================

Section Cross References

    main.o(.text.Task_LEDHeartbeat) refers to bsp.o(.text.BSP_ledGreenOn) for BSP_ledGreenOn
    main.o(.text.Task_LEDHeartbeat) refers to bsp.o(.text.BSP_delay) for BSP_delay
    main.o(.text.Task_LEDHeartbeat) refers to bsp.o(.text.BSP_ledGreenOff) for BSP_ledGreenOff
    main.o(.ARM.exidx.text.Task_LEDHeartbeat) refers to main.o(.text.Task_LEDHeartbeat) for [Anonymous Symbol]
    main.o(.ARM.exidx.text.Task_ControlLoop) refers to main.o(.text.Task_ControlLoop) for [Anonymous Symbol]
    main.o(.text.main) refers to bsp.o(.text.BSP_init) for BSP_init
    main.o(.text.main) refers to miros.o(.text.OS_init) for OS_init
    main.o(.text.main) refers to logger.o(.text.logger_start) for logger_start
    main.o(.text.main) refers to main.o(.bss.LEDHeartbeat) for LEDHeartbeat
    main.o(.text.main) refers to main.o(.text.Task_LEDHeartbeat) for Task_LEDHeartbeat
    main.o(.text.main) refers to main.o(.bss.stack_LEDHeartbeat) for stack_LEDHeartbeat
    main.o(.text.main) refers to miros.o(.text.OSThread_start) for OSThread_start
    main.o(.text.main) refers to main.o(.bss.ControlLoop) for ControlLoop
    main.o(.text.main) refers to main.o(.text.Task_ControlLoop) for Task_ControlLoop
    main.o(.text.main) refers to main.o(.bss.stack_ControlLoop) for stack_ControlLoop
    main.o(.text.main) refers to motor.o(.text.motor_start) for motor_start
    main.o(.text.main) refers to imu.o(.text.imu_start) for imu_start
    main.o(.text.main) refers to miros.o(.text.OS_run) for OS_run
    main.o(.ARM.exidx.text.main) refers to main.o(.text.main) for [Anonymous Symbol]
    bsp.o(.text.SysTick_Handler) refers to bsp.o(.bss.l_tickCtr) for l_tickCtr
    bsp.o(.text.SysTick_Handler) refers to miros.o(.text.OS_sched) for OS_sched
    bsp.o(.ARM.exidx.text.SysTick_Handler) refers to bsp.o(.text.SysTick_Handler) for [Anonymous Symbol]
    bsp.o(.ARM.exidx.text.Clock_init) refers to bsp.o(.text.Clock_init) for [Anonymous Symbol]
    bsp.o(.text.BSP_init) refers to bsp.o(.text.Clock_init) for Clock_init
    bsp.o(.text.BSP_init) refers to uart.o(.text.uart_init) for uart_init
    bsp.o(.text.BSP_init) refers to motor.o(.text.motor_init) for motor_init
    bsp.o(.text.BSP_init) refers to imu.o(.text.imu_init) for imu_init
    bsp.o(.ARM.exidx.text.BSP_init) refers to bsp.o(.text.BSP_init) for [Anonymous Symbol]
    bsp.o(.text.BSP_tickCtr) refers to bsp.o(.bss.l_tickCtr) for l_tickCtr
    bsp.o(.ARM.exidx.text.BSP_tickCtr) refers to bsp.o(.text.BSP_tickCtr) for [Anonymous Symbol]
    bsp.o(.text.BSP_delay) refers to bsp.o(.text.BSP_tickCtr) for BSP_tickCtr
    bsp.o(.ARM.exidx.text.BSP_delay) refers to bsp.o(.text.BSP_delay) for [Anonymous Symbol]
    bsp.o(.ARM.exidx.text.BSP_ledRedOn) refers to bsp.o(.text.BSP_ledRedOn) for [Anonymous Symbol]
    bsp.o(.ARM.exidx.text.BSP_ledRedOff) refers to bsp.o(.text.BSP_ledRedOff) for [Anonymous Symbol]
    bsp.o(.ARM.exidx.text.BSP_ledBlueOn) refers to bsp.o(.text.BSP_ledBlueOn) for [Anonymous Symbol]
    bsp.o(.ARM.exidx.text.BSP_ledBlueOff) refers to bsp.o(.text.BSP_ledBlueOff) for [Anonymous Symbol]
    bsp.o(.ARM.exidx.text.BSP_ledGreenOn) refers to bsp.o(.text.BSP_ledGreenOn) for [Anonymous Symbol]
    bsp.o(.ARM.exidx.text.BSP_ledGreenOff) refers to bsp.o(.text.BSP_ledGreenOff) for [Anonymous Symbol]
    bsp.o(.text.OS_onStartup) refers to system_tm4c123gh6pm.o(.text.SystemCoreClockUpdate) for SystemCoreClockUpdate
    bsp.o(.text.OS_onStartup) refers to system_tm4c123gh6pm.o(.data.SystemCoreClock) for SystemCoreClock
    bsp.o(.text.OS_onStartup) refers to bsp.o(.text.SysTick_Config) for SysTick_Config
    bsp.o(.text.OS_onStartup) refers to bsp.o(.text.__NVIC_SetPriority) for __NVIC_SetPriority
    bsp.o(.ARM.exidx.text.OS_onStartup) refers to bsp.o(.text.OS_onStartup) for [Anonymous Symbol]
    bsp.o(.text.SysTick_Config) refers to bsp.o(.text.__NVIC_SetPriority) for __NVIC_SetPriority
    bsp.o(.ARM.exidx.text.SysTick_Config) refers to bsp.o(.text.SysTick_Config) for [Anonymous Symbol]
    bsp.o(.ARM.exidx.text.__NVIC_SetPriority) refers to bsp.o(.text.__NVIC_SetPriority) for [Anonymous Symbol]
    bsp.o(.ARM.exidx.text.Q_onAssert) refers to bsp.o(.text.Q_onAssert) for [Anonymous Symbol]
    bsp.o(.text.assert_failed) refers to bsp.o(.text.Q_onAssert) for Q_onAssert
    bsp.o(.ARM.exidx.text.assert_failed) refers to bsp.o(.text.assert_failed) for [Anonymous Symbol]
    uart.o(.ARM.exidx.text.uart_init) refers to uart.o(.text.uart_init) for [Anonymous Symbol]
    uart.o(.ARM.exidx.text.Tiva_UART5_Transmitter_polling) refers to uart.o(.text.Tiva_UART5_Transmitter_polling) for [Anonymous Symbol]
    uart.o(.ARM.exidx.text.Tiva_UART5_Receiver_polling) refers to uart.o(.text.Tiva_UART5_Receiver_polling) for [Anonymous Symbol]
[...]
    .ARM.Collect$$libshutdown$$00000007      0x000004be   Section        0  libshutdown2.o(.ARM.Collect$$libshutdown$$00000007)
    .ARM.Collect$$libshutdown$$0000000A      0x000004be   Section        0  libshutdown2.o(.ARM.Collect$$libshutdown$$0000000A)
    .ARM.Collect$$libshutdown$$0000000C      0x000004be   Section        0  libshutdown2.o(.ARM.Collect$$libshutdown$$0000000C)
    .ARM.Collect$$libshutdown$$0000000F      0x000004be   Section        0  libshutdown2.o(.ARM.Collect$$libshutdown$$0000000F)
    .ARM.Collect$$libshutdown$$00000010      0x000004be   Section        2  libshutdown2.o(.ARM.Collect$$libshutdown$$00000010)
    .ARM.Collect$$rtentry$$00000000          0x000004c0   Section        0  __rtentry.o(.ARM.Collect$$rtentry$$00000000)
    .ARM.Collect$$rtentry$$00000002          0x000004c0   Section        0  __rtentry2.o(.ARM.Collect$$rtentry$$00000002)
    .ARM.Collect$$rtentry$$00000004          0x000004c0   Section        6  __rtentry4.o(.ARM.Collect$$rtentry$$00000004)
    .ARM.Collect$$rtentry$$00000009          0x000004c6   Section        0  __rtentry2.o(.ARM.Collect$$rtentry$$00000009)
    .ARM.Collect$$rtentry$$0000000A          0x000004c6   Section        4  __rtentry2.o(.ARM.Collect$$rtentry$$0000000A)
    .ARM.Collect$$rtentry$$0000000C          0x000004ca   Section        0  __rtentry2.o(.ARM.Collect$$rtentry$$0000000C)
    .ARM.Collect$$rtentry$$0000000D          0x000004ca   Section        8  __rtentry2.o(.ARM.Collect$$rtentry$$0000000D)
    .ARM.Collect$$rtexit$$00000000           0x000004d2   Section        2  rtexit.o(.ARM.Collect$$rtexit$$00000000)
    .ARM.Collect$$rtexit$$00000002           0x000004d4   Section        0  rtexit2.o(.ARM.Collect$$rtexit$$00000002)
    .ARM.Collect$$rtexit$$00000003           0x000004d4   Section        4  rtexit2.o(.ARM.Collect$$rtexit$$00000003)
    .ARM.Collect$$rtexit$$00000004           0x000004d8   Section        6  rtexit2.o(.ARM.Collect$$rtexit$$00000004)
    .text                                    0x000004e0   Section      356  startup_tm4c123gh6pm.o(.text)
    str_EXIT                                 0x000004fc   Data           0  startup_tm4c123gh6pm.o(.text)
    str_NMI                                  0x0000050e   Data           0  startup_tm4c123gh6pm.o(.text)
    str_HardFault                            0x00000522   Data           0  startup_tm4c123gh6pm.o(.text)
    str_MemManage                            0x0000053a   Data           0  startup_tm4c123gh6pm.o(.text)
    str_BusFault                             0x00000552   Data           0  startup_tm4c123gh6pm.o(.text)
    str_UsageFault                           0x0000056a   Data           0  startup_tm4c123gh6pm.o(.text)
    str_SVC                                  0x00000582   Data           0  startup_tm4c123gh6pm.o(.text)
    str_DebugMon                             0x00000596   Data           0  startup_tm4c123gh6pm.o(.text)
    str_PendSV                               0x000005ae   Data           0  startup_tm4c123gh6pm.o(.text)
    str_SysTick                              0x000005c2   Data           0  startup_tm4c123gh6pm.o(.text)
    Default_Handler                          0x000005cd   Thumb Code    24  startup_tm4c123gh6pm.o(.text)
    str_Undefined                            0x000005da   Data           0  startup_tm4c123gh6pm.o(.text)
    .text                                    0x00000644   Section        0  snprintf.o(.text)
    .text                                    0x00000684   Section        0  heapauxi.o(.text)
    .text                                    0x0000068a   Section        0  _printf_pad.o(.text)
    .text                                    0x000006d8   Section        0  _printf_truncate.o(.text)
    .text                                    0x000006fc   Section        0  _printf_str.o(.text)
    .text                                    0x00000750   Section        0  _printf_dec.o(.text)
    .text                                    0x000007c8   Section        0  _printf_charcount.o(.text)
    _printf_input_char                       0x000007f1   Thumb Code    10  _printf_char_common.o(.text)
    .text                                    0x000007f0   Section        0  _printf_char_common.o(.text)
    .text                                    0x00000820   Section        0  _snputc.o(.text)
    .text                                    0x00000830   Section        0  _printf_wctomb.o(.text)
    .text                                    0x000008ec   Section        0  _printf_longlong_dec.o(.text)
    _printf_longlong_oct_internal            0x00000969   Thumb Code     0  _printf_oct_int_ll.o(.text)
    .text                                    0x00000968   Section        0  _printf_oct_int_ll.o(.text)
    _printf_hex_common                       0x000009d9   Thumb Code     0  _printf_hex_int_ll_ptr.o(.text)
    .text                                    0x000009d8   Section        0  _printf_hex_int_ll_ptr.o(.text)
    .text                                    0x00000a6c   Section        0  __printf_flags_ss_wp.o(.text)
    .text                                    0x00000bf4   Section      138  lludiv10.o(.text)
    .text                                    0x00000c7e   Section        0  _printf_intcommon.o(.text)
    _fp_digits                               0x00000d31   Thumb Code   432  _printf_fp_dec.o(.text)
    .text                                    0x00000d30   Section        0  _printf_fp_dec.o(.text)
    .text                                    0x0000114c   Section        0  _printf_fp_hex.o(.text)
    .text                                    0x00001448   Section        0  _printf_char.o(.text)
    .text                                    0x00001474   Section        0  _printf_wchar.o(.text)
    .text                                    0x000014a0   Section        0  _c16rtomb.o(.text)
    .text                                    0x000014e8   Section       74  sys_stackheap_outer.o(.text)
    .text                                    0x00001534   Section       16  rt_ctype_table.o(.text)
    .text                                    0x00001544   Section        8  rt_locale_intlibspace.o(.text)
    .text                                    0x0000154c   Section        0  _printf_fp_infnan.o(.text)
    .text                                    0x000015cc   Section        0  bigflt0.o(.text)
    .text                                    0x000016b0   Section        0  exit.o(.text)
    .text                                    0x000016c4   Section        8  libspace.o(.text)
    .text                                    0x000016d0   Section      124  strcmpv7em.o(.text)
    .text                                    0x0000174c   Section        0  sys_exit.o(.text)
    .text                                    0x00001758   Section        2  use_no_semi.o(.text)
    .text                                    0x0000175a   Section        0  indicate_semi.o(.text)
    [Anonymous Symbol]                       0x0000175c   Section        0  bsp.o(.text.BSP_delay)
    [Anonymous Symbol]                       0x00001780   Section        0  bsp.o(.text.BSP_init)
    [Anonymous Symbol]                       0x000017ec   Section        0  bsp.o(.text.BSP_ledBlueOff)
    [Anonymous Symbol]                       0x000017fc   Section        0  bsp.o(.text.BSP_ledBlueOn)
    [Anonymous Symbol]                       0x0000180c   Section        0  bsp.o(.text.BSP_ledGreenOff)
    [Anonymous Symbol]                       0x0000181c   Section        0  bsp.o(.text.BSP_ledGreenOn)
    [Anonymous Symbol]                       0x0000182c   Section        0  bsp.o(.text.BSP_tickCtr)
    [Anonymous Symbol]                       0x00001844   Section        0  bsp.o(.text.Clock_init)
    [Anonymous Symbol]                       0x0000188c   Section        0  imu.o(.text.I2C0_ReadByte)
    [Anonymous Symbol]                       0x00001900   Section        0  imu.o(.text.I2C0_SendByte)
    [Anonymous Symbol]                       0x00001958   Section        0  imu.o(.text.I2C0_WriteByte)
    [Anonymous Symbol]                       0x00001a08   Section        0  logger.o(.text.Logger_log)
    [Anonymous Symbol]                       0x00001a6c   Section        0  logger.o(.text.Logger_log_hex)
    [Anonymous Symbol]                       0x00001aa0   Section        0  imu.o(.text.MPU6050_Calibrate)
    [Anonymous Symbol]                       0x00001c4c   Section        0  imu.o(.text.MPU6050_Init)
    [Anonymous Symbol]                       0x00001c8c   Section        0  imu.o(.text.MPU6050_ReadWord)
    [Anonymous Symbol]                       0x00001d0c   Section        0  miros.o(.text.OSThread_start)
    [Anonymous Symbol]                       0x00001e64   Section        0  miros.o(.text.OS_init)
    [Anonymous Symbol]                       0x00001e78   Section        0  bsp.o(.text.OS_onStartup)
    [Anonymous Symbol]                       0x00001ea8   Section        0  miros.o(.text.OS_run)
    [Anonymous Symbol]                       0x00001ec4   Section        0  miros.o(.text.OS_sched)
    [Anonymous Symbol]                       0x00001f38   Section        0  miros.o(.text.PendSV_Handler)
    PendSV_restore                           0x00001f4e   Number         0  miros.o(.text.PendSV_Handler)
    [Anonymous Symbol]                       0x00001f70   Section        0  bsp.o(.text.Q_onAssert)
    SysTick_Config                           0x00001f89   Thumb Code    84  bsp.o(.text.SysTick_Config)
    [Anonymous Symbol]                       0x00001f88   Section        0  bsp.o(.text.SysTick_Config)
    [Anonymous Symbol]                       0x00001fdc   Section        0  bsp.o(.text.SysTick_Handler)
    [Anonymous Symbol]                       0x00002010   Section        0  system_tm4c123gh6pm.o(.text.SystemCoreClockUpdate)
    [Anonymous Symbol]                       0x00002158   Section        0  system_tm4c123gh6pm.o(.text.SystemInit)
    [Anonymous Symbol]                       0x00002254   Section        0  main.o(.text.Task_ControlLoop)
    [Anonymous Symbol]                       0x00002258   Section        0  main.o(.text.Task_LEDHeartbeat)
    [Anonymous Symbol]                       0x00002274   Section        0  logger.o(.text.Task_Logger)
    [Anonymous Symbol]                       0x000022c0   Section        0  imu.o(.text.Task_imu)
    [Anonymous Symbol]                       0x0000243c   Section        0  motor.o(.text.Task_motor)
    [Anonymous Symbol]                       0x0000249c   Section        0  uart.o(.text.Tiva_UART5_Transmitter_polling)
    __NVIC_SetPriority                       0x000024cd   Thumb Code    66  bsp.o(.text.__NVIC_SetPriority)
    [Anonymous Symbol]                       0x000024cc   Section        0  bsp.o(.text.__NVIC_SetPriority)
    [Anonymous Symbol]                       0x00002510   Section        0  bsp.o(.text.assert_failed)
    getOscClk                                0x00002521   Thumb Code   360  system_tm4c123gh6pm.o(.text.getOscClk)
    [Anonymous Symbol]                       0x00002520   Section        0  system_tm4c123gh6pm.o(.text.getOscClk)
    [Anonymous Symbol]                       0x00002688   Section        0  imu.o(.text.imu_init)
    [Anonymous Symbol]                       0x0000271c   Section        0  imu.o(.text.imu_start)
    [Anonymous Symbol]                       0x00002740   Section        0  logger.o(.text.logger_start)
    [Anonymous Symbol]                       0x00002764   Section        0  main.o(.text.main)
    [Anonymous Symbol]                       0x000027c4   Section        0  motor.o(.text.motor_init)
    [Anonymous Symbol]                       0x000028ec   Section        0  motor.o(.text.motor_start)
    [Anonymous Symbol]                       0x00002910   Section        0  motor.o(.text.pwm_set_duty_cycle)
    [Anonymous Symbol]                       0x00002964   Section        0  motor.o(.text.set_motor_direction)
    [Anonymous Symbol]                       0x000029ac   Section        0  uart.o(.text.uart_init)
    CL$$btod_d2e                             0x00002a66   Section       62  btod.o(CL$$btod_d2e)
    CL$$btod_d2e_denorm_low                  0x00002aa4   Section       70  btod.o(CL$$btod_d2e_denorm_low)
    CL$$btod_d2e_norm_op1                    0x00002aea   Section       96  btod.o(CL$$btod_d2e_norm_op1)
    CL$$btod_div_common                      0x00002b4c   Section      824  btod.o(CL$$btod_div_common)
    CL$$btod_e2e                             0x00002e84   Section      220  btod.o(CL$$btod_e2e)
    CL$$btod_ediv                            0x00002f60   Section       42  btod.o(CL$$btod_ediv)
    CL$$btod_emul                            0x00002f8a   Section       42  btod.o(CL$$btod_emul)
    CL$$btod_mult_common                     0x00002fb4   Section      580  btod.o(CL$$btod_mult_common)
    i.__ARM_fpclassify                       0x000031f8   Section        0  fpclassify.o(i.__ARM_fpclassify)
    i._is_digit                              0x00003220   Section        0  __printf_wp.o(i._is_digit)
    locale$$code                             0x00003230   Section       44  lc_numeric_c.o(locale$$code)
    locale$$code                             0x0000325c   Section       44  lc_ctype_c.o(locale$$code)
    x$fpl$dretinf                            0x00003288   Section       12  dretinf.o(x$fpl$dretinf)
    x$fpl$f2d                                0x00003294   Section       86  f2d.o(x$fpl$f2d)
    x$fpl$fflt                               0x000032ec   Section       48  fflt_clz.o(x$fpl$fflt)
    x$fpl$fmul                               0x0000331c   Section      258  fmul.o(x$fpl$fmul)
    x$fpl$fnaninf                            0x0000341e   Section      140  fnaninf.o(x$fpl$fnaninf)
    x$fpl$fretinf                            0x000034aa   Section       10  fretinf.o(x$fpl$fretinf)
    x$fpl$printf1                            0x000034b4   Section        4  printf1.o(x$fpl$printf1)
    x$fpl$printf2                            0x000034b8   Section        4  printf2.o(x$fpl$printf2)
    initial_mbstate                          0x000034bc   Data           8  _printf_wctomb.o(.constdata)
    .constdata                               0x000034bc   Section        8  _printf_wctomb.o(.constdata)
    x$fpl$usenofp                            0x000034bc   Section        0  usenofp.o(x$fpl$usenofp)
    uc_hextab                                0x000034c4   Data          20  _printf_hex_int_ll_ptr.o(.constdata)
    .constdata                               0x000034c4   Section       40  _printf_hex_int_ll_ptr.o(.constdata)
    lc_hextab                                0x000034d8   Data          20  _printf_hex_int_ll_ptr.o(.constdata)
    maptable                                 0x000034ec   Data          17  __printf_flags_ss_wp.o(.constdata)
    .constdata                               0x000034ec   Section       17  __printf_flags_ss_wp.o(.constdata)
    lc_hextab                                0x000034fd   Data          19  _printf_fp_hex.o(.constdata)
    .constdata                               0x000034fd   Section       38  _printf_fp_hex.o(.constdata)
    uc_hextab                                0x00003510   Data          19  _printf_fp_hex.o(.constdata)
    tenpwrs_x                                0x00003524   Data          60  bigflt0.o(.constdata)
    .constdata                               0x00003524   Section      148  bigflt0.o(.constdata)
    tenpwrs_i                                0x00003560   Data          64  bigflt0.o(.constdata)
    Q_this_module_                           0x000035b8   Data           8  miros.o(.rodata.Q_this_module_)
    [Anonymous Symbol]                       0x000035b8   Section        0  miros.o(.rodata.Q_this_module_)
    .L.str                                   0x000035c0   Data           9  logger.o(.rodata.str1.1)
    .L.str.1                                 0x000035c0   Data          13  logger.o(.rodata.str1.1)
    [Anonymous Symbol]                       0x000035c0   Section        0  logger.o(.rodata.str1.1)
    .L.str.1                                 0x000035d6   Data          20  motor.o(.rodata.str1.1)
    [Anonymous Symbol]                       0x000035d6   Section        0  motor.o(.rodata.str1.1)
    .L.str                                   0x000035ea   Data          20  motor.o(.rodata.str1.1)
    .L.str.2                                 0x000035fe   Data          20  motor.o(.rodata.str1.1)
    .L.str.4                                 0x00003612   Data          56  imu.o(.rodata.str1.1)
    [Anonymous Symbol]                       0x00003612   Section        0  imu.o(.rodata.str1.1)
    .L.str.2                                 0x0000361f   Data          43  imu.o(.rodata.str1.1)
    .L.str.6                                 0x0000364a   Data          43  imu.o(.rodata.str1.1)
    .L.str.3                                 0x00003675   Data          23  imu.o(.rodata.str1.1)
    .L.str.5                                 0x0000368c   Data          11  imu.o(.rodata.str1.1)
    .L.str.1                                 0x00003697   Data          29  imu.o(.rodata.str1.1)
    .L.str                                   0x000036b4   Data          41  imu.o(.rodata.str1.1)
    locale$$data                             0x00003710   Section       28  lc_numeric_c.o(locale$$data)
    __lcnum_c_name                           0x00003714   Data           2  lc_numeric_c.o(locale$$data)
    __lcnum_c_start                          0x0000371c   Data           0  lc_numeric_c.o(locale$$data)
    __lcnum_c_point                          0x00003728   Data           0  lc_numeric_c.o(locale$$data)
    __lcnum_c_thousands                      0x0000372a   Data           0  lc_numeric_c.o(locale$$data)
    __lcnum_c_grouping                       0x0000372b   Data           0  lc_numeric_c.o(locale$$data)
    __lcnum_c_end                            0x0000372c   Data           0  lc_numeric_c.o(locale$$data)
    locale$$data                             0x0000372c   Section      272  lc_ctype_c.o(locale$$data)
    __lcctype_c_name                         0x00003730   Data           2  lc_ctype_c.o(locale$$data)
    __lcctype_c_start                        0x00003738   Data           0  lc_ctype_c.o(locale$$data)
    __lcctype_c_end                          0x0000383c   Data           0  lc_ctype_c.o(locale$$data)
    __stack_base                             0x20000000   Data           0  startup_tm4c123gh6pm.o(STACK)
    STACK                                    0x20000000   Section     2048  startup_tm4c123gh6pm.o(STACK)
    __initial_sp                             0x20000800   Data           0  startup_tm4c123gh6pm.o(STACK)
    __stack_limit                            0x20000800   Data           0  startup_tm4c123gh6pm.o(STACK)
    .bss                                     0x20000808   Section       96  libspace.o(.bss)
    head                                     0x20000906   Data           2  logger.o(.bss.head)
    [Anonymous Symbol]                       0x20000906   Section        0  logger.o(.bss.head)
    l_tickCtr                                0x20000918   Data           4  bsp.o(.bss.l_tickCtr)
    [Anonymous Symbol]                       0x20000918   Section        0  bsp.o(.bss.l_tickCtr)
    logBuffer                                0x2000091c   Data         512  logger.o(.bss.logBuffer)
    [Anonymous Symbol]                       0x2000091c   Section        0  logger.o(.bss.logBuffer)
    tail                                     0x20001240   Data           2  logger.o(.bss.tail)
    [Anonymous Symbol]                       0x20001240   Section        0  logger.o(.bss.tail)
    __heap_base                              0x20001248   Data           0  startup_tm4c123gh6pm.o(HEAP)
    HEAP                                     0x20001248   Section       16  startup_tm4c123gh6pm.o(HEAP)
    __heap_limit                             0x20001258   Data           0  startup_tm4c123gh6pm.o(HEAP)

    Global Symbols

    Symbol Name                              Value     Ov Type        Size  Object(Section)

    BuildAttributes$$THM_ISAv4$E$P$D$K$B$S$7EM$PE$A:L22UL41UL21$X:L11$S22US41US21$IEEE1$IW$~IW$USESV6$~STKCKD$USESV7$~SHL$OTIME$ROPI$IEEEJ$EBA8$UX$STANDARDLIB$REQ8$PRES8$EABIv2 0x00000000   Number         0  anon$$obj.o ABSOLUTE
    __Vectors                                0x00000000   Data           0  startup_tm4c123gh6pm.o(RESET)
    __fp_init_empty                          0x00000000   Number         0  fpinit_empty.o ABSOLUTE
    _printf_flags                            0x00000000   Number         0  printf_stubs.o ABSOLUTE
    _printf_return_value                     0x00000000   Number         0  printf_stubs.o ABSOLUTE
    _printf_sizespec                         0x00000000   Number         0  printf_stubs.o ABSOLUTE
    _printf_widthprec                        0x00000000   Number         0  printf_stubs.o ABSOLUTE
    __ARM_exceptions_init                     - Undefined Weak Reference
    __alloca_initialize                       - Undefined Weak Reference
    __arm_preinit_                            - Undefined Weak Reference
    __arm_relocate_pie_                       - Undefined Weak Reference
    __cpp_initialize__aeabi_                  - Undefined Weak Reference
    __cxa_finalize                            - Undefined Weak Reference
    __sigvec_lookup                           - Undefined Weak Reference
    _atexit_init                              - Undefined Weak Reference
    _call_atexit_fns                          - Undefined Weak Reference
    _clock_init                               - Undefined Weak Reference
    _fp_trap_init                             - Undefined Weak Reference
    _fp_trap_shutdown                         - Undefined Weak Reference
    _get_lc_collate                           - Undefined Weak Reference
    _get_lc_monetary                          - Undefined Weak Reference
    _get_lc_time                              - Undefined Weak Reference
    _getenv_init                              - Undefined Weak Reference
    _handle_redirection                       - Undefined Weak Reference
    _init_alloc                               - Undefined Weak Reference
    _init_user_alloc                          - Undefined Weak Reference
    _initio                                   - Undefined Weak Reference
    _printf_mbtowc                            - Undefined Weak Reference
    _printf_wc                                - Undefined Weak Reference
    _rand_init                                - Undefined Weak Reference
    _signal_finish                            - Undefined Weak Reference
    _signal_init                              - Undefined Weak Reference
    _terminate_alloc                          - Undefined Weak Reference
    _terminate_user_alloc                     - Undefined Weak Reference
    _terminateio                              - Undefined Weak Reference
    __Vectors_End                            0x0000036c   Data           0  startup_tm4c123gh6pm.o(RESET)
    __Vectors_Size                           0x0000036c   Number         0  startup_tm4c123gh6pm.o ABSOLUTE
    __main                                   0x0000036d   Thumb Code     8  __main.o(!!!main)
    __scatterload                            0x00000375   Thumb Code     0  __scatter.o(!!!scatter)
    __scatterload_rt2                        0x00000375   Thumb Code    84  __scatter.o(!!!scatter)
    __scatterload_rt2_thumb_only             0x00000375   Thumb Code     0  __scatter.o(!!!scatter)
    __scatterload_loop                       0x0000037f   Thumb Code     0  __scatter.o(!!!scatter)
    __scatterload_copy                       0x000003d1   Thumb Code    26  __scatter_copy.o(!!handler_copy)
    __scatterload_null                       0x000003ed   Thumb Code     2  __scatter.o(!!handler_null)
    __scatterload_zeroinit                   0x000003f1   Thumb Code    28  __scatter_zi.o(!!handler_zi)
    _printf_n                                0x0000040d   Thumb Code     0  _printf_n.o(.ARM.Collect$$_printf_percent$$00000001)
    _printf_percent                          0x0000040d   Thumb Code     0  _printf_percent.o(.ARM.Collect$$_printf_percent$$00000000)
    _printf_p                                0x00000413   Thumb Code     0  _printf_p.o(.ARM.Collect$$_printf_percent$$00000002)
    _printf_f                                0x00000419   Thumb Code     0  _printf_f.o(.ARM.Collect$$_printf_percent$$00000003)
    _printf_e                                0x0000041f   Thumb Code     0  _printf_e.o(.ARM.Collect$$_printf_percent$$00000004)
    _printf_g                                0x00000425   Thumb Code     0  _printf_g.o(.ARM.Collect$$_printf_percent$$00000005)
    _printf_a                                0x0000042b   Thumb Code     0  _printf_a.o(.ARM.Collect$$_printf_percent$$00000006)
    _printf_ll                               0x00000431   Thumb Code     0  _printf_ll.o(.ARM.Collect$$_printf_percent$$00000007)
    _printf_i                                0x0000043b   Thumb Code     0  _printf_i.o(.ARM.Collect$$_printf_percent$$00000008)
    _printf_d                                0x00000441   Thumb Code     0  _printf_d.o(.ARM.Collect$$_printf_percent$$00000009)
    _printf_u                                0x00000447   Thumb Code     0  _printf_u.o(.ARM.Collect$$_printf_percent$$0000000A)
    _printf_o                                0x0000044d   Thumb Code     0  _printf_o.o(.ARM.Collect$$_printf_percent$$0000000B)
    _printf_x                                0x00000453   Thumb Code     0  _printf_x.o(.ARM.Collect$$_printf_percent$$0000000C)
    _printf_lli                              0x00000459   Thumb Code     0  _printf_lli.o(.ARM.Collect$$_printf_percent$$0000000D)
    _printf_lld                              0x0000045f   Thumb Code     0  _printf_lld.o(.ARM.Collect$$_printf_percent$$0000000E)
    _printf_llu                              0x00000465   Thumb Code     0  _printf_llu.o(.ARM.Collect$$_printf_percent$$0000000F)
    _printf_llo                              0x0000046b   Thumb Code     0  _printf_llo.o(.ARM.Collect$$_printf_percent$$00000010)
    _printf_llx                              0x00000471   Thumb Code     0  _printf_llx.o(.ARM.Collect$$_printf_percent$$00000011)
    _printf_l                                0x00000477   Thumb Code     0  _printf_l.o(.ARM.Collect$$_printf_percent$$00000012)
    _printf_c                                0x00000481   Thumb Code     0  _printf_c.o(.ARM.Collect$$_printf_percent$$00000013)
    _printf_s                                0x00000487   Thumb Code     0  _printf_s.o(.ARM.Collect$$_printf_percent$$00000014)
    _printf_lc                               0x0000048d   Thumb Code     0  _printf_lc.o(.ARM.Collect$$_printf_percent$$00000015)
    _printf_ls                               0x00000493   Thumb Code     0  _printf_ls.o(.ARM.Collect$$_printf_percent$$00000016)
    _printf_percent_end                      0x00000499   Thumb Code     0  _printf_percent_end.o(.ARM.Collect$$_printf_percent$$00000017)
    __rt_lib_init                            0x0000049d   Thumb Code     0  libinit.o(.ARM.Collect$$libinit$$00000000)
    __rt_lib_init_fp_1                       0x0000049f   Thumb Code     0  libinit2.o(.ARM.Collect$$libinit$$00000002)
    __rt_lib_init_heap_1                     0x0000049f   Thumb Code     0  libinit2.o(.ARM.Collect$$libinit$$0000000C)
    __rt_lib_init_lc_common                  0x0000049f   Thumb Code     0  libinit2.o(.ARM.Collect$$libinit$$00000011)
    __rt_lib_init_preinit_1                  0x0000049f   Thumb Code     0  libinit2.o(.ARM.Collect$$libinit$$00000006)
    __rt_lib_init_rand_1                     0x0000049f   Thumb Code     0  libinit2.o(.ARM.Collect$$libinit$$00000010)
    __rt_lib_init_relocate_pie_1             0x0000049f   Thumb Code     0  libinit2.o(.ARM.Collect$$libinit$$00000004)
    __rt_lib_init_user_alloc_1               0x0000049f   Thumb Code     0  libinit2.o(.ARM.Collect$$libinit$$0000000E)
    __rt_lib_init_lc_collate_1               0x000004a5   Thumb Code     0  libinit2.o(.ARM.Collect$$libinit$$00000013)
    __rt_lib_init_lc_ctype_2                 0x000004a5   Thumb Code     0  libinit2.o(.ARM.Collect$$libinit$$00000014)
    __rt_lib_init_lc_ctype_1                 0x000004b1   Thumb Code     0  libinit2.o(.ARM.Collect$$libinit$$00000015)
    __rt_lib_init_lc_monetary_1              0x000004b1   Thumb Code     0  libinit2.o(.ARM.Collect$$libinit$$00000017)
    __rt_lib_init_lc_numeric_2               0x000004b1   Thumb Code     0  libinit2.o(.ARM.Collect$$libinit$$00000018)
    __rt_lib_init_alloca_1                   0x000004bb   Thumb Code     0  libinit2.o(.ARM.Collect$$libinit$$00000030)
    __rt_lib_init_argv_1                     0x000004bb   Thumb Code     0  libinit2.o(.ARM.Collect$$libinit$$0000002E)
    __rt_lib_init_atexit_1                   0x000004bb   Thumb Code     0  libinit2.o(.ARM.Collect$$libinit$$0000001D)
    __rt_lib_init_clock_1                    0x000004bb   Thumb Code     0  libinit2.o(.ARM.Collect$$libinit$$00000023)
    __rt_lib_init_cpp_1                      0x000004bb   Thumb Code     0  libinit2.o(.ARM.Collect$$libinit$$00000034)
    __rt_lib_init_exceptions_1               0x000004bb   Thumb Code     0  libinit2.o(.ARM.Collect$$libinit$$00000032)
    __rt_lib_init_fp_trap_1                  0x000004bb   Thumb Code     0  libinit2.o(.ARM.Collect$$libinit$$00000021)
    __rt_lib_init_getenv_1                   0x000004bb   Thumb Code     0  libinit2.o(.ARM.Collect$$libinit$$00000025)
    __rt_lib_init_lc_numeric_1               0x000004bb   Thumb Code     0  libinit2.o(.ARM.Collect$$libinit$$00000019)
    __rt_lib_init_lc_time_1                  0x000004bb   Thumb Code     0  libinit2.o(.ARM.Collect$$libinit$$0000001B)
    __rt_lib_init_return                     0x000004bb   Thumb Code     0  libinit2.o(.ARM.Collect$$libinit$$00000035)
    __rt_lib_init_signal_1                   0x000004bb   Thumb Code     0  libinit2.o(.ARM.Collect$$libinit$$0000001F)
    __rt_lib_init_stdio_1                    0x000004bb   Thumb Code     0  libinit2.o(.ARM.Collect$$libinit$$00000027)
    __rt_lib_shutdown                        0x000004bd   Thumb Code     0  libshutdown.o(.ARM.Collect$$libshutdown$$00000000)
    __rt_lib_shutdown_cpp_1                  0x000004bf   Thumb Code     0  libshutdown2.o(.ARM.Collect$$libshutdown$$00000002)
    __rt_lib_shutdown_fp_trap_1              0x000004bf   Thumb Code     0  libshutdown2.o(.ARM.Collect$$libshutdown$$00000007)
    __rt_lib_shutdown_heap_1                 0x000004bf   Thumb Code     0  libshutdown2.o(.ARM.Collect$$libshutdown$$0000000F)
    __rt_lib_shutdown_return                 0x000004bf   Thumb Code     0  libshutdown2.o(.ARM.Collect$$libshutdown$$00000010)
    __rt_lib_shutdown_signal_1               0x000004bf   Thumb Code     0  libshutdown2.o(.ARM.Collect$$libshutdown$$0000000A)
    __rt_lib_shutdown_stdio_1                0x000004bf   Thumb Code     0  libshutdown2.o(.ARM.Collect$$libshutdown$$00000004)
    __rt_lib_shutdown_user_alloc_1           0x000004bf   Thumb Code     0  libshutdown2.o(.ARM.Collect$$libshutdown$$0000000C)
    __rt_entry                               0x000004c1   Thumb Code     0  __rtentry.o(.ARM.Collect$$rtentry$$00000000)
    __rt_entry_presh_1                       0x000004c1   Thumb Code     0  __rtentry2.o(.ARM.Collect$$rtentry$$00000002)
    __rt_entry_sh                            0x000004c1   Thumb Code     0  __rtentry4.o(.ARM.Collect$$rtentry$$00000004)
    __rt_entry_li                            0x000004c7   Thumb Code     0  __rtentry2.o(.ARM.Collect$$rtentry$$0000000A)
    __rt_entry_postsh_1                      0x000004c7   Thumb Code     0  __rtentry2.o(.ARM.Collect$$rtentry$$00000009)
    __rt_entry_main                          0x000004cb   Thumb Code     0  __rtentry2.o(.ARM.Collect$$rtentry$$0000000D)
    __rt_entry_postli_1                      0x000004cb   Thumb Code     0  __rtentry2.o(.ARM.Collect$$rtentry$$0000000C)
    __rt_exit                                0x000004d3   Thumb Code     0  rtexit.o(.ARM.Collect$$rtexit$$00000000)
    __rt_exit_ls                             0x000004d5   Thumb Code     0  rtexit2.o(.ARM.Collect$$rtexit$$00000003)
    __rt_exit_prels_1                        0x000004d5   Thumb Code     0  rtexit2.o(.ARM.Collect$$rtexit$$00000002)
    __rt_exit_exit                           0x000004d9   Thumb Code     0  rtexit2.o(.ARM.Collect$$rtexit$$00000004)
    Reset_Handler                            0x000004e1   Thumb Code    32  startup_tm4c123gh6pm.o(.text)
    NMI_Handler                              0x00000501   Thumb Code    20  startup_tm4c123gh6pm.o(.text)
    HardFault_Handler                        0x00000515   Thumb Code    24  startup_tm4c123gh6pm.o(.text)
    MemManage_Handler                        0x0000052d   Thumb Code    24  startup_tm4c123gh6pm.o(.text)
    BusFault_Handler                         0x00000545   Thumb Code    24  startup_tm4c123gh6pm.o(.text)
    UsageFault_Handler                       0x0000055d   Thumb Code    24  startup_tm4c123gh6pm.o(.text)
    SVC_Handler                              0x00000575   Thumb Code    20  startup_tm4c123gh6pm.o(.text)
    DebugMon_Handler                         0x00000589   Thumb Code    24  startup_tm4c123gh6pm.o(.text)
    ADC1Seq0_IRQHandler                      0x000005cd   Thumb Code     0  startup_tm4c123gh6pm.o(.text)
    ADC1Seq1_IRQHandler                      0x000005cd   Thumb Code     0  startup_tm4c123gh6pm.o(.text)
    ADC1Seq2_IRQHandler                      0x000005cd   Thumb Code     0  startup_tm4c123gh6pm.o(.text)
    ADC1Seq3_IRQHandler                      0x000005cd   Thumb Code     0  startup_tm4c123gh6pm.o(.text)
    ADCSeq0_IRQHandler                       0x000005cd   Thumb Code     0  startup_tm4c123gh6pm.o(.text)
    ADCSeq1_IRQHandler                       0x000005cd   Thumb Code     0  startup_tm4c123gh6pm.o(.text)
    ADCSeq2_IRQHandler                       0x000005cd   Thumb Code     0  startup_tm4c123gh6pm.o(.text)
    ADCSeq3_IRQHandler                       0x000005cd   Thumb Code     0  startup_tm4c123gh6pm.o(.text)
    CAN0_IRQHandler                          0x000005cd   Thumb Code     0  startup_tm4c123gh6pm.o(.text)
    CAN1_IRQHandler                          0x000005cd   Thumb Code     0  startup_tm4c123gh6pm.o(.text)
    CAN2_IRQHandler                          0x000005cd   Thumb Code     0  startup_tm4c123gh6pm.o(.text)
    Comp0_IRQHandler                         0x000005cd   Thumb Code     0  startup_tm4c123gh6pm.o(.text)
    Comp1_IRQHandler                         0x000005cd   Thumb Code     0  startup_tm4c123gh6pm.o(.text)
    Comp2_IRQHandler                         0x000005cd   Thumb Code     0  startup_tm4c123gh6pm.o(.text)
    FPU_IRQHandler                           0x000005cd   Thumb Code     0  startup_tm4c123gh6pm.o(.text)
    FlashCtrl_IRQHandler                     0x000005cd   Thumb Code     0  startup_tm4c123gh6pm.o(.text)
    GPIOPortA_IRQHandler                     0x000005cd   Thumb Code     0  startup_tm4c123gh6pm.o(.text)
    GPIOPortB_IRQHandler                     0x000005cd   Thumb Code     0  startup_tm4c123gh6pm.o(.text)
    GPIOPortC_IRQHandler                     0x000005cd   Thumb Code     0  startup_tm4c123gh6pm.o(.text)
    GPIOPortD_IRQHandler                     0x000005cd   Thumb Code     0  startup_tm4c123gh6pm.o(.text)
    GPIOPortE_IRQHandler                     0x000005cd   Thumb Code     0  startup_tm4c123gh6pm.o(.text)
    GPIOPortF_IRQHandler                     0x000005cd   Thumb Code     0  startup_tm4c123gh6pm.o(.text)
    GPIOPortG_IRQHandler                     0x000005cd   Thumb Code     0  startup_tm4c123gh6pm.o(.text)
    GPIOPortH_IRQHandler                     0x000005cd   Thumb Code     0  startup_tm4c123gh6pm.o(.text)
    GPIOPortJ_IRQHandler                     0x000005cd   Thumb Code     0  startup_tm4c123gh6pm.o(.text)
    GPIOPortK_IRQHandler                     0x000005cd   Thumb Code     0  startup_tm4c123gh6pm.o(.text)
    GPIOPortL_IRQHandler                     0x000005cd   Thumb Code     0  startup_tm4c123gh6pm.o(.text)
    GPIOPortM_IRQHandler                     0x000005cd   Thumb Code     0  startup_tm4c123gh6pm.o(.text)
    GPIOPortN_IRQHandler                     0x000005cd   Thumb Code     0  startup_tm4c123gh6pm.o(.text)
    GPIOPortP0_IRQHandler                    0x000005cd   Thumb Code     0  startup_tm4c123gh6pm.o(.text)
    GPIOPortP1_IRQHandler                    0x000005cd   Thumb Code     0  startup_tm4c123gh6pm.o(.text)
    GPIOPortP2_IRQHandler                    0x000005cd   Thumb Code     0  startup_tm4c123gh6pm.o(.text)
    GPIOPortP3_IRQHandler                    0x000005cd   Thumb Code     0  startup_tm4c123gh6pm.o(.text)
    GPIOPortP4_IRQHandler                    0x000005cd   Thumb Code     0  startup_tm4c123gh6pm.o(.text)
    GPIOPortP5_IRQHandler                    0x000005cd   Thumb Code     0  startup_tm4c123gh6pm.o(.text)
    GPIOPortP6_IRQHandler                    0x000005cd   Thumb Code     0  startup_tm4c123gh6pm.o(.text)
    GPIOPortP7_IRQHandler                    0x000005cd   Thumb Code     0  startup_tm4c123gh6pm.o(.text)
    GPIOPortQ0_IRQHandler                    0x000005cd   Thumb Code     0  startup_tm4c123gh6pm.o(.text)
    GPIOPortQ1_IRQHandler                    0x000005cd   Thumb Code     0  startup_tm4c123gh6pm.o(.text)
    GPIOPortQ2_IRQHandler                    0x000005cd   Thumb Code     0  startup_tm4c123gh6pm.o(.text)
    GPIOPortQ3_IRQHandler                    0x000005cd   Thumb Code     0  startup_tm4c123gh6pm.o(.text)
    GPIOPortQ4_IRQHandler                    0x000005cd   Thumb Code     0  startup_tm4c123gh6pm.o(.text)
    GPIOPortQ5_IRQHandler                    0x000005cd   Thumb Code     0  startup_tm4c123gh6pm.o(.text)
    GPIOPortQ6_IRQHandler                    0x000005cd   Thumb Code     0  startup_tm4c123gh6pm.o(.text)
    GPIOPortQ7_IRQHandler                    0x000005cd   Thumb Code     0  startup_tm4c123gh6pm.o(.text)
    GPIOPortR_IRQHandler                     0x000005cd   Thumb Code     0  startup_tm4c123gh6pm.o(.text)
    GPIOPortS_IRQHandler                     0x000005cd   Thumb Code     0  startup_tm4c123gh6pm.o(.text)
    Hibernate_IRQHandler                     0x000005cd   Thumb Code     0  startup_tm4c123gh6pm.o(.text)
    I2C0_IRQHandler                          0x000005cd   Thumb Code     0  startup_tm4c123gh6pm.o(.text)
    I2C1_IRQHandler                          0x000005cd   Thumb Code     0  startup_tm4c123gh6pm.o(.text)
    I2C2_IRQHandler                          0x000005cd   Thumb Code     0  startup_tm4c123gh6pm.o(.text)
    I2C3_IRQHandler                          0x000005cd   Thumb Code     0  startup_tm4c123gh6pm.o(.text)
    I2C4_IRQHandler                          0x000005cd   Thumb Code     0  startup_tm4c123gh6pm.o(.text)
    I2C5_IRQHandler                          0x000005cd   Thumb Code     0  startup_tm4c123gh6pm.o(.text)
    PWM1Fault_IRQHandler                     0x000005cd   Thumb Code     0  startup_tm4c123gh6pm.o(.text)
    PWM1Gen0_IRQHandler                      0x000005cd   Thumb Code     0  startup_tm4c123gh6pm.o(.text)
    PWM1Gen1_IRQHandler                      0x000005cd   Thumb Code     0  startup_tm4c123gh6pm.o(.text)
    PWM1Gen2_IRQHandler                      0x000005cd   Thumb Code     0  startup_tm4c123gh6pm.o(.text)
    PWM1Gen3_IRQHandler                      0x000005cd   Thumb Code     0  startup_tm4c123gh6pm.o(.text)
    PWMFault_IRQHandler                      0x000005cd   Thumb Code     0  startup_tm4c123gh6pm.o(.text)
    PWMGen0_IRQHandler                       0x000005cd   Thumb Code     0  startup_tm4c123gh6pm.o(.text)
    PWMGen1_IRQHandler                       0x000005cd   Thumb Code     0  startup_tm4c123gh6pm.o(.text)
    PWMGen2_IRQHandler                       0x000005cd   Thumb Code     0  startup_tm4c123gh6pm.o(.text)
    PWMGen3_IRQHandler                       0x000005cd   Thumb Code     0  startup_tm4c123gh6pm.o(.text)
    QEI0_IRQHandler                          0x000005cd   Thumb Code     0  startup_tm4c123gh6pm.o(.text)
    QEI1_IRQHandler                          0x000005cd   Thumb Code     0  startup_tm4c123gh6pm.o(.text)
    QEI2_IRQHandler                          0x000005cd   Thumb Code     0  startup_tm4c123gh6pm.o(.text)
    SSI0_IRQHandler                          0x000005cd   Thumb Code     0  startup_tm4c123gh6pm.o(.text)
    SSI1_IRQHandler                          0x000005cd   Thumb Code     0  startup_tm4c123gh6pm.o(.text)
    SSI2_IRQHandler                          0x000005cd   Thumb Code     0  startup_tm4c123gh6pm.o(.text)
    SSI3_IRQHandler                          0x000005cd   Thumb Code     0  startup_tm4c123gh6pm.o(.text)
    SysCtrl_IRQHandler                       0x000005cd   Thumb Code     0  startup_tm4c123gh6pm.o(.text)
    Timer0A_IRQHandler                       0x000005cd   Thumb Code     0  startup_tm4c123gh6pm.o(.text)
    Timer0B_IRQHandler                       0x000005cd   Thumb Code     0  startup_tm4c123gh6pm.o(.text)
    Timer1A_IRQHandler                       0x000005cd   Thumb Code     0  startup_tm4c123gh6pm.o(.text)
    Timer1B_IRQHandler                       0x000005cd   Thumb Code     0  startup_tm4c123gh6pm.o(.text)
    Timer2A_IRQHandler                       0x000005cd   Thumb Code     0  startup_tm4c123gh6pm.o(.text)
    Timer2B_IRQHandler                       0x000005cd   Thumb Code     0  startup_tm4c123gh6pm.o(.text)
    Timer3A_IRQHandler                       0x000005cd   Thumb Code     0  startup_tm4c123gh6pm.o(.text)
    Timer3B_IRQHandler                       0x000005cd   Thumb Code     0  startup_tm4c123gh6pm.o(.text)
    Timer4A_IRQHandler                       0x000005cd   Thumb Code     0  startup_tm4c123gh6pm.o(.text)
    Timer4B_IRQHandler                       0x000005cd   Thumb Code     0  startup_tm4c123gh6pm.o(.text)
    Timer5A_IRQHandler                       0x000005cd   Thumb Code     0  startup_tm4c123gh6pm.o(.text)
    Timer5B_IRQHandler                       0x000005cd   Thumb Code     0  startup_tm4c123gh6pm.o(.text)
    UART0_IRQHandler                         0x000005cd   Thumb Code     0  startup_tm4c123gh6pm.o(.text)
    UART1_IRQHandler                         0x000005cd   Thumb Code     0  startup_tm4c123gh6pm.o(.text)
    UART2_IRQHandler                         0x000005cd   Thumb Code     0  startup_tm4c123gh6pm.o(.text)
    UART3_IRQHandler                         0x000005cd   Thumb Code     0  startup_tm4c123gh6pm.o(.text)
    UART4_IRQHandler                         0x000005cd   Thumb Code     0  startup_tm4c123gh6pm.o(.text)
    UART5_IRQHandler                         0x000005cd   Thumb Code     0  startup_tm4c123gh6pm.o(.text)
    UART6_IRQHandler                         0x000005cd   Thumb Code     0  startup_tm4c123gh6pm.o(.text)
    UART7_IRQHandler                         0x000005cd   Thumb Code     0  startup_tm4c123gh6pm.o(.text)
    USB0_IRQHandler                          0x000005cd   Thumb Code     0  startup_tm4c123gh6pm.o(.text)
    Watchdog_IRQHandler                      0x000005cd   Thumb Code     0  startup_tm4c123gh6pm.o(.text)
    WideTimer0A_IRQHandler                   0x000005cd   Thumb Code     0  startup_tm4c123gh6pm.o(.text)
    WideTimer0B_IRQHandler                   0x000005cd   Thumb Code     0  startup_tm4c123gh6pm.o(.text)
    WideTimer1A_IRQHandler                   0x000005cd   Thumb Code     0  startup_tm4c123gh6pm.o(.text)
    WideTimer1B_IRQHandler                   0x000005cd   Thumb Code     0  startup_tm4c123gh6pm.o(.text)
    WideTimer2A_IRQHandler                   0x000005cd   Thumb Code     0  startup_tm4c123gh6pm.o(.text)
    WideTimer2B_IRQHandler                   0x000005cd   Thumb Code     0  startup_tm4c123gh6pm.o(.text)
    WideTimer3A_IRQHandler                   0x000005cd   Thumb Code     0  startup_tm4c123gh6pm.o(.text)
    WideTimer3B_IRQHandler                   0x000005cd   Thumb Code     0  startup_tm4c123gh6pm.o(.text)
    WideTimer4A_IRQHandler                   0x000005cd   Thumb Code     0  startup_tm4c123gh6pm.o(.text)
    WideTimer4B_IRQHandler                   0x000005cd   Thumb Code     0  startup_tm4c123gh6pm.o(.text)
    WideTimer5A_IRQHandler                   0x000005cd   Thumb Code     0  startup_tm4c123gh6pm.o(.text)
    WideTimer5B_IRQHandler                   0x000005cd   Thumb Code     0  startup_tm4c123gh6pm.o(.text)
    uDMAError_IRQHandler                     0x000005cd   Thumb Code     0  startup_tm4c123gh6pm.o(.text)
    uDMAST_IRQHandler                        0x000005cd   Thumb Code     0  startup_tm4c123gh6pm.o(.text)
    __user_initial_stackheap                 0x000005e5   Thumb Code    10  startup_tm4c123gh6pm.o(.text)
    snprintf                                 0x00000645   Thumb Code    58  snprintf.o(.text)
    __use_two_region_memory                  0x00000685   Thumb Code     2  heapauxi.o(.text)
    __rt_heap_escrow$2region                 0x00000687   Thumb Code     2  heapauxi.o(.text)
    __rt_heap_expand$2region                 0x00000689   Thumb Code     2  heapauxi.o(.text)
    _printf_pre_padding                      0x0000068b   Thumb Code    44  _printf_pad.o(.text)
    _printf_post_padding                     0x000006b7   Thumb Code    34  _printf_pad.o(.text)
    _printf_truncate_signed                  0x000006d9   Thumb Code    18  _printf_truncate.o(.text)
    _printf_truncate_unsigned                0x000006eb   Thumb Code    18  _printf_truncate.o(.text)
    _printf_str                              0x000006fd   Thumb Code    82  _printf_str.o(.text)
    _printf_int_dec                          0x00000751   Thumb Code   104  _printf_dec.o(.text)
    _printf_charcount                        0x000007c9   Thumb Code    40  _printf_charcount.o(.text)
    _printf_char_common                      0x000007fb   Thumb Code    32  _printf_char_common.o(.text)
    _snputc                                  0x00000821   Thumb Code    16  _snputc.o(.text)
    _printf_wctomb                           0x00000831   Thumb Code   182  _printf_wctomb.o(.text)
    _printf_longlong_dec                     0x000008ed   Thumb Code   108  _printf_longlong_dec.o(.text)
    _printf_longlong_oct                     0x00000969   Thumb Code    68  _printf_oct_int_ll.o(.text)
    _printf_int_oct                          0x000009ad   Thumb Code    24  _printf_oct_int_ll.o(.text)
    _printf_ll_oct                           0x000009c5   Thumb Code    12  _printf_oct_int_ll.o(.text)
    _printf_longlong_hex                     0x000009d9   Thumb Code    86  _printf_hex_int_ll_ptr.o(.text)
    _printf_int_hex                          0x00000a2f   Thumb Code    28  _printf_hex_int_ll_ptr.o(.text)
    _printf_ll_hex                           0x00000a4b   Thumb Code    12  _printf_hex_int_ll_ptr.o(.text)
    _printf_hex_ptr                          0x00000a57   Thumb Code    18  _printf_hex_int_ll_ptr.o(.text)
    __printf                                 0x00000a6d   Thumb Code   388  __printf_flags_ss_wp.o(.text)
    _ll_udiv10                               0x00000bf5   Thumb Code   138  lludiv10.o(.text)
    _printf_int_common                       0x00000c7f   Thumb Code   178  _printf_intcommon.o(.text)
    _printf_fp_dec_real                      0x00000ee1   Thumb Code   620  _printf_fp_dec.o(.text)
    _printf_fp_hex_real                      0x0000114d   Thumb Code   756  _printf_fp_hex.o(.text)
    _printf_cs_common                        0x00001449   Thumb Code    20  _printf_char.o(.text)
    _printf_char                             0x0000145d   Thumb Code    16  _printf_char.o(.text)
    _printf_string                           0x0000146d   Thumb Code     8  _printf_char.o(.text)
    _printf_lcs_common                       0x00001475   Thumb Code    20  _printf_wchar.o(.text)
    _printf_wchar                            0x00001489   Thumb Code    16  _printf_wchar.o(.text)
    _printf_wstring                          0x00001499   Thumb Code     8  _printf_wchar.o(.text)
    _c16rtomb                                0x000014a1   Thumb Code    72  _c16rtomb.o(.text)
    _wcrtomb                                 0x000014a1   Thumb Code     0  _c16rtomb.o(.text)
    __user_setup_stackheap                   0x000014e9   Thumb Code    74  sys_stackheap_outer.o(.text)
    __rt_ctype_table                         0x00001535   Thumb Code    16  rt_ctype_table.o(.text)
    __rt_locale                              0x00001545   Thumb Code     8  rt_locale_intlibspace.o(.text)
    _printf_fp_infnan                        0x0000154d   Thumb Code   112  _printf_fp_infnan.o(.text)
    _btod_etento                             0x000015cd   Thumb Code   224  bigflt0.o(.text)
    exit                                     0x000016b1   Thumb Code    18  exit.o(.text)
    __user_libspace                          0x000016c5   Thumb Code     8  libspace.o(.text)
    __user_perproc_libspace                  0x000016c5   Thumb Code     0  libspace.o(.text)
    __user_perthread_libspace                0x000016c5   Thumb Code     0  libspace.o(.text)
    strcmp                                   0x000016d1   Thumb Code   124  strcmpv7em.o(.text)
    _sys_exit                                0x0000174d   Thumb Code     8  sys_exit.o(.text)
    __I$use$semihosting                      0x00001759   Thumb Code     0  use_no_semi.o(.text)
    __use_no_semihosting_swi                 0x00001759   Thumb Code     2  use_no_semi.o(.text)
    __semihosting_library_function           0x0000175b   Thumb Code     0  indicate_semi.o(.text)
    BSP_delay                                0x0000175d   Thumb Code    36  bsp.o(.text.BSP_delay)
    BSP_init                                 0x00001781   Thumb Code   108  bsp.o(.text.BSP_init)
    BSP_ledBlueOff                           0x000017ed   Thumb Code    14  bsp.o(.text.BSP_ledBlueOff)
    BSP_ledBlueOn                            0x000017fd   Thumb Code    14  bsp.o(.text.BSP_ledBlueOn)
    BSP_ledGreenOff                          0x0000180d   Thumb Code    14  bsp.o(.text.BSP_ledGreenOff)
    BSP_ledGreenOn                           0x0000181d   Thumb Code    14  bsp.o(.text.BSP_ledGreenOn)
    BSP_tickCtr                              0x0000182d   Thumb Code    24  bsp.o(.text.BSP_tickCtr)
    Clock_init                               0x00001845   Thumb Code    70  bsp.o(.text.Clock_init)
    I2C0_ReadByte                            0x0000188d   Thumb Code   114  imu.o(.text.I2C0_ReadByte)
    I2C0_SendByte                            0x00001901   Thumb Code    86  imu.o(.text.I2C0_SendByte)
    I2C0_WriteByte                           0x00001959   Thumb Code   174  imu.o(.text.I2C0_WriteByte)
    Logger_log                               0x00001a09   Thumb Code    98  logger.o(.text.Logger_log)
    Logger_log_hex                           0x00001a6d   Thumb Code    50  logger.o(.text.Logger_log_hex)
    MPU6050_Calibrate                        0x00001aa1   Thumb Code   426  imu.o(.text.MPU6050_Calibrate)
    MPU6050_Init                             0x00001c4d   Thumb Code    64  imu.o(.text.MPU6050_Init)
    MPU6050_ReadWord                         0x00001c8d   Thumb Code   126  imu.o(.text.MPU6050_ReadWord)
    OSThread_start                           0x00001d0d   Thumb Code   342  miros.o(.text.OSThread_start)
    OS_init                                  0x00001e65   Thumb Code    18  miros.o(.text.OS_init)
    OS_onStartup                             0x00001e79   Thumb Code    46  bsp.o(.text.OS_onStartup)
    OS_run                                   0x00001ea9   Thumb Code    28  miros.o(.text.OS_run)
    OS_sched                                 0x00001ec5   Thumb Code   114  miros.o(.text.OS_sched)
    PendSV_Handler                           0x00001f39   Thumb Code    46  miros.o(.text.PendSV_Handler)
    Q_onAssert                               0x00001f71   Thumb Code    22  bsp.o(.text.Q_onAssert)
    SysTick_Handler                          0x00001fdd   Thumb Code    50  bsp.o(.text.SysTick_Handler)
    SystemCoreClockUpdate                    0x00002011   Thumb Code   326  system_tm4c123gh6pm.o(.text.SystemCoreClockUpdate)
    SystemInit                               0x00002159   Thumb Code   252  system_tm4c123gh6pm.o(.text.SystemInit)
    Task_ControlLoop                         0x00002255   Thumb Code     4  main.o(.text.Task_ControlLoop)
    Task_LEDHeartbeat                        0x00002259   Thumb Code    28  main.o(.text.Task_LEDHeartbeat)
    Task_Logger                              0x00002275   Thumb Code    74  logger.o(.text.Task_Logger)
    Task_imu                                 0x000022c1   Thumb Code   380  imu.o(.text.Task_imu)
    Task_motor                               0x0000243d   Thumb Code    96  motor.o(.text.Task_motor)
    Tiva_UART5_Transmitter_polling           0x0000249d   Thumb Code    46  uart.o(.text.Tiva_UART5_Transmitter_polling)
    assert_failed                            0x00002511   Thumb Code    14  bsp.o(.text.assert_failed)
    imu_init                                 0x00002689   Thumb Code   148  imu.o(.text.imu_init)
    imu_start                                0x0000271d   Thumb Code    36  imu.o(.text.imu_start)
    logger_start                             0x00002741   Thumb Code    36  logger.o(.text.logger_start)
    main                                     0x00002765   Thumb Code    96  main.o(.text.main)
    motor_init                               0x000027c5   Thumb Code   296  motor.o(.text.motor_init)
    motor_start                              0x000028ed   Thumb Code    34  motor.o(.text.motor_start)
    pwm_set_duty_cycle                       0x00002911   Thumb Code    82  motor.o(.text.pwm_set_duty_cycle)
    set_motor_direction                      0x00002965   Thumb Code    70  motor.o(.text.set_motor_direction)
    uart_init                                0x000029ad   Thumb Code   186  uart.o(.text.uart_init)
    _btod_d2e                                0x00002a67   Thumb Code    62  btod.o(CL$$btod_d2e)
    _d2e_denorm_low                          0x00002aa5   Thumb Code    70  btod.o(CL$$btod_d2e_denorm_low)
    _d2e_norm_op1                            0x00002aeb   Thumb Code    96  btod.o(CL$$btod_d2e_norm_op1)
    __btod_div_common                        0x00002b4d   Thumb Code   696  btod.o(CL$$btod_div_common)
    _e2e                                     0x00002e85   Thumb Code   220  btod.o(CL$$btod_e2e)
    _btod_ediv                               0x00002f61   Thumb Code    42  btod.o(CL$$btod_ediv)
    _btod_emul                               0x00002f8b   Thumb Code    42  btod.o(CL$$btod_emul)
    __btod_mult_common                       0x00002fb5   Thumb Code   580  btod.o(CL$$btod_mult_common)
    __ARM_fpclassify                         0x000031f9   Thumb Code    40  fpclassify.o(i.__ARM_fpclassify)
    _is_digit                                0x00003221   Thumb Code    14  __printf_wp.o(i._is_digit)
    _get_lc_numeric                          0x00003231   Thumb Code    44  lc_numeric_c.o(locale$$code)
    _get_lc_ctype                            0x0000325d   Thumb Code    44  lc_ctype_c.o(locale$$code)
    __fpl_dretinf                            0x00003289   Thumb Code    12  dretinf.o(x$fpl$dretinf)
    __aeabi_f2d                              0x00003295   Thumb Code     0  f2d.o(x$fpl$f2d)
    _f2d                                     0x00003295   Thumb Code    86  f2d.o(x$fpl$f2d)
    __aeabi_i2f                              0x000032ed   Thumb Code     0  fflt_clz.o(x$fpl$fflt)
    _fflt                                    0x000032ed   Thumb Code    48  fflt_clz.o(x$fpl$fflt)
    __aeabi_fmul                             0x0000331d   Thumb Code     0  fmul.o(x$fpl$fmul)
    _fmul                                    0x0000331d   Thumb Code   258  fmul.o(x$fpl$fmul)
    __fpl_fnaninf                            0x0000341f   Thumb Code   140  fnaninf.o(x$fpl$fnaninf)
    __fpl_fretinf                            0x000034ab   Thumb Code    10  fretinf.o(x$fpl$fretinf)
    _printf_fp_dec                           0x000034b5   Thumb Code     4  printf1.o(x$fpl$printf1)
    _printf_fp_hex                           0x000034b9   Thumb Code     4  printf2.o(x$fpl$printf2)
    __I$use$fp                               0x000034bc   Number         0  usenofp.o(x$fpl$usenofp)
    Region$$Table$$Base                      0x000036e0   Number         0  anon$$obj.o(Region$$Table)
    Region$$Table$$Limit                     0x00003710   Number         0  anon$$obj.o(Region$$Table)
    __ctype                                  0x00003739   Data           0  lc_ctype_c.o(locale$$data)
    SystemCoreClock                          0x20000800   Data           4  system_tm4c123gh6pm.o(.data.SystemCoreClock)
    __libspace_start                         0x20000808   Data          96  libspace.o(.bss)
    ControlLoop                              0x20000868   Data           4  main.o(.bss.ControlLoop)
    __temporary_stack_top$libspace           0x20000868   Data           0  libspace.o(.bss)
    LEDHeartbeat                             0x2000086c   Data           4  main.o(.bss.LEDHeartbeat)
    LoggerThread                             0x20000870   Data           4  logger.o(.bss.LoggerThread)
    OS_curr                                  0x20000874   Data           4  miros.o(.bss.OS_curr)
    OS_currIdx                               0x20000878   Data           1  miros.o(.bss.OS_currIdx)
    OS_next                                  0x2000087c   Data           4  miros.o(.bss.OS_next)
    OS_thread                                0x20000880   Data         132  miros.o(.bss.OS_thread)
    OS_threadNum                             0x20000904   Data           1  miros.o(.bss.OS_threadNum)
    imuThread                                0x20000908   Data           4  imu.o(.bss.imuThread)
    imu_bias                                 0x2000090c   Data          12  imu.o(.bss.imu_bias)
    motorThread                              0x20000b1c   Data           4  motor.o(.bss.motorThread)
    stack_ControlLoop                        0x20000b20   Data         160  main.o(.bss.stack_ControlLoop)
    stack_LEDHeartbeat                       0x20000bc0   Data         160  main.o(.bss.stack_LEDHeartbeat)
    stack_Logger                             0x20000c60   Data         320  logger.o(.bss.stack_Logger)
    stack_imu                                0x20000da0   Data        1024  imu.o(.bss.stack_imu)
    stack_motor                              0x200011a0   Data         160  motor.o(.bss.stack_motor)



==============================================================================

Memory Map of the image

  Image Entry point : 0x0000036d

  Load Region LR_IROM1 (Base: 0x00000000, Size: 0x00003848, Max: 0x00040000, ABSOLUTE)

    Execution Region ER_IROM1 (Exec base: 0x00000000, Load base: 0x00000000, Size: 0x0000383c, Max: 0x00040000, ABSOLUTE)

    Exec Addr    Load Addr    Size         Type   Attr      Idx    E Section Name        Object

    0x00000000   0x00000000   0x0000036c   Data   RO          150    RESET               startup_tm4c123gh6pm.o
    0x0000036c   0x0000036c   0x00000008   Code   RO          200  * !!!main             c_w.l(__main.o)
    0x00000374   0x00000374   0x0000005c   Code   RO          553    !!!scatter          c_w.l(__scatter.o)
    0x000003d0   0x000003d0   0x0000001a   Code   RO          557    !!handler_copy      c_w.l(__scatter_copy.o)
    0x000003ea   0x000003ea   0x00000002   PAD
    0x000003ec   0x000003ec   0x00000002   Code   RO          554    !!handler_null      c_w.l(__scatter.o)
    0x000003ee   0x000003ee   0x00000002   PAD
    0x000003f0   0x000003f0   0x0000001c   Code   RO          559    !!handler_zi        c_w.l(__scatter_zi.o)
    0x0000040c   0x0000040c   0x00000000   Code   RO          294    .ARM.Collect$$_printf_percent$$00000000  c_w.l(_printf_percent.o)
    0x0000040c   0x0000040c   0x00000006   Code   RO          283    .ARM.Collect$$_printf_percent$$00000001  c_w.l(_printf_n.o)
    0x00000412   0x00000412   0x00000006   Code   RO          285    .ARM.Collect$$_printf_percent$$00000002  c_w.l(_printf_p.o)
    0x00000418   0x00000418   0x00000006   Code   RO          290    .ARM.Collect$$_printf_percent$$00000003  c_w.l(_printf_f.o)
    0x0000041e   0x0000041e   0x00000006   Code   RO          291    .ARM.Collect$$_printf_percent$$00000004  c_w.l(_printf_e.o)
    0x00000424   0x00000424   0x00000006   Code   RO          292    .ARM.Collect$$_printf_percent$$00000005  c_w.l(_printf_g.o)
    0x0000042a   0x0000042a   0x00000006   Code   RO          293    .ARM.Collect$$_printf_percent$$00000006  c_w.l(_printf_a.o)
    0x00000430   0x00000430   0x0000000a   Code   RO          298    .ARM.Collect$$_printf_percent$$00000007  c_w.l(_printf_ll.o)
    0x0000043a   0x0000043a   0x00000006   Code   RO          287    .ARM.Collect$$_printf_percent$$00000008  c_w.l(_printf_i.o)
    0x00000440   0x00000440   0x00000006   Code   RO          288    .ARM.Collect$$_printf_percent$$00000009  c_w.l(_printf_d.o)
    0x00000446   0x00000446   0x00000006   Code   RO          289    .ARM.Collect$$_printf_percent$$0000000A  c_w.l(_printf_u.o)
    0x0000044c   0x0000044c   0x00000006   Code   RO          286    .ARM.Collect$$_printf_percent$$0000000B  c_w.l(_printf_o.o)
    0x00000452   0x00000452   0x00000006   Code   RO          284    .ARM.Collect$$_printf_percent$$0000000C  c_w.l(_printf_x.o)
    0x00000458   0x00000458   0x00000006   Code   RO          295    .ARM.Collect$$_printf_percent$$0000000D  c_w.l(_printf_lli.o)
    0x0000045e   0x0000045e   0x00000006   Code   RO          296    .ARM.Collect$$_printf_percent$$0000000E  c_w.l(_printf_lld.o)
    0x00000464   0x00000464   0x00000006   Code   RO          297    .ARM.Collect$$_printf_percent$$0000000F  c_w.l(_printf_llu.o)
    0x0000046a   0x0000046a   0x00000006   Code   RO          302    .ARM.Collect$$_printf_percent$$00000010  c_w.l(_printf_llo.o)
    0x00000470   0x00000470   0x00000006   Code   RO          303    .ARM.Collect$$_printf_percent$$00000011  c_w.l(_printf_llx.o)
    0x00000476   0x00000476   0x0000000a   Code   RO          299    .ARM.Collect$$_printf_percent$$00000012  c_w.l(_printf_l.o)
    0x00000480   0x00000480   0x00000006   Code   RO          281    .ARM.Collect$$_printf_percent$$00000013  c_w.l(_printf_c.o)
    0x00000486   0x00000486   0x00000006   Code   RO          282    .ARM.Collect$$_printf_percent$$00000014  c_w.l(_printf_s.o)
    0x0000048c   0x0000048c   0x00000006   Code   RO          300    .ARM.Collect$$_printf_percent$$00000015  c_w.l(_printf_lc.o)
    0x00000492   0x00000492   0x00000006   Code   RO          301    .ARM.Collect$$_printf_percent$$00000016  c_w.l(_printf_ls.o)
    0x00000498   0x00000498   0x00000004   Code   RO          351    .ARM.Collect$$_printf_percent$$00000017  c_w.l(_printf_percent_end.o)
    0x0000049c   0x0000049c   0x00000002   Code   RO          402    .ARM.Collect$$libinit$$00000000  c_w.l(libinit.o)
    0x0000049e   0x0000049e   0x00000000   Code   RO          420    .ARM.Collect$$libinit$$00000002  c_w.l(libinit2.o)
    0x0000049e   0x0000049e   0x00000000   Code   RO          422    .ARM.Collect$$libinit$$00000004  c_w.l(libinit2.o)
    0x0000049e   0x0000049e   0x00000000   Code   RO          424    .ARM.Collect$$libinit$$00000006  c_w.l(libinit2.o)
    0x0000049e   0x0000049e   0x00000000   Code   RO          427    .ARM.Collect$$libinit$$0000000C  c_w.l(libinit2.o)
    0x0000049e   0x0000049e   0x00000000   Code   RO          429    .ARM.Collect$$libinit$$0000000E  c_w.l(libinit2.o)
    0x0000049e   0x0000049e   0x00000000   Code   RO          431    .ARM.Collect$$libinit$$00000010  c_w.l(libinit2.o)
    0x0000049e   0x0000049e   0x00000006   Code   RO          432    .ARM.Collect$$libinit$$00000011  c_w.l(libinit2.o)
    0x000004a4   0x000004a4   0x00000000   Code   RO          434    .ARM.Collect$$libinit$$00000013  c_w.l(libinit2.o)
    0x000004a4   0x000004a4   0x0000000c   Code   RO          435    .ARM.Collect$$libinit$$00000014  c_w.l(libinit2.o)
    0x000004b0   0x000004b0   0x00000000   Code   RO          436    .ARM.Collect$$libinit$$00000015  c_w.l(libinit2.o)
    0x000004b0   0x000004b0   0x00000000   Code   RO          438    .ARM.Collect$$libinit$$00000017  c_w.l(libinit2.o)
    0x000004b0   0x000004b0   0x0000000a   Code   RO          439    .ARM.Collect$$libinit$$00000018  c_w.l(libinit2.o)
    0x000004ba   0x000004ba   0x00000000   Code   RO          440    .ARM.Collect$$libinit$$00000019  c_w.l(libinit2.o)
    0x000004ba   0x000004ba   0x00000000   Code   RO          442    .ARM.Collect$$libinit$$0000001B  c_w.l(libinit2.o)
    0x000004ba   0x000004ba   0x00000000   Code   RO          444    .ARM.Collect$$libinit$$0000001D  c_w.l(libinit2.o)
    0x000004ba   0x000004ba   0x00000000   Code   RO          446    .ARM.Collect$$libinit$$0000001F  c_w.l(libinit2.o)
    0x000004ba   0x000004ba   0x00000000   Code   RO          448    .ARM.Collect$$libinit$$00000021  c_w.l(libinit2.o)
    0x000004ba   0x000004ba   0x00000000   Code   RO          450    .ARM.Collect$$libinit$$00000023  c_w.l(libinit2.o)
    0x000004ba   0x000004ba   0x00000000   Code   RO          452    .ARM.Collect$$libinit$$00000025  c_w.l(libinit2.o)
    0x000004ba   0x000004ba   0x00000000   Code   RO          454    .ARM.Collect$$libinit$$00000027  c_w.l(libinit2.o)
    0x000004ba   0x000004ba   0x00000000   Code   RO          458    .ARM.Collect$$libinit$$0000002E  c_w.l(libinit2.o)
    0x000004ba   0x000004ba   0x00000000   Code   RO          460    .ARM.Collect$$libinit$$00000030  c_w.l(libinit2.o)
    0x000004ba   0x000004ba   0x00000000   Code   RO          462    .ARM.Collect$$libinit$$00000032  c_w.l(libinit2.o)
    0x000004ba   0x000004ba   0x00000000   Code   RO          464    .ARM.Collect$$libinit$$00000034  c_w.l(libinit2.o)
    0x000004ba   0x000004ba   0x00000002   Code   RO          465    .ARM.Collect$$libinit$$00000035  c_w.l(libinit2.o)
    0x000004bc   0x000004bc   0x00000002   Code   RO          489    .ARM.Collect$$libshutdown$$00000000  c_w.l(libshutdown.o)
    0x000004be   0x000004be   0x00000000   Code   RO          504    .ARM.Collect$$libshutdown$$00000002  c_w.l(libshutdown2.o)
    0x000004be   0x000004be   0x00000000   Code   RO          506    .ARM.Collect$$libshutdown$$00000004  c_w.l(libshutdown2.o)
    0x000004be   0x000004be   0x00000000   Code   RO          509    .ARM.Collect$$libshutdown$$00000007  c_w.l(libshutdown2.o)
    0x000004be   0x000004be   0x00000000   Code   RO          512    .ARM.Collect$$libshutdown$$0000000A  c_w.l(libshutdown2.o)
    0x000004be   0x000004be   0x00000000   Code   RO          514    .ARM.Collect$$libshutdown$$0000000C  c_w.l(libshutdown2.o)
    0x000004be   0x000004be   0x00000000   Code   RO          517    .ARM.Collect$$libshutdown$$0000000F  c_w.l(libshutdown2.o)
    0x000004be   0x000004be   0x00000002   Code   RO          518    .ARM.Collect$$libshutdown$$00000010  c_w.l(libshutdown2.o)
    0x000004c0   0x000004c0   0x00000000   Code   RO          212    .ARM.Collect$$rtentry$$00000000  c_w.l(__rtentry.o)
    0x000004c0   0x000004c0   0x00000000   Code   RO          320    .ARM.Collect$$rtentry$$00000002  c_w.l(__rtentry2.o)
    0x000004c0   0x000004c0   0x00000006   Code   RO          332    .ARM.Collect$$rtentry$$00000004  c_w.l(__rtentry4.o)
    0x000004c6   0x000004c6   0x00000000   Code   RO          322    .ARM.Collect$$rtentry$$00000009  c_w.l(__rtentry2.o)
    0x000004c6   0x000004c6   0x00000004   Code   RO          323    .ARM.Collect$$rtentry$$0000000A  c_w.l(__rtentry2.o)
    0x000004ca   0x000004ca   0x00000000   Code   RO          325    .ARM.Collect$$rtentry$$0000000C  c_w.l(__rtentry2.o)
    0x000004ca   0x000004ca   0x00000008   Code   RO          326    .ARM.Collect$$rtentry$$0000000D  c_w.l(__rtentry2.o)
    0x000004d2   0x000004d2   0x00000002   Code   RO          410    .ARM.Collect$$rtexit$$00000000  c_w.l(rtexit.o)
    0x000004d4   0x000004d4   0x00000000   Code   RO          467    .ARM.Collect$$rtexit$$00000002  c_w.l(rtexit2.o)
    0x000004d4   0x000004d4   0x00000004   Code   RO          468    .ARM.Collect$$rtexit$$00000003  c_w.l(rtexit2.o)
    0x000004d8   0x000004d8   0x00000006   Code   RO          469    .ARM.Collect$$rtexit$$00000004  c_w.l(rtexit2.o)
    0x000004de   0x000004de   0x00000002   PAD
    0x000004e0   0x000004e0   0x00000164   Code   RO          151    .text               startup_tm4c123gh6pm.o
    0x00000644   0x00000644   0x00000040   Code   RO          196    .text               c_w.l(snprintf.o)
    0x00000684   0x00000684   0x00000006   Code   RO          198    .text               c_w.l(heapauxi.o)
    0x0000068a   0x0000068a   0x0000004e   Code   RO          215    .text               c_w.l(_printf_pad.o)
    0x000006d8   0x000006d8   0x00000024   Code   RO          217    .text               c_w.l(_printf_truncate.o)
    0x000006fc   0x000006fc   0x00000052   Code   RO          219    .text               c_w.l(_printf_str.o)
    0x0000074e   0x0000074e   0x00000002   PAD
    0x00000750   0x00000750   0x00000078   Code   RO          221    .text               c_w.l(_printf_dec.o)
    0x000007c8   0x000007c8   0x00000028   Code   RO          223    .text               c_w.l(_printf_charcount.o)
    0x000007f0   0x000007f0   0x00000030   Code   RO          225    .text               c_w.l(_printf_char_common.o)
    0x00000820   0x00000820   0x00000010   Code   RO          227    .text               c_w.l(_snputc.o)
    0x00000830   0x00000830   0x000000bc   Code   RO          229    .text               c_w.l(_printf_wctomb.o)
    0x000008ec   0x000008ec   0x0000007c   Code   RO          232    .text               c_w.l(_printf_longlong_dec.o)
    0x00000968   0x00000968   0x00000070   Code   RO          238    .text               c_w.l(_printf_oct_int_ll.o)
    0x000009d8   0x000009d8   0x00000094   Code   RO          258    .text               c_w.l(_printf_hex_int_ll_ptr.o)
    0x00000a6c   0x00000a6c   0x00000188   Code   RO          278    .text               c_w.l(__printf_flags_ss_wp.o)
    0x00000bf4   0x00000bf4   0x0000008a   Code   RO          334    .text               c_w.l(lludiv10.o)
    0x00000c7e   0x00000c7e   0x000000b2   Code   RO          336    .text               c_w.l(_printf_intcommon.o)
    0x00000d30   0x00000d30   0x0000041c   Code   RO          338    .text               c_w.l(_printf_fp_dec.o)
    0x0000114c   0x0000114c   0x000002fc   Code   RO          342    .text               c_w.l(_printf_fp_hex.o)
    0x00001448   0x00001448   0x0000002c   Code   RO          347    .text               c_w.l(_printf_char.o)
    0x00001474   0x00001474   0x0000002c   Code   RO          349    .text               c_w.l(_printf_wchar.o)
    0x000014a0   0x000014a0   0x00000048   Code   RO          352    .text               c_w.l(_c16rtomb.o)
    0x000014e8   0x000014e8   0x0000004a   Code   RO          354    .text               c_w.l(sys_stackheap_outer.o)
    0x00001532   0x00001532   0x00000002   PAD
    0x00001534   0x00001534   0x00000010   Code   RO          356    .text               c_w.l(rt_ctype_table.o)
    0x00001544   0x00001544   0x00000008   Code   RO          361    .text               c_w.l(rt_locale_intlibspace.o)
    0x0000154c   0x0000154c   0x00000080   Code   RO          363    .text               c_w.l(_printf_fp_infnan.o)
    0x000015cc   0x000015cc   0x000000e4   Code   RO          365    .text               c_w.l(bigflt0.o)
    0x000016b0   0x000016b0   0x00000012   Code   RO          395    .text               c_w.l(exit.o)
    0x000016c2   0x000016c2   0x00000002   PAD
    0x000016c4   0x000016c4   0x00000008   Code   RO          407    .text               c_w.l(libspace.o)
    0x000016cc   0x000016cc   0x00000004   PAD
    0x000016d0   0x000016d0   0x0000007c   Code   RO          417    .text               c_w.l(strcmpv7em.o)
    0x0000174c   0x0000174c   0x0000000c   Code   RO          479    .text               c_w.l(sys_exit.o)
    0x00001758   0x00001758   0x00000002   Code   RO          494    .text               c_w.l(use_no_semi.o)
    0x0000175a   0x0000175a   0x00000000   Code   RO          496    .text               c_w.l(indicate_semi.o)
    0x0000175a   0x0000175a   0x00000002   PAD
    0x0000175c   0x0000175c   0x00000024   Code   RO           28    .text.BSP_delay     bsp.o
    0x00001780   0x00001780   0x0000006c   Code   RO           24    .text.BSP_init      bsp.o
    0x000017ec   0x000017ec   0x0000000e   Code   RO           36    .text.BSP_ledBlueOff  bsp.o
    0x000017fa   0x000017fa   0x00000002   PAD
    0x000017fc   0x000017fc   0x0000000e   Code   RO           34    .text.BSP_ledBlueOn  bsp.o
    0x0000180a   0x0000180a   0x00000002   PAD
    0x0000180c   0x0000180c   0x0000000e   Code   RO           40    .text.BSP_ledGreenOff  bsp.o
    0x0000181a   0x0000181a   0x00000002   PAD
    0x0000181c   0x0000181c   0x0000000e   Code   RO           38    .text.BSP_ledGreenOn  bsp.o
    0x0000182a   0x0000182a   0x00000002   PAD
    0x0000182c   0x0000182c   0x00000018   Code   RO           26    .text.BSP_tickCtr   bsp.o
    0x00001844   0x00001844   0x00000046   Code   RO           22    .text.Clock_init    bsp.o
    0x0000188a   0x0000188a   0x00000002   PAD
    0x0000188c   0x0000188c   0x00000072   Code   RO          128    .text.I2C0_ReadByte  imu.o
    0x000018fe   0x000018fe   0x00000002   PAD
    0x00001900   0x00001900   0x00000056   Code   RO          126    .text.I2C0_SendByte  imu.o
    0x00001956   0x00001956   0x00000002   PAD
    0x00001958   0x00001958   0x000000ae   Code   RO          130    .text.I2C0_WriteByte  imu.o
    0x00001a06   0x00001a06   0x00000002   PAD
    0x00001a08   0x00001a08   0x00000062   Code   RO           79    .text.Logger_log    logger.o
    0x00001a6a   0x00001a6a   0x00000002   PAD
    0x00001a6c   0x00001a6c   0x00000032   Code   RO           83    .text.Logger_log_hex  logger.o
    0x00001a9e   0x00001a9e   0x00000002   PAD
    0x00001aa0   0x00001aa0   0x000001aa   Code   RO          136    .text.MPU6050_Calibrate  imu.o
    0x00001c4a   0x00001c4a   0x00000002   PAD
    0x00001c4c   0x00001c4c   0x00000040   Code   RO          124    .text.MPU6050_Init  imu.o
    0x00001c8c   0x00001c8c   0x0000007e   Code   RO          132    .text.MPU6050_ReadWord  imu.o
    0x00001d0a   0x00001d0a   0x00000002   PAD
    0x00001d0c   0x00001d0c   0x00000156   Code   RO          178    .text.OSThread_start  miros.o
    0x00001e62   0x00001e62   0x00000002   PAD
    0x00001e64   0x00001e64   0x00000012   Code   RO          172    .text.OS_init       miros.o
    0x00001e76   0x00001e76   0x00000002   PAD
    0x00001e78   0x00001e78   0x0000002e   Code   RO           42    .text.OS_onStartup  bsp.o
    0x00001ea6   0x00001ea6   0x00000002   PAD
    0x00001ea8   0x00001ea8   0x0000001c   Code   RO          176    .text.OS_run        miros.o
    0x00001ec4   0x00001ec4   0x00000072   Code   RO          174    .text.OS_sched      miros.o
    0x00001f36   0x00001f36   0x00000002   PAD
    0x00001f38   0x00001f38   0x00000038   Code   RO          180    .text.PendSV_Handler  miros.o
    0x00001f70   0x00001f70   0x00000016   Code   RO           48    .text.Q_onAssert    bsp.o
    0x00001f86   0x00001f86   0x00000002   PAD
    0x00001f88   0x00001f88   0x00000054   Code   RO           44    .text.SysTick_Config  bsp.o
    0x00001fdc   0x00001fdc   0x00000032   Code   RO           20    .text.SysTick_Handler  bsp.o
    0x0000200e   0x0000200e   0x00000002   PAD
    0x00002010   0x00002010   0x00000146   Code   RO          158    .text.SystemCoreClockUpdate  system_tm4c123gh6pm.o
    0x00002156   0x00002156   0x00000002   PAD
    0x00002158   0x00002158   0x000000fc   Code   RO          162    .text.SystemInit    system_tm4c123gh6pm.o
    0x00002254   0x00002254   0x00000004   Code   RO            4    .text.Task_ControlLoop  main.o
    0x00002258   0x00002258   0x0000001c   Code   RO            2    .text.Task_LEDHeartbeat  main.o
    0x00002274   0x00002274   0x0000004a   Code   RO           77    .text.Task_Logger   logger.o
    0x000022be   0x000022be   0x00000002   PAD
    0x000022c0   0x000022c0   0x0000017c   Code   RO          120    .text.Task_imu      imu.o
    0x0000243c   0x0000243c   0x00000060   Code   RO          100    .text.Task_motor    motor.o
    0x0000249c   0x0000249c   0x0000002e   Code   RO           62    .text.Tiva_UART5_Transmitter_polling  uart.o
    0x000024ca   0x000024ca   0x00000002   PAD
    0x000024cc   0x000024cc   0x00000042   Code   RO           46    .text.__NVIC_SetPriority  bsp.o
    0x0000250e   0x0000250e   0x00000002   PAD
    0x00002510   0x00002510   0x0000000e   Code   RO           50    .text.assert_failed  bsp.o
    0x0000251e   0x0000251e   0x00000002   PAD
    0x00002520   0x00002520   0x00000168   Code   RO          160    .text.getOscClk     system_tm4c123gh6pm.o
    0x00002688   0x00002688   0x00000094   Code   RO          122    .text.imu_init      imu.o
    0x0000271c   0x0000271c   0x00000024   Code   RO          118    .text.imu_start     imu.o
    0x00002740   0x00002740   0x00000024   Code   RO           75    .text.logger_start  logger.o
    0x00002764   0x00002764   0x00000060   Code   RO            6    .text.main          main.o
    0x000027c4   0x000027c4   0x00000128   Code   RO          102    .text.motor_init    motor.o
    0x000028ec   0x000028ec   0x00000022   Code   RO           98    .text.motor_start   motor.o
    0x0000290e   0x0000290e   0x00000002   PAD
    0x00002910   0x00002910   0x00000052   Code   RO          104    .text.pwm_set_duty_cycle  motor.o
    0x00002962   0x00002962   0x00000002   PAD
    0x00002964   0x00002964   0x00000046   Code   RO          106    .text.set_motor_direction  motor.o
    0x000029aa   0x000029aa   0x00000002   PAD
    0x000029ac   0x000029ac   0x000000ba   Code   RO           60    .text.uart_init     uart.o
    0x00002a66   0x00002a66   0x0000003e   Code   RO          368    CL$$btod_d2e        c_w.l(btod.o)
    0x00002aa4   0x00002aa4   0x00000046   Code   RO          370    CL$$btod_d2e_denorm_low  c_w.l(btod.o)
    0x00002aea   0x00002aea   0x00000060   Code   RO          369    CL$$btod_d2e_norm_op1  c_w.l(btod.o)
    0x00002b4a   0x00002b4a   0x00000002   PAD
    0x00002b4c   0x00002b4c   0x00000338   Code   RO          378    CL$$btod_div_common  c_w.l(btod.o)
    0x00002e84   0x00002e84   0x000000dc   Code   RO          375    CL$$btod_e2e        c_w.l(btod.o)
    0x00002f60   0x00002f60   0x0000002a   Code   RO          372    CL$$btod_ediv       c_w.l(btod.o)
    0x00002f8a   0x00002f8a   0x0000002a   Code   RO          371    CL$$btod_emul       c_w.l(btod.o)
    0x00002fb4   0x00002fb4   0x00000244   Code   RO          377    CL$$btod_mult_common  c_w.l(btod.o)
    0x000031f8   0x000031f8   0x00000028   Code   RO          405    i.__ARM_fpclassify  m_ws.l(fpclassify.o)
    0x00003220   0x00003220   0x0000000e   Code   RO          271    i._is_digit         c_w.l(__printf_wp.o)
    0x0000322e   0x0000322e   0x00000002   PAD
    0x00003230   0x00003230   0x0000002c   Code   RO          393    locale$$code        c_w.l(lc_numeric_c.o)
    0x0000325c   0x0000325c   0x0000002c   Code   RO          415    locale$$code        c_w.l(lc_ctype_c.o)
    0x00003288   0x00003288   0x0000000c   Code   RO          304    x$fpl$dretinf       fz_ws.l(dretinf.o)
    0x00003294   0x00003294   0x00000056   Code   RO          202    x$fpl$f2d           fz_ws.l(f2d.o)
    0x000032ea   0x000032ea   0x00000002   PAD
    0x000032ec   0x000032ec   0x00000030   Code   RO          205    x$fpl$fflt          fz_ws.l(fflt_clz.o)
    0x0000331c   0x0000331c   0x00000102   Code   RO          210    x$fpl$fmul          fz_ws.l(fmul.o)
    0x0000341e   0x0000341e   0x0000008c   Code   RO          306    x$fpl$fnaninf       fz_ws.l(fnaninf.o)
    0x000034aa   0x000034aa   0x0000000a   Code   RO          308    x$fpl$fretinf       fz_ws.l(fretinf.o)
    0x000034b4   0x000034b4   0x00000004   Code   RO          310    x$fpl$printf1       fz_ws.l(printf1.o)
    0x000034b8   0x000034b8   0x00000004   Code   RO          312    x$fpl$printf2       fz_ws.l(printf2.o)
    0x000034bc   0x000034bc   0x00000000   Code   RO          318    x$fpl$usenofp       fz_ws.l(usenofp.o)
    0x000034bc   0x000034bc   0x00000008   Data   RO          230    .constdata          c_w.l(_printf_wctomb.o)
    0x000034c4   0x000034c4   0x00000028   Data   RO          259    .constdata          c_w.l(_printf_hex_int_ll_ptr.o)
    0x000034ec   0x000034ec   0x00000011   Data   RO          279    .constdata          c_w.l(__printf_flags_ss_wp.o)
    0x000034fd   0x000034fd   0x00000026   Data   RO          343    .constdata          c_w.l(_printf_fp_hex.o)
    0x00003523   0x00003523   0x00000001   PAD
    0x00003524   0x00003524   0x00000094   Data   RO          366    .constdata          c_w.l(bigflt0.o)
    0x000035b8   0x000035b8   0x00000008   Data   RO          187    .rodata.Q_this_module_  miros.o
    0x000035c0   0x000035c0   0x00000016   Data   RO           90    .rodata.str1.1      logger.o
    0x000035d6   0x000035d6   0x0000003c   Data   RO          110    .rodata.str1.1      motor.o
    0x00003612   0x00003612   0x000000cb   Data   RO          141    .rodata.str1.1      imu.o
    0x000036dd   0x000036dd   0x00000003   PAD
    0x000036e0   0x000036e0   0x00000030   Data   RO          552    Region$$Table       anon$$obj.o
    0x00003710   0x00003710   0x0000001c   Data   RO          392    locale$$data        c_w.l(lc_numeric_c.o)
    0x0000372c   0x0000372c   0x00000110   Data   RO          414    locale$$data        c_w.l(lc_ctype_c.o)


    Execution Region RW_STACK (Exec base: 0x20000000, Load base: 0x0000383c, Size: 0x00000800, Max: 0xffffffff, ABSOLUTE)

    Exec Addr    Load Addr    Size         Type   Attr      Idx    E Section Name        Object

    0x20000000        -       0x00000800   Zero   RW          148    STACK               startup_tm4c123gh6pm.o


    Execution Region RW_IRAM1 (Exec base: 0x20000800, Load base: 0x00003840, Size: 0x00000a58, Max: 0x00007800, ABSOLUTE)

    Exec Addr    Load Addr    Size         Type   Attr      Idx    E Section Name        Object

    0x20000800   0x00003840   0x00000004   Data   RW          164    .data.SystemCoreClock  system_tm4c123gh6pm.o
    0x20000804   0x00003844   0x00000004   PAD
    0x20000808        -       0x00000060   Zero   RW          408    .bss                c_w.l(libspace.o)
    0x20000868        -       0x00000004   Zero   RW           10    .bss.ControlLoop    main.o
    0x2000086c        -       0x00000004   Zero   RW            8    .bss.LEDHeartbeat   main.o
    0x20000870        -       0x00000004   Zero   RW           85    .bss.LoggerThread   logger.o
    0x20000874        -       0x00000004   Zero   RW          186    .bss.OS_curr        miros.o
    0x20000878        -       0x00000001   Zero   RW          182    .bss.OS_currIdx     miros.o
    0x20000879   0x00003844   0x00000003   PAD
    0x2000087c        -       0x00000004   Zero   RW          185    .bss.OS_next        miros.o
    0x20000880        -       0x00000084   Zero   RW          184    .bss.OS_thread      miros.o
    0x20000904        -       0x00000001   Zero   RW          183    .bss.OS_threadNum   miros.o
    0x20000905   0x00003844   0x00000001   PAD
    0x20000906        -       0x00000002   Zero   RW           87    .bss.head           logger.o
    0x20000908        -       0x00000004   Zero   RW          139    .bss.imuThread      imu.o
    0x2000090c        -       0x0000000c   Zero   RW          138    .bss.imu_bias       imu.o
    0x20000918        -       0x00000004   Zero   RW           52    .bss.l_tickCtr      bsp.o
    0x2000091c        -       0x00000200   Zero   RW           89    .bss.logBuffer      logger.o
    0x20000b1c        -       0x00000004   Zero   RW          108    .bss.motorThread    motor.o
    0x20000b20        -       0x000000a0   Zero   RW           11    .bss.stack_ControlLoop  main.o
    0x20000bc0        -       0x000000a0   Zero   RW            9    .bss.stack_LEDHeartbeat  main.o
    0x20000c60        -       0x00000140   Zero   RW           86    .bss.stack_Logger   logger.o
    0x20000da0        -       0x00000400   Zero   RW          140    .bss.stack_imu      imu.o
    0x200011a0        -       0x000000a0   Zero   RW          109    .bss.stack_motor    motor.o
    0x20001240        -       0x00000002   Zero   RW           88    .bss.tail           logger.o
    0x20001242   0x00003844   0x00000006   PAD
    0x20001248        -       0x00000010   Zero   RW          149    HEAP                startup_tm4c123gh6pm.o


==============================================================================

Image component sizes


      Code (inc. data)   RO Data    RW Data    ZI Data      Debug   Object Name

       576          0          0          0          4      10293   bsp.o
      1554          0        203          0       1040       3857   imu.o
       258          0         22          0        840       1810   logger.o
       128          0          0          0        328       1083   main.o
       558          8          8          0        142       1843   miros.o
       578          0         60          0        164       8143   motor.o
       356        178        876          0       2064       1176   startup_tm4c123gh6pm.o
       938         28          0          4          0       6145   system_tm4c123gh6pm.o
       232          0          0          0          0       1016   uart.o

    ----------------------------------------------------------------------
      5230        214       1220          4       4596      35366   Object Totals
         0          0         48          0          0          0   (incl. Generated)
        52          0          3          0         14          0   (incl. Padding)

    ----------------------------------------------------------------------

      Code (inc. data)   RO Data    RW Data    ZI Data      Debug   Library Member Name

         8          0          0          0          0         68   __main.o
       392          4         17          0          0         92   __printf_flags_ss_wp.o
        14          0          0          0          0         68   __printf_wp.o
         0          0          0          0          0          0   __rtentry.o
        12          0          0          0          0          0   __rtentry2.o
         6          0          0          0          0          0   __rtentry4.o
        94          8          0          0          0          0   __scatter.o
        26          0          0          0          0          0   __scatter_copy.o
        28          0          0          0          0          0   __scatter_zi.o
        72          0          0          0          0         96   _c16rtomb.o
         6          0          0          0          0          0   _printf_a.o
         6          0          0          0          0          0   _printf_c.o
        44          0          0          0          0        108   _printf_char.o
        48          6          0          0          0         96   _printf_char_common.o
        40          0          0          0          0         68   _printf_charcount.o
         6          0          0          0          0          0   _printf_d.o
       120         16          0          0          0         92   _printf_dec.o
         6          0          0          0          0          0   _printf_e.o
         6          0          0          0          0          0   _printf_f.o
      1052          0          0          0          0        148   _printf_fp_dec.o
       764          8         38          0          0        100   _printf_fp_hex.o
       128         16          0          0          0         84   _printf_fp_infnan.o
         6          0          0          0          0          0   _printf_g.o
       148          4         40          0          0        160   _printf_hex_int_ll_ptr.o
         6          0          0          0          0          0   _printf_i.o
       178          0          0          0          0         88   _printf_intcommon.o
        10          0          0          0          0          0   _printf_l.o
         6          0          0          0          0          0   _printf_lc.o
        10          0          0          0          0          0   _printf_ll.o
         6          0          0          0          0          0   _printf_lld.o
         6          0          0          0          0          0   _printf_lli.o
         6          0          0          0          0          0   _printf_llo.o
         6          0          0          0          0          0   _printf_llu.o
         6          0          0          0          0          0   _printf_llx.o
       124         16          0          0          0         92   _printf_longlong_dec.o
         6          0          0          0          0          0   _printf_ls.o
         6          0          0          0          0          0   _printf_n.o
         6          0          0          0          0          0   _printf_o.o
       112          8          0          0          0        124   _printf_oct_int_ll.o
         6          0          0          0          0          0   _printf_p.o
        78          0          0          0          0        108   _printf_pad.o
         0          0          0          0          0          0   _printf_percent.o
         4          0          0          0          0          0   _printf_percent_end.o
         6          0          0          0          0          0   _printf_s.o
        82          0          0          0          0         80   _printf_str.o
        36          0          0          0          0         84   _printf_truncate.o
         6          0          0          0          0          0   _printf_u.o
        44          0          0          0          0        108   _printf_wchar.o
       188          6          8          0          0         92   _printf_wctomb.o
         6          0          0          0          0          0   _printf_x.o
        16          0          0          0          0         68   _snputc.o
       228          4        148          0          0         96   bigflt0.o
      1936        128          0          0          0        668   btod.o
        18          0          0          0          0         80   exit.o
         6          0          0          0          0        152   heapauxi.o
         0          0          0          0          0          0   indicate_semi.o
        44         10        272          0          0         76   lc_ctype_c.o
        44         10         28          0          0         76   lc_numeric_c.o
         2          0          0          0          0          0   libinit.o
        30          0          0          0          0          0   libinit2.o
         2          0          0          0          0          0   libshutdown.o
         2          0          0          0          0          0   libshutdown2.o
         8          4          0          0         96         68   libspace.o
       138          0          0          0          0         80   lludiv10.o
        16          4          0          0          0         76   rt_ctype_table.o
         8          4          0          0          0         68   rt_locale_intlibspace.o
         2          0          0          0          0          0   rtexit.o
        10          0          0          0          0          0   rtexit2.o
        64          6          0          0          0         84   snprintf.o
       124          0          0          0          0         88   strcmpv7em.o
        12          4          0          0          0         68   sys_exit.o
        74          0          0          0          0         80   sys_stackheap_outer.o
         2          0          0          0          0         68   use_no_semi.o
        12          0          0          0          0         68   dretinf.o
        86          4          0          0          0         84   f2d.o
        48          0          0          0          0         68   fflt_clz.o
       258          4          0          0          0         84   fmul.o
       140          4          0          0          0         84   fnaninf.o
        10          0          0          0          0         68   fretinf.o
         4          0          0          0          0         68   printf1.o
         4          0          0          0          0         68   printf2.o
         0          0          0          0          0          0   usenofp.o
        40          0          0          0          0         68   fpclassify.o

    ----------------------------------------------------------------------
      7394        282        552          0         96       4512   Library Totals
        24          4          1          0          0          0   (incl. Padding)

    ----------------------------------------------------------------------

      Code (inc. data)   RO Data    RW Data    ZI Data      Debug   Library Name

      6768        266        551          0         96       3852   c_w.l
       562         12          0          0          0        592   fz_ws.l
        40          0          0          0          0         68   m_ws.l

    ----------------------------------------------------------------------
      7394        282        552          0         96       4512   Library Totals

    ----------------------------------------------------------------------

==============================================================================


      Code (inc. data)   RO Data    RW Data    ZI Data      Debug   

     12624        496       1772          4       4692      37358   Grand Totals
     12624        496       1772          4       4692      37358   ELF Image Totals
     12624        496       1772          4          0          0   ROM Totals

==============================================================================

    Total RO  Size (Code + RO Data)                14396 (  14.06kB)
    Total RW  Size (RW Data + ZI Data)              4696 (   4.59kB)
    Total ROM Size (Code + RO Data + RW Data)      14400 (  14.06kB)

==============================================================================

