Component: Arm Compiler for Embedded 6.22 Tool: armlink [5ee90200]

==============================================================================

Section Cross References

    main.o(.text.Task_LEDHeartbeat) refers to bsp.o(.text.BSP_ledGreenOn) for BSP_ledGreenOn
    main.o(.text.Task_LEDHeartbeat) refers to bsp.o(.text.BSP_delay) for BSP_delay
    main.o(.text.Task_LEDHeartbeat) refers to bsp.o(.text.BSP_ledGreenOff) for BSP_ledGreenOff
    main.o(.ARM.exidx.text.Task_LEDHeartbeat) refers to main.o(.text.Task_LEDHeartbeat) for [Anonymous Symbol]
    main.o(.ARM.exidx.text.Task_ControlLoop) refers to main.o(.text.Task_ControlLoop) for [Anonymous Symbol]
    main.o(.text.main) refers to bsp.o(.text.BSP_init) for BSP_init
    main.o(.text.main) refers to miros.o(.text.OS_init) for OS_init
    main.o(.text.main) refers to logger.o(.text.logger_start) for logger_start
    main.o(.text.main) refers to main.o(.bss.LEDHeartbeat) for LEDHeartbeat
    main.o(.text.main) refers to main.o(.text.Task_LEDHeartbeat) for Task_LEDHeartbeat
    main.o(.text.main) refers to main.o(.bss.stack_LEDHeartbeat) for stack_LEDHeartbeat
    main.o(.text.main) refers to miros.o(.text.OSThread_start) for OSThread_start
    main.o(.text.main) refers to motor.o(.text.motor_start) for motor_start
    main.o(.text.main) refers to imu.o(.text.imu_start) for imu_start
    main.o(.text.main) refers to bluetooth.o(.text.bt_command_start) for bt_command_start
    main.o(.text.main) refers to miros.o(.text.OS_run) for OS_run
    main.o(.ARM.exidx.text.main) refers to main.o(.text.main) for [Anonymous Symbol]
    bsp.o(.text.SysTick_Handler) refers to bsp.o(.bss.l_tickCtr) for l_tickCtr
    bsp.o(.text.SysTick_Handler) refers to miros.o(.text.OS_sched) for OS_sched
    bsp.o(.ARM.exidx.text.SysTick_Handler) refers to bsp.o(.text.SysTick_Handler) for [Anonymous Symbol]
    bsp.o(.text.Timer0A_IRQHandler) refers to imu.o(.text.Complementary_Filter) for Complementary_Filter
    bsp.o(.text.Timer0A_IRQHandler) refers to imu.o(.bss.current_pitch) for current_pitch
    bsp.o(.text.Timer0A_IRQHandler) refers to pid.o(.text.PID_update) for PID_update
    bsp.o(.text.Timer0A_IRQHandler) refers to pid.o(.bss.output) for output
    bsp.o(.ARM.exidx.text.Timer0A_IRQHandler) refers to bsp.o(.text.Timer0A_IRQHandler) for [Anonymous Symbol]
    bsp.o(.ARM.exidx.text.Clock_init) refers to bsp.o(.text.Clock_init) for [Anonymous Symbol]
    bsp.o(.text.ControlTimer_Init) refers to bsp.o(.text.__NVIC_EnableIRQ) for __NVIC_EnableIRQ
    bsp.o(.ARM.exidx.text.ControlTimer_Init) refers to bsp.o(.text.ControlTimer_Init) for [Anonymous Symbol]
    bsp.o(.ARM.exidx.text.__NVIC_EnableIRQ) refers to bsp.o(.text.__NVIC_EnableIRQ) for [Anonymous Symbol]
    bsp.o(.ARM.exidx.text.ControlTimer_Start) refers to bsp.o(.text.ControlTimer_Start) for [Anonymous Symbol]
    bsp.o(.text.BSP_init) refers to bsp.o(.text.Clock_init) for Clock_init
    bsp.o(.text.BSP_init) refers to uart.o(.text.uart_init) for uart_init
    bsp.o(.text.BSP_init) refers to motor.o(.text.motor_init) for motor_init
    bsp.o(.text.BSP_init) refers to imu.o(.text.imu_init) for imu_init
    bsp.o(.text.BSP_init) refers to bsp.o(.text.ControlTimer_Init) for ControlTimer_Init
    bsp.o(.ARM.exidx.text.BSP_init) refers to bsp.o(.text.BSP_init) for [Anonymous Symbol]
    bsp.o(.text.BSP_tickCtr) refers to bsp.o(.bss.l_tickCtr) for l_tickCtr
    bsp.o(.ARM.exidx.text.BSP_tickCtr) refers to bsp.o(.text.BSP_tickCtr) for [Anonymous Symbol]
    bsp.o(.text.BSP_delay) refers to bsp.o(.text.BSP_tickCtr) for BSP_tickCtr
    bsp.o(.ARM.exidx.text.BSP_delay) refers to bsp.o(.text.BSP_delay) for [Anonymous Symbol]
    bsp.o(.text.UART5_IRQHandler) refers to bsp.o(.text.BSP_ledRedOn) for BSP_ledRedOn
    bsp.o(.text.UART5_IRQHandler) refers to bsp.o(.text.BSP_ledRedOff) for BSP_ledRedOff
    bsp.o(.text.UART5_IRQHandler) refers to bsp.o(.bss.rx_index) for rx_index
    bsp.o(.text.UART5_IRQHandler) refers to bsp.o(.bss.uart_rx_buffer) for uart_rx_buffer
    bsp.o(.text.UART5_IRQHandler) refers to bsp.o(.bss.command_ready) for command_ready
    bsp.o(.text.UART5_IRQHandler) refers to miros.o(.text.OS_sched) for OS_sched
    bsp.o(.ARM.exidx.text.UART5_IRQHandler) refers to bsp.o(.text.UART5_IRQHandler) for [Anonymous Symbol]
    bsp.o(.ARM.exidx.text.BSP_ledRedOn) refers to bsp.o(.text.BSP_ledRedOn) for [Anonymous Symbol]
    bsp.o(.ARM.exidx.text.BSP_ledRedOff) refers to bsp.o(.text.BSP_ledRedOff) for [Anonymous Symbol]
    bsp.o(.ARM.exidx.text.HardFault_Handler) refers to bsp.o(.text.HardFault_Handler) for [Anonymous Symbol]
    bsp.o(.ARM.exidx.text.BSP_ledBlueOn) refers to bsp.o(.text.BSP_ledBlueOn) for [Anonymous Symbol]
    bsp.o(.ARM.exidx.text.BSP_ledBlueOff) refers to bsp.o(.text.BSP_ledBlueOff) for [Anonymous Symbol]
    bsp.o(.ARM.exidx.text.BSP_ledGreenOn) refers to bsp.o(.text.BSP_ledGreenOn) for [Anonymous Symbol]
[...]
    .L.str.6                                 0x00004f8b   Data           2  bluetooth.o(.rodata.str1.1)
    .L.str.5                                 0x00004f8d   Data           3  bluetooth.o(.rodata.str1.1)
    .L.str.3                                 0x00004f90   Data           3  bluetooth.o(.rodata.str1.1)
    .L.str.9                                 0x00004f91   Data           2  bluetooth.o(.rodata.str1.1)
    .L.str.1                                 0x00004f93   Data           3  bluetooth.o(.rodata.str1.1)
    .L.str.7                                 0x00004f94   Data           2  bluetooth.o(.rodata.str1.1)
    locale$$data                             0x00004fc8   Section       28  lc_numeric_c.o(locale$$data)
    __lcnum_c_name                           0x00004fcc   Data           2  lc_numeric_c.o(locale$$data)
    __lcnum_c_start                          0x00004fd4   Data           0  lc_numeric_c.o(locale$$data)
    __lcnum_c_point                          0x00004fe0   Data           0  lc_numeric_c.o(locale$$data)
    __lcnum_c_thousands                      0x00004fe2   Data           0  lc_numeric_c.o(locale$$data)
    __lcnum_c_grouping                       0x00004fe3   Data           0  lc_numeric_c.o(locale$$data)
    __lcnum_c_end                            0x00004fe4   Data           0  lc_numeric_c.o(locale$$data)
    locale$$data                             0x00004fe4   Section      272  lc_ctype_c.o(locale$$data)
    __lcctype_c_name                         0x00004fe8   Data           2  lc_ctype_c.o(locale$$data)
    __lcctype_c_start                        0x00004ff0   Data           0  lc_ctype_c.o(locale$$data)
    __lcctype_c_end                          0x000050f4   Data           0  lc_ctype_c.o(locale$$data)
    __stack_base                             0x20000000   Data           0  startup_tm4c123gh6pm.o(STACK)
    STACK                                    0x20000000   Section     2048  startup_tm4c123gh6pm.o(STACK)
    __initial_sp                             0x20000800   Data           0  startup_tm4c123gh6pm.o(STACK)
    __stack_limit                            0x20000800   Data           0  startup_tm4c123gh6pm.o(STACK)
    .bss                                     0x20000810   Section       96  libspace.o(.bss)
    derivative_filtered                      0x20000940   Data           4  pid.o(.bss.derivative_filtered)
    [Anonymous Symbol]                       0x20000940   Section        0  pid.o(.bss.derivative_filtered)
    head                                     0x2000094c   Data           2  logger.o(.bss.head)
    [Anonymous Symbol]                       0x2000094c   Section        0  logger.o(.bss.head)
    l_tickCtr                                0x20000988   Data           4  bsp.o(.bss.l_tickCtr)
    [Anonymous Symbol]                       0x20000988   Section        0  bsp.o(.bss.l_tickCtr)
    logBuffer                                0x2000098c   Data         512  logger.o(.bss.logBuffer)
    [Anonymous Symbol]                       0x2000098c   Section        0  logger.o(.bss.logBuffer)
    pitch                                    0x20000b9c   Data           4  imu.o(.bss.pitch)
    [Anonymous Symbol]                       0x20000b9c   Section        0  imu.o(.bss.pitch)
    printCounter                             0x20000ba4   Data           1  imu.o(.bss.printCounter)
    [Anonymous Symbol]                       0x20000ba4   Section        0  imu.o(.bss.printCounter)
    tail                                     0x200022fe   Data           2  logger.o(.bss.tail)
    [Anonymous Symbol]                       0x200022fe   Section        0  logger.o(.bss.tail)
    __heap_base                              0x20002340   Data           0  startup_tm4c123gh6pm.o(HEAP)
    HEAP                                     0x20002340   Section       16  startup_tm4c123gh6pm.o(HEAP)
    __heap_limit                             0x20002350   Data           0  startup_tm4c123gh6pm.o(HEAP)

    Global Symbols

    Symbol Name                              Value     Ov Type        Size  Object(Section)

    BuildAttributes$$THM_ISAv4$E$P$D$K$B$S$7EM$PE$A:L22UL41UL21$X:L11$S22US41US21$IEEE1$IW$~IW$USESV6$~STKCKD$USESV7$~SHL$OTIME$ROPI$IEEEX$EBA8$UX$STANDARDLIB$REQ8$PRES8$EABIv2 0x00000000   Number         0  anon$$obj.o ABSOLUTE
    __Vectors                                0x00000000   Data           0  startup_tm4c123gh6pm.o(RESET)
    __fp_init_empty                          0x00000000   Number         0  fpinit_empty.o ABSOLUTE
    _printf_flags                            0x00000000   Number         0  printf_stubs.o ABSOLUTE
    _printf_return_value                     0x00000000   Number         0  printf_stubs.o ABSOLUTE
    _printf_sizespec                         0x00000000   Number         0  printf_stubs.o ABSOLUTE
    _printf_widthprec                        0x00000000   Number         0  printf_stubs.o ABSOLUTE
    __ARM_exceptions_init                     - Undefined Weak Reference
    __alloca_initialize                       - Undefined Weak Reference
    __arm_preinit_                            - Undefined Weak Reference
    __arm_relocate_pie_                       - Undefined Weak Reference
    __cpp_initialize__aeabi_                  - Undefined Weak Reference
    __cxa_finalize                            - Undefined Weak Reference
    __sigvec_lookup                           - Undefined Weak Reference
    _atexit_init                              - Undefined Weak Reference
    _call_atexit_fns                          - Undefined Weak Reference
    _clock_init                               - Undefined Weak Reference
    _fp_trap_init                             - Undefined Weak Reference
    _fp_trap_shutdown                         - Undefined Weak Reference
    _get_lc_collate                           - Undefined Weak Reference
    _get_lc_monetary                          - Undefined Weak Reference
    _get_lc_time                              - Undefined Weak Reference
    _getenv_init                              - Undefined Weak Reference
    _handle_redirection                       - Undefined Weak Reference
    _init_alloc                               - Undefined Weak Reference
    _init_user_alloc                          - Undefined Weak Reference
    _initio                                   - Undefined Weak Reference
    _printf_mbtowc                            - Undefined Weak Reference
    _printf_wc                                - Undefined Weak Reference
    _rand_init                                - Undefined Weak Reference
    _signal_finish                            - Undefined Weak Reference
    _signal_init                              - Undefined Weak Reference
    _terminate_alloc                          - Undefined Weak Reference
    _terminate_user_alloc                     - Undefined Weak Reference
    _terminateio                              - Undefined Weak Reference
    __Vectors_End                            0x0000046c   Data           0  startup_tm4c123gh6pm.o(RESET)
    __Vectors_Size                           0x0000046c   Number         0  startup_tm4c123gh6pm.o ABSOLUTE
    __main                                   0x0000046d   Thumb Code     8  __main.o(!!!main)
    __scatterload                            0x00000475   Thumb Code     0  __scatter.o(!!!scatter)
    __scatterload_rt2                        0x00000475   Thumb Code    84  __scatter.o(!!!scatter)
    __scatterload_rt2_thumb_only             0x00000475   Thumb Code     0  __scatter.o(!!!scatter)
    __scatterload_loop                       0x0000047f   Thumb Code     0  __scatter.o(!!!scatter)
    __scatterload_copy                       0x000004d1   Thumb Code    26  __scatter_copy.o(!!handler_copy)
    __scatterload_null                       0x000004ed   Thumb Code     2  __scatter.o(!!handler_null)
    __scatterload_zeroinit                   0x000004f1   Thumb Code    28  __scatter_zi.o(!!handler_zi)
    _printf_n                                0x0000050d   Thumb Code     0  _printf_n.o(.ARM.Collect$$_printf_percent$$00000001)
    _printf_percent                          0x0000050d   Thumb Code     0  _printf_percent.o(.ARM.Collect$$_printf_percent$$00000000)
    _printf_p                                0x00000513   Thumb Code     0  _printf_p.o(.ARM.Collect$$_printf_percent$$00000002)
    _printf_f                                0x00000519   Thumb Code     0  _printf_f.o(.ARM.Collect$$_printf_percent$$00000003)
    _printf_e                                0x0000051f   Thumb Code     0  _printf_e.o(.ARM.Collect$$_printf_percent$$00000004)
    _printf_g                                0x00000525   Thumb Code     0  _printf_g.o(.ARM.Collect$$_printf_percent$$00000005)
    _printf_a                                0x0000052b   Thumb Code     0  _printf_a.o(.ARM.Collect$$_printf_percent$$00000006)
    _printf_ll                               0x00000531   Thumb Code     0  _printf_ll.o(.ARM.Collect$$_printf_percent$$00000007)
    _printf_i                                0x0000053b   Thumb Code     0  _printf_i.o(.ARM.Collect$$_printf_percent$$00000008)
    _printf_d                                0x00000541   Thumb Code     0  _printf_d.o(.ARM.Collect$$_printf_percent$$00000009)
    _printf_u                                0x00000547   Thumb Code     0  _printf_u.o(.ARM.Collect$$_printf_percent$$0000000A)
    _printf_o                                0x0000054d   Thumb Code     0  _printf_o.o(.ARM.Collect$$_printf_percent$$0000000B)
    _printf_x                                0x00000553   Thumb Code     0  _printf_x.o(.ARM.Collect$$_printf_percent$$0000000C)
    _printf_lli                              0x00000559   Thumb Code     0  _printf_lli.o(.ARM.Collect$$_printf_percent$$0000000D)
    _printf_lld                              0x0000055f   Thumb Code     0  _printf_lld.o(.ARM.Collect$$_printf_percent$$0000000E)
    _printf_llu                              0x00000565   Thumb Code     0  _printf_llu.o(.ARM.Collect$$_printf_percent$$0000000F)
    _printf_llo                              0x0000056b   Thumb Code     0  _printf_llo.o(.ARM.Collect$$_printf_percent$$00000010)
    _printf_llx                              0x00000571   Thumb Code     0  _printf_llx.o(.ARM.Collect$$_printf_percent$$00000011)
    _printf_l                                0x00000577   Thumb Code     0  _printf_l.o(.ARM.Collect$$_printf_percent$$00000012)
    _printf_c                                0x00000581   Thumb Code     0  _printf_c.o(.ARM.Collect$$_printf_percent$$00000013)
    _printf_s                                0x00000587   Thumb Code     0  _printf_s.o(.ARM.Collect$$_printf_percent$$00000014)
    _printf_lc                               0x0000058d   Thumb Code     0  _printf_lc.o(.ARM.Collect$$_printf_percent$$00000015)
    _printf_ls                               0x00000593   Thumb Code     0  _printf_ls.o(.ARM.Collect$$_printf_percent$$00000016)
    _printf_percent_end                      0x00000599   Thumb Code     0  _printf_percent_end.o(.ARM.Collect$$_printf_percent$$00000017)
    __rt_lib_init                            0x0000059d   Thumb Code     0  libinit.o(.ARM.Collect$$libinit$$00000000)
    __rt_lib_init_fp_1                       0x0000059f   Thumb Code     0  libinit2.o(.ARM.Collect$$libinit$$00000002)
    __rt_lib_init_heap_1                     0x0000059f   Thumb Code     0  libinit2.o(.ARM.Collect$$libinit$$0000000C)
    __rt_lib_init_lc_common                  0x0000059f   Thumb Code     0  libinit2.o(.ARM.Collect$$libinit$$00000011)
    __rt_lib_init_preinit_1                  0x0000059f   Thumb Code     0  libinit2.o(.ARM.Collect$$libinit$$00000006)
    __rt_lib_init_rand_1                     0x0000059f   Thumb Code     0  libinit2.o(.ARM.Collect$$libinit$$00000010)
    __rt_lib_init_relocate_pie_1             0x0000059f   Thumb Code     0  libinit2.o(.ARM.Collect$$libinit$$00000004)
    __rt_lib_init_user_alloc_1               0x0000059f   Thumb Code     0  libinit2.o(.ARM.Collect$$libinit$$0000000E)
    __rt_lib_init_lc_collate_1               0x000005a5   Thumb Code     0  libinit2.o(.ARM.Collect$$libinit$$00000013)
    __rt_lib_init_lc_ctype_2                 0x000005a5   Thumb Code     0  libinit2.o(.ARM.Collect$$libinit$$00000014)
    __rt_lib_init_lc_ctype_1                 0x000005b1   Thumb Code     0  libinit2.o(.ARM.Collect$$libinit$$00000015)
    __rt_lib_init_lc_monetary_1              0x000005b1   Thumb Code     0  libinit2.o(.ARM.Collect$$libinit$$00000017)
    __rt_lib_init_lc_numeric_2               0x000005b1   Thumb Code     0  libinit2.o(.ARM.Collect$$libinit$$00000018)
    __rt_lib_init_alloca_1                   0x000005bb   Thumb Code     0  libinit2.o(.ARM.Collect$$libinit$$00000030)
    __rt_lib_init_argv_1                     0x000005bb   Thumb Code     0  libinit2.o(.ARM.Collect$$libinit$$0000002E)
    __rt_lib_init_atexit_1                   0x000005bb   Thumb Code     0  libinit2.o(.ARM.Collect$$libinit$$0000001D)
    __rt_lib_init_clock_1                    0x000005bb   Thumb Code     0  libinit2.o(.ARM.Collect$$libinit$$00000023)
    __rt_lib_init_cpp_1                      0x000005bb   Thumb Code     0  libinit2.o(.ARM.Collect$$libinit$$00000034)
    __rt_lib_init_exceptions_1               0x000005bb   Thumb Code     0  libinit2.o(.ARM.Collect$$libinit$$00000032)
    __rt_lib_init_fp_trap_1                  0x000005bb   Thumb Code     0  libinit2.o(.ARM.Collect$$libinit$$00000021)
    __rt_lib_init_getenv_1                   0x000005bb   Thumb Code     0  libinit2.o(.ARM.Collect$$libinit$$00000025)
    __rt_lib_init_lc_numeric_1               0x000005bb   Thumb Code     0  libinit2.o(.ARM.Collect$$libinit$$00000019)
    __rt_lib_init_lc_time_1                  0x000005bb   Thumb Code     0  libinit2.o(.ARM.Collect$$libinit$$0000001B)
    __rt_lib_init_return                     0x000005bb   Thumb Code     0  libinit2.o(.ARM.Collect$$libinit$$00000035)
    __rt_lib_init_signal_1                   0x000005bb   Thumb Code     0  libinit2.o(.ARM.Collect$$libinit$$0000001F)
    __rt_lib_init_stdio_1                    0x000005bb   Thumb Code     0  libinit2.o(.ARM.Collect$$libinit$$00000027)
    __rt_lib_shutdown                        0x000005bd   Thumb Code     0  libshutdown.o(.ARM.Collect$$libshutdown$$00000000)
    __rt_lib_shutdown_cpp_1                  0x000005bf   Thumb Code     0  libshutdown2.o(.ARM.Collect$$libshutdown$$00000002)
    __rt_lib_shutdown_fp_trap_1              0x000005bf   Thumb Code     0  libshutdown2.o(.ARM.Collect$$libshutdown$$00000007)
    __rt_lib_shutdown_heap_1                 0x000005bf   Thumb Code     0  libshutdown2.o(.ARM.Collect$$libshutdown$$0000000F)
    __rt_lib_shutdown_return                 0x000005bf   Thumb Code     0  libshutdown2.o(.ARM.Collect$$libshutdown$$00000010)
    __rt_lib_shutdown_signal_1               0x000005bf   Thumb Code     0  libshutdown2.o(.ARM.Collect$$libshutdown$$0000000A)
    __rt_lib_shutdown_stdio_1                0x000005bf   Thumb Code     0  libshutdown2.o(.ARM.Collect$$libshutdown$$00000004)
    __rt_lib_shutdown_user_alloc_1           0x000005bf   Thumb Code     0  libshutdown2.o(.ARM.Collect$$libshutdown$$0000000C)
    __rt_entry                               0x000005c1   Thumb Code     0  __rtentry.o(.ARM.Collect$$rtentry$$00000000)
    __rt_entry_presh_1                       0x000005c1   Thumb Code     0  __rtentry2.o(.ARM.Collect$$rtentry$$00000002)
    __rt_entry_sh                            0x000005c1   Thumb Code     0  __rtentry4.o(.ARM.Collect$$rtentry$$00000004)
    __rt_entry_li                            0x000005c7   Thumb Code     0  __rtentry2.o(.ARM.Collect$$rtentry$$0000000A)
    __rt_entry_postsh_1                      0x000005c7   Thumb Code     0  __rtentry2.o(.ARM.Collect$$rtentry$$00000009)
    __rt_entry_main                          0x000005cb   Thumb Code     0  __rtentry2.o(.ARM.Collect$$rtentry$$0000000D)
    __rt_entry_postli_1                      0x000005cb   Thumb Code     0  __rtentry2.o(.ARM.Collect$$rtentry$$0000000C)
    __rt_exit                                0x000005d3   Thumb Code     0  rtexit.o(.ARM.Collect$$rtexit$$00000000)
    __rt_exit_ls                             0x000005d5   Thumb Code     0  rtexit2.o(.ARM.Collect$$rtexit$$00000003)
    __rt_exit_prels_1                        0x000005d5   Thumb Code     0  rtexit2.o(.ARM.Collect$$rtexit$$00000002)
    __rt_exit_exit                           0x000005d9   Thumb Code     0  rtexit2.o(.ARM.Collect$$rtexit$$00000004)
    Reset_Handler                            0x000005e1   Thumb Code    32  startup_tm4c123gh6pm.o(.text)
    NMI_Handler                              0x00000601   Thumb Code    20  startup_tm4c123gh6pm.o(.text)
    MemManage_Handler                        0x0000062d   Thumb Code    24  startup_tm4c123gh6pm.o(.text)
    BusFault_Handler                         0x00000645   Thumb Code    24  startup_tm4c123gh6pm.o(.text)
    UsageFault_Handler                       0x0000065d   Thumb Code    24  startup_tm4c123gh6pm.o(.text)
    SVC_Handler                              0x00000675   Thumb Code    20  startup_tm4c123gh6pm.o(.text)
    DebugMon_Handler                         0x00000689   Thumb Code    24  startup_tm4c123gh6pm.o(.text)
    ADC1Seq0_IRQHandler                      0x000006cd   Thumb Code     0  startup_tm4c123gh6pm.o(.text)
    ADC1Seq1_IRQHandler                      0x000006cd   Thumb Code     0  startup_tm4c123gh6pm.o(.text)
    ADC1Seq2_IRQHandler                      0x000006cd   Thumb Code     0  startup_tm4c123gh6pm.o(.text)
    ADC1Seq3_IRQHandler                      0x000006cd   Thumb Code     0  startup_tm4c123gh6pm.o(.text)
    ADCSeq0_IRQHandler                       0x000006cd   Thumb Code     0  startup_tm4c123gh6pm.o(.text)
    ADCSeq1_IRQHandler                       0x000006cd   Thumb Code     0  startup_tm4c123gh6pm.o(.text)
    ADCSeq2_IRQHandler                       0x000006cd   Thumb Code     0  startup_tm4c123gh6pm.o(.text)
    ADCSeq3_IRQHandler                       0x000006cd   Thumb Code     0  startup_tm4c123gh6pm.o(.text)
    CAN0_IRQHandler                          0x000006cd   Thumb Code     0  startup_tm4c123gh6pm.o(.text)
    CAN1_IRQHandler                          0x000006cd   Thumb Code     0  startup_tm4c123gh6pm.o(.text)
    CAN2_IRQHandler                          0x000006cd   Thumb Code     0  startup_tm4c123gh6pm.o(.text)
    Comp0_IRQHandler                         0x000006cd   Thumb Code     0  startup_tm4c123gh6pm.o(.text)
    Comp1_IRQHandler                         0x000006cd   Thumb Code     0  startup_tm4c123gh6pm.o(.text)
    Comp2_IRQHandler                         0x000006cd   Thumb Code     0  startup_tm4c123gh6pm.o(.text)
    FPU_IRQHandler                           0x000006cd   Thumb Code     0  startup_tm4c123gh6pm.o(.text)
    FlashCtrl_IRQHandler                     0x000006cd   Thumb Code     0  startup_tm4c123gh6pm.o(.text)
    GPIOPortA_IRQHandler                     0x000006cd   Thumb Code     0  startup_tm4c123gh6pm.o(.text)
    GPIOPortB_IRQHandler                     0x000006cd   Thumb Code     0  startup_tm4c123gh6pm.o(.text)
    GPIOPortC_IRQHandler                     0x000006cd   Thumb Code     0  startup_tm4c123gh6pm.o(.text)
    GPIOPortD_IRQHandler                     0x000006cd   Thumb Code     0  startup_tm4c123gh6pm.o(.text)
    GPIOPortE_IRQHandler                     0x000006cd   Thumb Code     0  startup_tm4c123gh6pm.o(.text)
    GPIOPortF_IRQHandler                     0x000006cd   Thumb Code     0  startup_tm4c123gh6pm.o(.text)
    GPIOPortG_IRQHandler                     0x000006cd   Thumb Code     0  startup_tm4c123gh6pm.o(.text)
    GPIOPortH_IRQHandler                     0x000006cd   Thumb Code     0  startup_tm4c123gh6pm.o(.text)
    GPIOPortJ_IRQHandler                     0x000006cd   Thumb Code     0  startup_tm4c123gh6pm.o(.text)
    GPIOPortK_IRQHandler                     0x000006cd   Thumb Code     0  startup_tm4c123gh6pm.o(.text)
    GPIOPortL_IRQHandler                     0x000006cd   Thumb Code     0  startup_tm4c123gh6pm.o(.text)
    GPIOPortM_IRQHandler                     0x000006cd   Thumb Code     0  startup_tm4c123gh6pm.o(.text)
    GPIOPortN_IRQHandler                     0x000006cd   Thumb Code     0  startup_tm4c123gh6pm.o(.text)
    GPIOPortP0_IRQHandler                    0x000006cd   Thumb Code     0  startup_tm4c123gh6pm.o(.text)
    GPIOPortP1_IRQHandler                    0x000006cd   Thumb Code     0  startup_tm4c123gh6pm.o(.text)
    GPIOPortP2_IRQHandler                    0x000006cd   Thumb Code     0  startup_tm4c123gh6pm.o(.text)
    GPIOPortP3_IRQHandler                    0x000006cd   Thumb Code     0  startup_tm4c123gh6pm.o(.text)
    GPIOPortP4_IRQHandler                    0x000006cd   Thumb Code     0  startup_tm4c123gh6pm.o(.text)
    GPIOPortP5_IRQHandler                    0x000006cd   Thumb Code     0  startup_tm4c123gh6pm.o(.text)
    GPIOPortP6_IRQHandler                    0x000006cd   Thumb Code     0  startup_tm4c123gh6pm.o(.text)
    GPIOPortP7_IRQHandler                    0x000006cd   Thumb Code     0  startup_tm4c123gh6pm.o(.text)
    GPIOPortQ0_IRQHandler                    0x000006cd   Thumb Code     0  startup_tm4c123gh6pm.o(.text)
    GPIOPortQ1_IRQHandler                    0x000006cd   Thumb Code     0  startup_tm4c123gh6pm.o(.text)
    GPIOPortQ2_IRQHandler                    0x000006cd   Thumb Code     0  startup_tm4c123gh6pm.o(.text)
    GPIOPortQ3_IRQHandler                    0x000006cd   Thumb Code     0  startup_tm4c123gh6pm.o(.text)
    GPIOPortQ4_IRQHandler                    0x000006cd   Thumb Code     0  startup_tm4c123gh6pm.o(.text)
    GPIOPortQ5_IRQHandler                    0x000006cd   Thumb Code     0  startup_tm4c123gh6pm.o(.text)
    GPIOPortQ6_IRQHandler                    0x000006cd   Thumb Code     0  startup_tm4c123gh6pm.o(.text)
    GPIOPortQ7_IRQHandler                    0x000006cd   Thumb Code     0  startup_tm4c123gh6pm.o(.text)
    GPIOPortR_IRQHandler                     0x000006cd   Thumb Code     0  startup_tm4c123gh6pm.o(.text)
    GPIOPortS_IRQHandler                     0x000006cd   Thumb Code     0  startup_tm4c123gh6pm.o(.text)
    Hibernate_IRQHandler                     0x000006cd   Thumb Code     0  startup_tm4c123gh6pm.o(.text)
    I2C0_IRQHandler                          0x000006cd   Thumb Code     0  startup_tm4c123gh6pm.o(.text)
    I2C1_IRQHandler                          0x000006cd   Thumb Code     0  startup_tm4c123gh6pm.o(.text)
    I2C2_IRQHandler                          0x000006cd   Thumb Code     0  startup_tm4c123gh6pm.o(.text)
    I2C3_IRQHandler                          0x000006cd   Thumb Code     0  startup_tm4c123gh6pm.o(.text)
    I2C4_IRQHandler                          0x000006cd   Thumb Code     0  startup_tm4c123gh6pm.o(.text)
    I2C5_IRQHandler                          0x000006cd   Thumb Code     0  startup_tm4c123gh6pm.o(.text)
    PWM1Fault_IRQHandler                     0x000006cd   Thumb Code     0  startup_tm4c123gh6pm.o(.text)
    PWM1Gen0_IRQHandler                      0x000006cd   Thumb Code     0  startup_tm4c123gh6pm.o(.text)
    PWM1Gen1_IRQHandler                      0x000006cd   Thumb Code     0  startup_tm4c123gh6pm.o(.text)
    PWM1Gen2_IRQHandler                      0x000006cd   Thumb Code     0  startup_tm4c123gh6pm.o(.text)
    PWM1Gen3_IRQHandler                      0x000006cd   Thumb Code     0  startup_tm4c123gh6pm.o(.text)
    PWMFault_IRQHandler                      0x000006cd   Thumb Code     0  startup_tm4c123gh6pm.o(.text)
    PWMGen0_IRQHandler                       0x000006cd   Thumb Code     0  startup_tm4c123gh6pm.o(.text)
    PWMGen1_IRQHandler                       0x000006cd   Thumb Code     0  startup_tm4c123gh6pm.o(.text)
    PWMGen2_IRQHandler                       0x000006cd   Thumb Code     0  startup_tm4c123gh6pm.o(.text)
    PWMGen3_IRQHandler                       0x000006cd   Thumb Code     0  startup_tm4c123gh6pm.o(.text)
    QEI0_IRQHandler                          0x000006cd   Thumb Code     0  startup_tm4c123gh6pm.o(.text)
    QEI1_IRQHandler                          0x000006cd   Thumb Code     0  startup_tm4c123gh6pm.o(.text)
    QEI2_IRQHandler                          0x000006cd   Thumb Code     0  startup_tm4c123gh6pm.o(.text)
    SSI0_IRQHandler                          0x000006cd   Thumb Code     0  startup_tm4c123gh6pm.o(.text)
    SSI1_IRQHandler                          0x000006cd   Thumb Code     0  startup_tm4c123gh6pm.o(.text)
    SSI2_IRQHandler                          0x000006cd   Thumb Code     0  startup_tm4c123gh6pm.o(.text)
    SSI3_IRQHandler                          0x000006cd   Thumb Code     0  startup_tm4c123gh6pm.o(.text)
    SysCtrl_IRQHandler                       0x000006cd   Thumb Code     0  startup_tm4c123gh6pm.o(.text)
    Timer0B_IRQHandler                       0x000006cd   Thumb Code     0  startup_tm4c123gh6pm.o(.text)
    Timer1A_IRQHandler                       0x000006cd   Thumb Code     0  startup_tm4c123gh6pm.o(.text)
    Timer1B_IRQHandler                       0x000006cd   Thumb Code     0  startup_tm4c123gh6pm.o(.text)
    Timer2A_IRQHandler                       0x000006cd   Thumb Code     0  startup_tm4c123gh6pm.o(.text)
    Timer2B_IRQHandler                       0x000006cd   Thumb Code     0  startup_tm4c123gh6pm.o(.text)
    Timer3A_IRQHandler                       0x000006cd   Thumb Code     0  startup_tm4c123gh6pm.o(.text)
    Timer3B_IRQHandler                       0x000006cd   Thumb Code     0  startup_tm4c123gh6pm.o(.text)
    Timer4A_IRQHandler                       0x000006cd   Thumb Code     0  startup_tm4c123gh6pm.o(.text)
    Timer4B_IRQHandler                       0x000006cd   Thumb Code     0  startup_tm4c123gh6pm.o(.text)
    Timer5A_IRQHandler                       0x000006cd   Thumb Code     0  startup_tm4c123gh6pm.o(.text)
    Timer5B_IRQHandler                       0x000006cd   Thumb Code     0  startup_tm4c123gh6pm.o(.text)
    UART0_IRQHandler                         0x000006cd   Thumb Code     0  startup_tm4c123gh6pm.o(.text)
    UART1_IRQHandler                         0x000006cd   Thumb Code     0  startup_tm4c123gh6pm.o(.text)
    UART2_IRQHandler                         0x000006cd   Thumb Code     0  startup_tm4c123gh6pm.o(.text)
    UART3_IRQHandler                         0x000006cd   Thumb Code     0  startup_tm4c123gh6pm.o(.text)
    UART4_IRQHandler                         0x000006cd   Thumb Code     0  startup_tm4c123gh6pm.o(.text)
    UART6_IRQHandler                         0x000006cd   Thumb Code     0  startup_tm4c123gh6pm.o(.text)
    UART7_IRQHandler                         0x000006cd   Thumb Code     0  startup_tm4c123gh6pm.o(.text)
    USB0_IRQHandler                          0x000006cd   Thumb Code     0  startup_tm4c123gh6pm.o(.text)
    Watchdog_IRQHandler                      0x000006cd   Thumb Code     0  startup_tm4c123gh6pm.o(.text)
    WideTimer0A_IRQHandler                   0x000006cd   Thumb Code     0  startup_tm4c123gh6pm.o(.text)
    WideTimer0B_IRQHandler                   0x000006cd   Thumb Code     0  startup_tm4c123gh6pm.o(.text)
    WideTimer1A_IRQHandler                   0x000006cd   Thumb Code     0  startup_tm4c123gh6pm.o(.text)
    WideTimer1B_IRQHandler                   0x000006cd   Thumb Code     0  startup_tm4c123gh6pm.o(.text)
    WideTimer2A_IRQHandler                   0x000006cd   Thumb Code     0  startup_tm4c123gh6pm.o(.text)
    WideTimer2B_IRQHandler                   0x000006cd   Thumb Code     0  startup_tm4c123gh6pm.o(.text)
    WideTimer3A_IRQHandler                   0x000006cd   Thumb Code     0  startup_tm4c123gh6pm.o(.text)
    WideTimer3B_IRQHandler                   0x000006cd   Thumb Code     0  startup_tm4c123gh6pm.o(.text)
    WideTimer4A_IRQHandler                   0x000006cd   Thumb Code     0  startup_tm4c123gh6pm.o(.text)
    WideTimer4B_IRQHandler                   0x000006cd   Thumb Code     0  startup_tm4c123gh6pm.o(.text)
    WideTimer5A_IRQHandler                   0x000006cd   Thumb Code     0  startup_tm4c123gh6pm.o(.text)
    WideTimer5B_IRQHandler                   0x000006cd   Thumb Code     0  startup_tm4c123gh6pm.o(.text)
    uDMAError_IRQHandler                     0x000006cd   Thumb Code     0  startup_tm4c123gh6pm.o(.text)
    uDMAST_IRQHandler                        0x000006cd   Thumb Code     0  startup_tm4c123gh6pm.o(.text)
    __user_initial_stackheap                 0x000006e5   Thumb Code    10  startup_tm4c123gh6pm.o(.text)
    snprintf                                 0x00000745   Thumb Code    58  snprintf.o(.text)
    strncmp                                  0x00000785   Thumb Code   150  strncmp.o(.text)
    __use_two_region_memory                  0x0000081b   Thumb Code     2  heapauxi.o(.text)
    __rt_heap_escrow$2region                 0x0000081d   Thumb Code     2  heapauxi.o(.text)
    __rt_heap_expand$2region                 0x0000081f   Thumb Code     2  heapauxi.o(.text)
    __read_errno                             0x00000821   Thumb Code    10  _rserrno.o(.text)
    __set_errno                              0x0000082b   Thumb Code    12  _rserrno.o(.text)
    _printf_pre_padding                      0x00000837   Thumb Code    44  _printf_pad.o(.text)
    _printf_post_padding                     0x00000863   Thumb Code    34  _printf_pad.o(.text)
    _printf_truncate_signed                  0x00000885   Thumb Code    18  _printf_truncate.o(.text)
    _printf_truncate_unsigned                0x00000897   Thumb Code    18  _printf_truncate.o(.text)
    _printf_str                              0x000008a9   Thumb Code    82  _printf_str.o(.text)
    _printf_int_dec                          0x000008fd   Thumb Code   104  _printf_dec.o(.text)
    _printf_charcount                        0x00000975   Thumb Code    40  _printf_charcount.o(.text)
    _printf_char_common                      0x000009a7   Thumb Code    32  _printf_char_common.o(.text)
    _snputc                                  0x000009cd   Thumb Code    16  _snputc.o(.text)
    _printf_wctomb                           0x000009dd   Thumb Code   182  _printf_wctomb.o(.text)
    _printf_longlong_dec                     0x00000a99   Thumb Code   108  _printf_longlong_dec.o(.text)
    _printf_longlong_oct                     0x00000b15   Thumb Code    68  _printf_oct_int_ll.o(.text)
    _printf_int_oct                          0x00000b59   Thumb Code    24  _printf_oct_int_ll.o(.text)
    _printf_ll_oct                           0x00000b71   Thumb Code    12  _printf_oct_int_ll.o(.text)
    _printf_longlong_hex                     0x00000b85   Thumb Code    86  _printf_hex_int_ll_ptr.o(.text)
    _printf_int_hex                          0x00000bdb   Thumb Code    28  _printf_hex_int_ll_ptr.o(.text)
    _printf_ll_hex                           0x00000bf7   Thumb Code    12  _printf_hex_int_ll_ptr.o(.text)
    _printf_hex_ptr                          0x00000c03   Thumb Code    18  _printf_hex_int_ll_ptr.o(.text)
    __printf                                 0x00000c19   Thumb Code   388  __printf_flags_ss_wp.o(.text)
    __aeabi_errno_addr                       0x00000da1   Thumb Code     8  rt_errno_addr_intlibspace.o(.text)
    __errno$intlibspace                      0x00000da1   Thumb Code     0  rt_errno_addr_intlibspace.o(.text)
    __rt_errno_addr$intlibspace              0x00000da1   Thumb Code     0  rt_errno_addr_intlibspace.o(.text)
    _ll_udiv10                               0x00000da9   Thumb Code   138  lludiv10.o(.text)
    _printf_int_common                       0x00000e33   Thumb Code   178  _printf_intcommon.o(.text)
    _printf_fp_dec_real                      0x00001095   Thumb Code   620  _printf_fp_dec.o(.text)
    _printf_fp_hex_real                      0x00001301   Thumb Code   756  _printf_fp_hex.o(.text)
    _printf_cs_common                        0x000015fd   Thumb Code    20  _printf_char.o(.text)
    _printf_char                             0x00001611   Thumb Code    16  _printf_char.o(.text)
    _printf_string                           0x00001621   Thumb Code     8  _printf_char.o(.text)
    _printf_lcs_common                       0x00001629   Thumb Code    20  _printf_wchar.o(.text)
    _printf_wchar                            0x0000163d   Thumb Code    16  _printf_wchar.o(.text)
    _printf_wstring                          0x0000164d   Thumb Code     8  _printf_wchar.o(.text)
    _c16rtomb                                0x00001655   Thumb Code    72  _c16rtomb.o(.text)
    _wcrtomb                                 0x00001655   Thumb Code     0  _c16rtomb.o(.text)
    __user_libspace                          0x0000169d   Thumb Code     8  libspace.o(.text)
    __user_perproc_libspace                  0x0000169d   Thumb Code     0  libspace.o(.text)
    __user_perthread_libspace                0x0000169d   Thumb Code     0  libspace.o(.text)
    __user_setup_stackheap                   0x000016a5   Thumb Code    74  sys_stackheap_outer.o(.text)
    __rt_ctype_table                         0x000016f1   Thumb Code    16  rt_ctype_table.o(.text)
    __rt_locale                              0x00001701   Thumb Code     8  rt_locale_intlibspace.o(.text)
    _printf_fp_infnan                        0x00001709   Thumb Code   112  _printf_fp_infnan.o(.text)
    _btod_etento                             0x00001789   Thumb Code   224  bigflt0.o(.text)
    exit                                     0x0000186d   Thumb Code    18  exit.o(.text)
    strcmp                                   0x00001881   Thumb Code   124  strcmpv7em.o(.text)
    _sys_exit                                0x000018fd   Thumb Code     8  sys_exit.o(.text)
    __I$use$semihosting                      0x00001909   Thumb Code     0  use_no_semi.o(.text)
    __use_no_semihosting_swi                 0x00001909   Thumb Code     2  use_no_semi.o(.text)
    __semihosting_library_function           0x0000190b   Thumb Code     0  indicate_semi.o(.text)
    BSP_delay                                0x0000190d   Thumb Code    36  bsp.o(.text.BSP_delay)
    BSP_init                                 0x00001931   Thumb Code   136  bsp.o(.text.BSP_init)
    BSP_ledBlueOff                           0x000019b9   Thumb Code    14  bsp.o(.text.BSP_ledBlueOff)
    BSP_ledBlueOn                            0x000019c9   Thumb Code    14  bsp.o(.text.BSP_ledBlueOn)
    BSP_ledGreenOff                          0x000019d9   Thumb Code    14  bsp.o(.text.BSP_ledGreenOff)
    BSP_ledGreenOn                           0x000019e9   Thumb Code    14  bsp.o(.text.BSP_ledGreenOn)
    BSP_ledRedOff                            0x000019f9   Thumb Code    14  bsp.o(.text.BSP_ledRedOff)
    BSP_ledRedOn                             0x00001a09   Thumb Code    14  bsp.o(.text.BSP_ledRedOn)
    BSP_tickCtr                              0x00001a19   Thumb Code    24  bsp.o(.text.BSP_tickCtr)
    Clock_init                               0x00001a31   Thumb Code    70  bsp.o(.text.Clock_init)
    Complementary_Filter                     0x00001a79   Thumb Code   110  imu.o(.text.Complementary_Filter)
    ControlTimer_Init                        0x00001ae9   Thumb Code   110  bsp.o(.text.ControlTimer_Init)
    ControlTimer_Start                       0x00001b59   Thumb Code    16  bsp.o(.text.ControlTimer_Start)
    HardFault_Handler                        0x00001b69   Thumb Code     6  bsp.o(.text.HardFault_Handler)
    I2C0_ReadByte                            0x00001b71   Thumb Code   114  imu.o(.text.I2C0_ReadByte)
    I2C0_SendByte                            0x00001be5   Thumb Code    86  imu.o(.text.I2C0_SendByte)
    I2C0_WriteByte                           0x00001c3d   Thumb Code   174  imu.o(.text.I2C0_WriteByte)
    Logger_log                               0x00001ced   Thumb Code    98  logger.o(.text.Logger_log)
    Logger_log_hex                           0x00001d51   Thumb Code    50  logger.o(.text.Logger_log_hex)
    MPU6050_Calibrate                        0x00001d85   Thumb Code   938  imu.o(.text.MPU6050_Calibrate)
    MPU6050_Init                             0x00002131   Thumb Code    64  imu.o(.text.MPU6050_Init)
    MPU6050_ReadWord                         0x00002171   Thumb Code   126  imu.o(.text.MPU6050_ReadWord)
    OSThread_start                           0x000021f1   Thumb Code   342  miros.o(.text.OSThread_start)
    OS_init                                  0x00002349   Thumb Code    18  miros.o(.text.OS_init)
    OS_onStartup                             0x0000235d   Thumb Code    62  bsp.o(.text.OS_onStartup)
    OS_run                                   0x0000239d   Thumb Code    28  miros.o(.text.OS_run)
    OS_sched                                 0x000023b9   Thumb Code   114  miros.o(.text.OS_sched)
    PID_reset                                0x0000242d   Thumb Code    16  pid.o(.text.PID_reset)
    PID_update                               0x0000243d   Thumb Code   360  pid.o(.text.PID_update)
    PendSV_Handler                           0x000025a5   Thumb Code    46  miros.o(.text.PendSV_Handler)
    Q_onAssert                               0x000025dd   Thumb Code    22  bsp.o(.text.Q_onAssert)
    SysTick_Handler                          0x00002649   Thumb Code    50  bsp.o(.text.SysTick_Handler)
    SystemCoreClockUpdate                    0x0000267d   Thumb Code   326  system_tm4c123gh6pm.o(.text.SystemCoreClockUpdate)
    SystemInit                               0x000027c5   Thumb Code   252  system_tm4c123gh6pm.o(.text.SystemInit)
    Task_LEDHeartbeat                        0x000028c1   Thumb Code    32  main.o(.text.Task_LEDHeartbeat)
    Task_Logger                              0x000028e1   Thumb Code    74  logger.o(.text.Task_Logger)
    Task_bt_command                          0x0000292d   Thumb Code   952  bluetooth.o(.text.Task_bt_command)
    Task_imu                                 0x00002ce5   Thumb Code   570  imu.o(.text.Task_imu)
    Task_motor                               0x00002f21   Thumb Code   160  motor.o(.text.Task_motor)
    Timer0A_IRQHandler                       0x00002fc1   Thumb Code    64  bsp.o(.text.Timer0A_IRQHandler)
    Tiva_UART5_Transmitter_polling           0x00003001   Thumb Code    46  uart.o(.text.Tiva_UART5_Transmitter_polling)
    UART5_IRQHandler                         0x00003031   Thumb Code   192  bsp.o(.text.UART5_IRQHandler)
    apply_deadband                           0x00003165   Thumb Code    82  motor.o(.text.apply_deadband)
    assert_failed                            0x000031b9   Thumb Code    14  bsp.o(.text.assert_failed)
    bt_command_start                         0x000031c9   Thumb Code    36  bluetooth.o(.text.bt_command_start)
    clamp                                    0x000031ed   Thumb Code    58  motor.o(.text.clamp)
    diag_vectors                             0x00003229   Thumb Code    92  uart.o(.text.diag_vectors)
    imu_init                                 0x000033ed   Thumb Code   148  imu.o(.text.imu_init)
    imu_start                                0x00003481   Thumb Code    36  imu.o(.text.imu_start)
    logger_start                             0x000034a5   Thumb Code    36  logger.o(.text.logger_start)
    main                                     0x000034c9   Thumb Code    66  main.o(.text.main)
    motor_init                               0x0000350d   Thumb Code   428  motor.o(.text.motor_init)
    motor_start                              0x000036b9   Thumb Code    36  motor.o(.text.motor_start)
    pwm_set_duty_cycle                       0x000036dd   Thumb Code   114  motor.o(.text.pwm_set_duty_cycle)
    set_motor_direction                      0x00003751   Thumb Code   130  motor.o(.text.set_motor_direction)
    uart_init                                0x000037d5   Thumb Code   238  uart.o(.text.uart_init)
    _btod_d2e                                0x000038c3   Thumb Code    62  btod.o(CL$$btod_d2e)
    _d2e_denorm_low                          0x00003901   Thumb Code    70  btod.o(CL$$btod_d2e_denorm_low)
    _d2e_norm_op1                            0x00003947   Thumb Code    96  btod.o(CL$$btod_d2e_norm_op1)
    __btod_div_common                        0x000039a9   Thumb Code   696  btod.o(CL$$btod_div_common)
    _e2e                                     0x00003ce1   Thumb Code   220  btod.o(CL$$btod_e2e)
    _btod_ediv                               0x00003dbd   Thumb Code    42  btod.o(CL$$btod_ediv)
    _btod_emul                               0x00003de7   Thumb Code    42  btod.o(CL$$btod_emul)
    __btod_mult_common                       0x00003e11   Thumb Code   580  btod.o(CL$$btod_mult_common)
    __ARM_fpclassify                         0x00004055   Thumb Code    40  fpclassify.o(i.__ARM_fpclassify)
    __ARM_fpclassifyf                        0x0000407d   Thumb Code    38  fpclassifyf.o(i.__ARM_fpclassifyf)
    __mathlib_flt_infnan2                    0x000040a3   Thumb Code     4  funder.o(i.__mathlib_flt_infnan2)
    __mathlib_flt_underflow                  0x000040a7   Thumb Code    10  funder.o(i.__mathlib_flt_underflow)
    _is_digit                                0x000040b1   Thumb Code    14  __printf_wp.o(i._is_digit)
    atan2f                                   0x000040c1   Thumb Code   598  atan2f.o(i.atan2f)
    sqrtf                                    0x00004365   Thumb Code    44  sqrtf.o(i.sqrtf)
    _get_lc_numeric                          0x00004391   Thumb Code    44  lc_numeric_c.o(locale$$code)
    _get_lc_ctype                            0x000043bd   Thumb Code    44  lc_ctype_c.o(locale$$code)
    __fpl_dretinf                            0x000043e9   Thumb Code    12  dretinf.o(x$fpl$dretinf)
    __aeabi_f2d                              0x000043f5   Thumb Code     0  f2d.o(x$fpl$f2d)
    _f2d                                     0x000043f5   Thumb Code    86  f2d.o(x$fpl$f2d)
    __aeabi_fadd                             0x0000444d   Thumb Code     0  faddsub_clz.o(x$fpl$fadd)
    _fadd                                    0x0000444d   Thumb Code   196  faddsub_clz.o(x$fpl$fadd)
    __fpl_fcheck_NaN1                        0x00004511   Thumb Code     6  fcheck1.o(x$fpl$fcheck1)
    __aeabi_fcmpeq                           0x0000451d   Thumb Code     0  fcmp.o(x$fpl$fcmp)
    _feq                                     0x0000451d   Thumb Code    14  fcmp.o(x$fpl$fcmp)
    _fneq                                    0x0000452b   Thumb Code    14  fcmp.o(x$fpl$fcmp)
    __aeabi_fcmpgt                           0x00004539   Thumb Code     0  fcmp.o(x$fpl$fcmp)
    _fgr                                     0x00004539   Thumb Code    14  fcmp.o(x$fpl$fcmp)
    __aeabi_fcmpge                           0x00004547   Thumb Code     0  fcmp.o(x$fpl$fcmp)
    _fgeq                                    0x00004547   Thumb Code    14  fcmp.o(x$fpl$fcmp)
    __aeabi_fcmple                           0x00004555   Thumb Code     0  fcmp.o(x$fpl$fcmp)
    _fleq                                    0x00004555   Thumb Code    14  fcmp.o(x$fpl$fcmp)
    __aeabi_fcmplt                           0x00004563   Thumb Code     0  fcmp.o(x$fpl$fcmp)
    _fls                                     0x00004563   Thumb Code    14  fcmp.o(x$fpl$fcmp)
    __fpl_fcmp_Inf                           0x00004571   Thumb Code    24  fcmpi.o(x$fpl$fcmpinf)
    __aeabi_fdiv                             0x00004589   Thumb Code     0  fdiv.o(x$fpl$fdiv)
    _fdiv                                    0x00004589   Thumb Code   384  fdiv.o(x$fpl$fdiv)
    __aeabi_cfcmpeq                          0x0000470d   Thumb Code     0  feqf.o(x$fpl$feqf)
    _fcmpeq                                  0x0000470d   Thumb Code   104  feqf.o(x$fpl$feqf)
    __aeabi_f2iz                             0x00004775   Thumb Code     0  ffix.o(x$fpl$ffix)
    _ffix                                    0x00004775   Thumb Code    54  ffix.o(x$fpl$ffix)
    __aeabi_i2f                              0x000047ad   Thumb Code     0  fflt_clz.o(x$fpl$fflt)
    _fflt                                    0x000047ad   Thumb Code    48  fflt_clz.o(x$fpl$fflt)
    _fcmpge                                  0x000047dd   Thumb Code   104  fgeqf.o(x$fpl$fgeqf)
    __aeabi_cfcmple                          0x00004845   Thumb Code     0  fleqf.o(x$fpl$fleqf)
    _fcmple                                  0x00004845   Thumb Code   104  fleqf.o(x$fpl$fleqf)
    __fpl_fcmple_InfNaN                      0x00004897   Thumb Code     0  fleqf.o(x$fpl$fleqf)
    __aeabi_fmul                             0x000048ad   Thumb Code     0  fmul.o(x$fpl$fmul)
    _fmul                                    0x000048ad   Thumb Code   258  fmul.o(x$fpl$fmul)
    __fpl_fnaninf                            0x000049af   Thumb Code   140  fnaninf.o(x$fpl$fnaninf)
    __fpl_fretinf                            0x00004a3b   Thumb Code    10  fretinf.o(x$fpl$fretinf)
    __aeabi_frsub                            0x00004a45   Thumb Code     0  faddsub_clz.o(x$fpl$frsb)
    _frsb                                    0x00004a45   Thumb Code    20  faddsub_clz.o(x$fpl$frsb)
    _fsqrt                                   0x00004a59   Thumb Code   272  fsqrt.o(x$fpl$fsqrt)
    __aeabi_fsub                             0x00004b69   Thumb Code     0  faddsub_clz.o(x$fpl$fsub)
    _fsub                                    0x00004b69   Thumb Code   234  faddsub_clz.o(x$fpl$fsub)
    _printf_fp_dec                           0x00004c53   Thumb Code     4  printf1.o(x$fpl$printf1)
    _printf_fp_hex                           0x00004c57   Thumb Code     4  printf2.o(x$fpl$printf2)
    __fpl_return_NaN                         0x00004c5b   Thumb Code   100  retnan.o(x$fpl$retnan)
    __ARM_scalbnf                            0x00004cbf   Thumb Code    76  scalbnf.o(x$fpl$scalbnf)
    __fpl_cmpreturn                          0x00004d0b   Thumb Code    48  trapv.o(x$fpl$trapveneer)
    __I$use$fp                               0x00004d3a   Number         0  usenofp.o(x$fpl$usenofp)
    Region$$Table$$Base                      0x00004f98   Number         0  anon$$obj.o(Region$$Table)
    Region$$Table$$Limit                     0x00004fc8   Number         0  anon$$obj.o(Region$$Table)
    __ctype                                  0x00004ff1   Data           0  lc_ctype_c.o(locale$$data)
    Kd                                       0x20000800   Data           4  pid.o(.data.Kd)
    Ki                                       0x20000804   Data           4  pid.o(.data.Ki)
    Kp                                       0x20000808   Data           4  pid.o(.data.Kp)
    SystemCoreClock                          0x2000080c   Data           4  system_tm4c123gh6pm.o(.data.SystemCoreClock)
    __libspace_start                         0x20000810   Data          96  libspace.o(.bss)
    LEDHeartbeat                             0x20000870   Data           4  main.o(.bss.LEDHeartbeat)
    __temporary_stack_top$libspace           0x20000870   Data           0  libspace.o(.bss)
    LoggerThread                             0x20000874   Data           4  logger.o(.bss.LoggerThread)
    OS_curr                                  0x20000878   Data           4  miros.o(.bss.OS_curr)
    OS_currIdx                               0x2000087c   Data           1  miros.o(.bss.OS_currIdx)
    OS_next                                  0x20000880   Data           4  miros.o(.bss.OS_next)
    OS_thread                                0x20000884   Data         132  miros.o(.bss.OS_thread)
    OS_threadNum                             0x20000908   Data           1  miros.o(.bss.OS_threadNum)
    accel_angle                              0x2000090c   Data          12  imu.o(.bss.accel_angle)
    accel_angle_y                            0x20000918   Data           4  imu.o(.bss.accel_angle_y)
    btCommandThread                          0x2000091c   Data           4  bluetooth.o(.bss.btCommandThread)
    cal_imu_data                             0x20000920   Data          24  imu.o(.bss.cal_imu_data)
    command_ready                            0x20000938   Data           1  bsp.o(.bss.command_ready)
    current_pitch                            0x2000093c   Data           4  imu.o(.bss.current_pitch)
    error                                    0x20000944   Data           4  pid.o(.bss.error)
    gyro_rate_y                              0x20000948   Data           4  imu.o(.bss.gyro_rate_y)
    imuThread                                0x20000950   Data           4  imu.o(.bss.imuThread)
    imu_bias                                 0x20000954   Data          24  imu.o(.bss.imu_bias)
    imu_data                                 0x2000096c   Data          28  imu.o(.bss.imu_data)
    motorThread                              0x20000b8c   Data           4  motor.o(.bss.motorThread)
    output                                   0x20000b90   Data           4  pid.o(.bss.output)
    pid                                      0x20000b94   Data           8  pid.o(.bss.pid)
    prev_output                              0x20000ba0   Data           4  pid.o(.bss.prev_output)
    raw_imu_data                             0x20000ba6   Data          12  imu.o(.bss.raw_imu_data)
    red_led_active                           0x20000bb2   Data           1  bluetooth.o(.bss.red_led_active)
    red_led_off_time                         0x20000bb4   Data           4  bluetooth.o(.bss.red_led_off_time)
    rx_index                                 0x20000bb8   Data           4  bsp.o(.bss.rx_index)
    stack_LEDHeartbeat                       0x20000bbc   Data         512  main.o(.bss.stack_LEDHeartbeat)
    stack_Logger                             0x20000dbc   Data         320  logger.o(.bss.stack_Logger)
    stack_bt_command                         0x20000efc   Data        2048  bluetooth.o(.bss.stack_bt_command)
    stack_imu                                0x200016fc   Data        2048  imu.o(.bss.stack_imu)
    stack_motor                              0x20001efc   Data        1024  motor.o(.bss.stack_motor)
    system_state                             0x200022fc   Data           1  imu.o(.bss.system_state)
    uart_rx_buffer                           0x20002300   Data          64  bsp.o(.bss.uart_rx_buffer)



==============================================================================

Memory Map of the image

  Image Entry point : 0x0000046d

  Load Region LR_IROM1 (Base: 0x00000000, Size: 0x00005108, Max: 0x00040000, ABSOLUTE)

    Execution Region ER_IROM1 (Exec base: 0x00000000, Load base: 0x00000000, Size: 0x000050f4, Max: 0x00040000, ABSOLUTE)

    Exec Addr    Load Addr    Size         Type   Attr      Idx    E Section Name        Object

    0x00000000   0x00000000   0x0000046c   Data   RO          220    RESET               startup_tm4c123gh6pm.o
    0x0000046c   0x0000046c   0x00000008   Code   RO          272  * !!!main             c_w.l(__main.o)
    0x00000474   0x00000474   0x0000005c   Code   RO          690    !!!scatter          c_w.l(__scatter.o)
    0x000004d0   0x000004d0   0x0000001a   Code   RO          694    !!handler_copy      c_w.l(__scatter_copy.o)
    0x000004ea   0x000004ea   0x00000002   PAD
    0x000004ec   0x000004ec   0x00000002   Code   RO          691    !!handler_null      c_w.l(__scatter.o)
    0x000004ee   0x000004ee   0x00000002   PAD
    0x000004f0   0x000004f0   0x0000001c   Code   RO          696    !!handler_zi        c_w.l(__scatter_zi.o)
    0x0000050c   0x0000050c   0x00000000   Code   RO          392    .ARM.Collect$$_printf_percent$$00000000  c_w.l(_printf_percent.o)
    0x0000050c   0x0000050c   0x00000006   Code   RO          381    .ARM.Collect$$_printf_percent$$00000001  c_w.l(_printf_n.o)
    0x00000512   0x00000512   0x00000006   Code   RO          383    .ARM.Collect$$_printf_percent$$00000002  c_w.l(_printf_p.o)
    0x00000518   0x00000518   0x00000006   Code   RO          388    .ARM.Collect$$_printf_percent$$00000003  c_w.l(_printf_f.o)
    0x0000051e   0x0000051e   0x00000006   Code   RO          389    .ARM.Collect$$_printf_percent$$00000004  c_w.l(_printf_e.o)
    0x00000524   0x00000524   0x00000006   Code   RO          390    .ARM.Collect$$_printf_percent$$00000005  c_w.l(_printf_g.o)
    0x0000052a   0x0000052a   0x00000006   Code   RO          391    .ARM.Collect$$_printf_percent$$00000006  c_w.l(_printf_a.o)
    0x00000530   0x00000530   0x0000000a   Code   RO          396    .ARM.Collect$$_printf_percent$$00000007  c_w.l(_printf_ll.o)
    0x0000053a   0x0000053a   0x00000006   Code   RO          385    .ARM.Collect$$_printf_percent$$00000008  c_w.l(_printf_i.o)
    0x00000540   0x00000540   0x00000006   Code   RO          386    .ARM.Collect$$_printf_percent$$00000009  c_w.l(_printf_d.o)
    0x00000546   0x00000546   0x00000006   Code   RO          387    .ARM.Collect$$_printf_percent$$0000000A  c_w.l(_printf_u.o)
    0x0000054c   0x0000054c   0x00000006   Code   RO          384    .ARM.Collect$$_printf_percent$$0000000B  c_w.l(_printf_o.o)
    0x00000552   0x00000552   0x00000006   Code   RO          382    .ARM.Collect$$_printf_percent$$0000000C  c_w.l(_printf_x.o)
    0x00000558   0x00000558   0x00000006   Code   RO          393    .ARM.Collect$$_printf_percent$$0000000D  c_w.l(_printf_lli.o)
    0x0000055e   0x0000055e   0x00000006   Code   RO          394    .ARM.Collect$$_printf_percent$$0000000E  c_w.l(_printf_lld.o)
    0x00000564   0x00000564   0x00000006   Code   RO          395    .ARM.Collect$$_printf_percent$$0000000F  c_w.l(_printf_llu.o)
    0x0000056a   0x0000056a   0x00000006   Code   RO          400    .ARM.Collect$$_printf_percent$$00000010  c_w.l(_printf_llo.o)
    0x00000570   0x00000570   0x00000006   Code   RO          401    .ARM.Collect$$_printf_percent$$00000011  c_w.l(_printf_llx.o)
    0x00000576   0x00000576   0x0000000a   Code   RO          397    .ARM.Collect$$_printf_percent$$00000012  c_w.l(_printf_l.o)
    0x00000580   0x00000580   0x00000006   Code   RO          379    .ARM.Collect$$_printf_percent$$00000013  c_w.l(_printf_c.o)
    0x00000586   0x00000586   0x00000006   Code   RO          380    .ARM.Collect$$_printf_percent$$00000014  c_w.l(_printf_s.o)
    0x0000058c   0x0000058c   0x00000006   Code   RO          398    .ARM.Collect$$_printf_percent$$00000015  c_w.l(_printf_lc.o)
    0x00000592   0x00000592   0x00000006   Code   RO          399    .ARM.Collect$$_printf_percent$$00000016  c_w.l(_printf_ls.o)
    0x00000598   0x00000598   0x00000004   Code   RO          478    .ARM.Collect$$_printf_percent$$00000017  c_w.l(_printf_percent_end.o)
    0x0000059c   0x0000059c   0x00000002   Code   RO          536    .ARM.Collect$$libinit$$00000000  c_w.l(libinit.o)
    0x0000059e   0x0000059e   0x00000000   Code   RO          553    .ARM.Collect$$libinit$$00000002  c_w.l(libinit2.o)
    0x0000059e   0x0000059e   0x00000000   Code   RO          555    .ARM.Collect$$libinit$$00000004  c_w.l(libinit2.o)
    0x0000059e   0x0000059e   0x00000000   Code   RO          557    .ARM.Collect$$libinit$$00000006  c_w.l(libinit2.o)
    0x0000059e   0x0000059e   0x00000000   Code   RO          560    .ARM.Collect$$libinit$$0000000C  c_w.l(libinit2.o)
    0x0000059e   0x0000059e   0x00000000   Code   RO          562    .ARM.Collect$$libinit$$0000000E  c_w.l(libinit2.o)
    0x0000059e   0x0000059e   0x00000000   Code   RO          564    .ARM.Collect$$libinit$$00000010  c_w.l(libinit2.o)
    0x0000059e   0x0000059e   0x00000006   Code   RO          565    .ARM.Collect$$libinit$$00000011  c_w.l(libinit2.o)
    0x000005a4   0x000005a4   0x00000000   Code   RO          567    .ARM.Collect$$libinit$$00000013  c_w.l(libinit2.o)
    0x000005a4   0x000005a4   0x0000000c   Code   RO          568    .ARM.Collect$$libinit$$00000014  c_w.l(libinit2.o)
    0x000005b0   0x000005b0   0x00000000   Code   RO          569    .ARM.Collect$$libinit$$00000015  c_w.l(libinit2.o)
    0x000005b0   0x000005b0   0x00000000   Code   RO          571    .ARM.Collect$$libinit$$00000017  c_w.l(libinit2.o)
    0x000005b0   0x000005b0   0x0000000a   Code   RO          572    .ARM.Collect$$libinit$$00000018  c_w.l(libinit2.o)
    0x000005ba   0x000005ba   0x00000000   Code   RO          573    .ARM.Collect$$libinit$$00000019  c_w.l(libinit2.o)
    0x000005ba   0x000005ba   0x00000000   Code   RO          575    .ARM.Collect$$libinit$$0000001B  c_w.l(libinit2.o)
    0x000005ba   0x000005ba   0x00000000   Code   RO          577    .ARM.Collect$$libinit$$0000001D  c_w.l(libinit2.o)
    0x000005ba   0x000005ba   0x00000000   Code   RO          579    .ARM.Collect$$libinit$$0000001F  c_w.l(libinit2.o)
    0x000005ba   0x000005ba   0x00000000   Code   RO          581    .ARM.Collect$$libinit$$00000021  c_w.l(libinit2.o)
    0x000005ba   0x000005ba   0x00000000   Code   RO          583    .ARM.Collect$$libinit$$00000023  c_w.l(libinit2.o)
    0x000005ba   0x000005ba   0x00000000   Code   RO          585    .ARM.Collect$$libinit$$00000025  c_w.l(libinit2.o)
    0x000005ba   0x000005ba   0x00000000   Code   RO          587    .ARM.Collect$$libinit$$00000027  c_w.l(libinit2.o)
    0x000005ba   0x000005ba   0x00000000   Code   RO          591    .ARM.Collect$$libinit$$0000002E  c_w.l(libinit2.o)
    0x000005ba   0x000005ba   0x00000000   Code   RO          593    .ARM.Collect$$libinit$$00000030  c_w.l(libinit2.o)
    0x000005ba   0x000005ba   0x00000000   Code   RO          595    .ARM.Collect$$libinit$$00000032  c_w.l(libinit2.o)
    0x000005ba   0x000005ba   0x00000000   Code   RO          597    .ARM.Collect$$libinit$$00000034  c_w.l(libinit2.o)
    0x000005ba   0x000005ba   0x00000002   Code   RO          598    .ARM.Collect$$libinit$$00000035  c_w.l(libinit2.o)
    0x000005bc   0x000005bc   0x00000002   Code   RO          626    .ARM.Collect$$libshutdown$$00000000  c_w.l(libshutdown.o)
    0x000005be   0x000005be   0x00000000   Code   RO          641    .ARM.Collect$$libshutdown$$00000002  c_w.l(libshutdown2.o)
    0x000005be   0x000005be   0x00000000   Code   RO          643    .ARM.Collect$$libshutdown$$00000004  c_w.l(libshutdown2.o)
    0x000005be   0x000005be   0x00000000   Code   RO          646    .ARM.Collect$$libshutdown$$00000007  c_w.l(libshutdown2.o)
    0x000005be   0x000005be   0x00000000   Code   RO          649    .ARM.Collect$$libshutdown$$0000000A  c_w.l(libshutdown2.o)
    0x000005be   0x000005be   0x00000000   Code   RO          651    .ARM.Collect$$libshutdown$$0000000C  c_w.l(libshutdown2.o)
    0x000005be   0x000005be   0x00000000   Code   RO          654    .ARM.Collect$$libshutdown$$0000000F  c_w.l(libshutdown2.o)
    0x000005be   0x000005be   0x00000002   Code   RO          655    .ARM.Collect$$libshutdown$$00000010  c_w.l(libshutdown2.o)
    0x000005c0   0x000005c0   0x00000000   Code   RO          308    .ARM.Collect$$rtentry$$00000000  c_w.l(__rtentry.o)
    0x000005c0   0x000005c0   0x00000000   Code   RO          442    .ARM.Collect$$rtentry$$00000002  c_w.l(__rtentry2.o)
    0x000005c0   0x000005c0   0x00000006   Code   RO          454    .ARM.Collect$$rtentry$$00000004  c_w.l(__rtentry4.o)
    0x000005c6   0x000005c6   0x00000000   Code   RO          444    .ARM.Collect$$rtentry$$00000009  c_w.l(__rtentry2.o)
    0x000005c6   0x000005c6   0x00000004   Code   RO          445    .ARM.Collect$$rtentry$$0000000A  c_w.l(__rtentry2.o)
    0x000005ca   0x000005ca   0x00000000   Code   RO          447    .ARM.Collect$$rtentry$$0000000C  c_w.l(__rtentry2.o)
    0x000005ca   0x000005ca   0x00000008   Code   RO          448    .ARM.Collect$$rtentry$$0000000D  c_w.l(__rtentry2.o)
    0x000005d2   0x000005d2   0x00000002   Code   RO          543    .ARM.Collect$$rtexit$$00000000  c_w.l(rtexit.o)
    0x000005d4   0x000005d4   0x00000000   Code   RO          602    .ARM.Collect$$rtexit$$00000002  c_w.l(rtexit2.o)
    0x000005d4   0x000005d4   0x00000004   Code   RO          603    .ARM.Collect$$rtexit$$00000003  c_w.l(rtexit2.o)
    0x000005d8   0x000005d8   0x00000006   Code   RO          604    .ARM.Collect$$rtexit$$00000004  c_w.l(rtexit2.o)
    0x000005de   0x000005de   0x00000002   PAD
    0x000005e0   0x000005e0   0x00000164   Code   RO          221    .text               startup_tm4c123gh6pm.o
    0x00000744   0x00000744   0x00000040   Code   RO          266    .text               c_w.l(snprintf.o)
    0x00000784   0x00000784   0x00000096   Code   RO          268    .text               c_w.l(strncmp.o)
    0x0000081a   0x0000081a   0x00000006   Code   RO          270    .text               c_w.l(heapauxi.o)
    0x00000820   0x00000820   0x00000016   Code   RO          309    .text               c_w.l(_rserrno.o)
    0x00000836   0x00000836   0x0000004e   Code   RO          313    .text               c_w.l(_printf_pad.o)
    0x00000884   0x00000884   0x00000024   Code   RO          315    .text               c_w.l(_printf_truncate.o)
    0x000008a8   0x000008a8   0x00000052   Code   RO          317    .text               c_w.l(_printf_str.o)
    0x000008fa   0x000008fa   0x00000002   PAD
    0x000008fc   0x000008fc   0x00000078   Code   RO          319    .text               c_w.l(_printf_dec.o)
    0x00000974   0x00000974   0x00000028   Code   RO          321    .text               c_w.l(_printf_charcount.o)
    0x0000099c   0x0000099c   0x00000030   Code   RO          323    .text               c_w.l(_printf_char_common.o)
    0x000009cc   0x000009cc   0x00000010   Code   RO          325    .text               c_w.l(_snputc.o)
    0x000009dc   0x000009dc   0x000000bc   Code   RO          327    .text               c_w.l(_printf_wctomb.o)
    0x00000a98   0x00000a98   0x0000007c   Code   RO          330    .text               c_w.l(_printf_longlong_dec.o)
    0x00000b14   0x00000b14   0x00000070   Code   RO          336    .text               c_w.l(_printf_oct_int_ll.o)
    0x00000b84   0x00000b84   0x00000094   Code   RO          356    .text               c_w.l(_printf_hex_int_ll_ptr.o)
    0x00000c18   0x00000c18   0x00000188   Code   RO          376    .text               c_w.l(__printf_flags_ss_wp.o)
    0x00000da0   0x00000da0   0x00000008   Code   RO          459    .text               c_w.l(rt_errno_addr_intlibspace.o)
    0x00000da8   0x00000da8   0x0000008a   Code   RO          461    .text               c_w.l(lludiv10.o)
    0x00000e32   0x00000e32   0x000000b2   Code   RO          463    .text               c_w.l(_printf_intcommon.o)
    0x00000ee4   0x00000ee4   0x0000041c   Code   RO          465    .text               c_w.l(_printf_fp_dec.o)
    0x00001300   0x00001300   0x000002fc   Code   RO          469    .text               c_w.l(_printf_fp_hex.o)
    0x000015fc   0x000015fc   0x0000002c   Code   RO          474    .text               c_w.l(_printf_char.o)
    0x00001628   0x00001628   0x0000002c   Code   RO          476    .text               c_w.l(_printf_wchar.o)
    0x00001654   0x00001654   0x00000048   Code   RO          479    .text               c_w.l(_c16rtomb.o)
    0x0000169c   0x0000169c   0x00000008   Code   RO          485    .text               c_w.l(libspace.o)
    0x000016a4   0x000016a4   0x0000004a   Code   RO          488    .text               c_w.l(sys_stackheap_outer.o)
    0x000016ee   0x000016ee   0x00000002   PAD
    0x000016f0   0x000016f0   0x00000010   Code   RO          490    .text               c_w.l(rt_ctype_table.o)
    0x00001700   0x00001700   0x00000008   Code   RO          495    .text               c_w.l(rt_locale_intlibspace.o)
    0x00001708   0x00001708   0x00000080   Code   RO          497    .text               c_w.l(_printf_fp_infnan.o)
    0x00001788   0x00001788   0x000000e4   Code   RO          499    .text               c_w.l(bigflt0.o)
    0x0000186c   0x0000186c   0x00000012   Code   RO          529    .text               c_w.l(exit.o)
    0x0000187e   0x0000187e   0x00000002   PAD
    0x00001880   0x00001880   0x0000007c   Code   RO          550    .text               c_w.l(strcmpv7em.o)
    0x000018fc   0x000018fc   0x0000000c   Code   RO          616    .text               c_w.l(sys_exit.o)
    0x00001908   0x00001908   0x00000002   Code   RO          631    .text               c_w.l(use_no_semi.o)
    0x0000190a   0x0000190a   0x00000000   Code   RO          633    .text               c_w.l(indicate_semi.o)
    0x0000190a   0x0000190a   0x00000002   PAD
    0x0000190c   0x0000190c   0x00000024   Code   RO           36    .text.BSP_delay     bsp.o
    0x00001930   0x00001930   0x00000088   Code   RO           32    .text.BSP_init      bsp.o
    0x000019b8   0x000019b8   0x0000000e   Code   RO           48    .text.BSP_ledBlueOff  bsp.o
    0x000019c6   0x000019c6   0x00000002   PAD
    0x000019c8   0x000019c8   0x0000000e   Code   RO           46    .text.BSP_ledBlueOn  bsp.o
    0x000019d6   0x000019d6   0x00000002   PAD
    0x000019d8   0x000019d8   0x0000000e   Code   RO           52    .text.BSP_ledGreenOff  bsp.o
    0x000019e6   0x000019e6   0x00000002   PAD
    0x000019e8   0x000019e8   0x0000000e   Code   RO           50    .text.BSP_ledGreenOn  bsp.o
    0x000019f6   0x000019f6   0x00000002   PAD
    0x000019f8   0x000019f8   0x0000000e   Code   RO           42    .text.BSP_ledRedOff  bsp.o
    0x00001a06   0x00001a06   0x00000002   PAD
    0x00001a08   0x00001a08   0x0000000e   Code   RO           40    .text.BSP_ledRedOn  bsp.o
    0x00001a16   0x00001a16   0x00000002   PAD
    0x00001a18   0x00001a18   0x00000018   Code   RO           34    .text.BSP_tickCtr   bsp.o
    0x00001a30   0x00001a30   0x00000046   Code   RO           24    .text.Clock_init    bsp.o
    0x00001a76   0x00001a76   0x00000002   PAD
    0x00001a78   0x00001a78   0x0000006e   Code   RO          159    .text.Complementary_Filter  imu.o
    0x00001ae6   0x00001ae6   0x00000002   PAD
    0x00001ae8   0x00001ae8   0x0000006e   Code   RO           26    .text.ControlTimer_Init  bsp.o
    0x00001b56   0x00001b56   0x00000002   PAD
    0x00001b58   0x00001b58   0x00000010   Code   RO           30    .text.ControlTimer_Start  bsp.o
    0x00001b68   0x00001b68   0x00000006   Code   RO           44    .text.HardFault_Handler  bsp.o
    0x00001b6e   0x00001b6e   0x00000002   PAD
    0x00001b70   0x00001b70   0x00000072   Code   RO          149    .text.I2C0_ReadByte  imu.o
    0x00001be2   0x00001be2   0x00000002   PAD
    0x00001be4   0x00001be4   0x00000056   Code   RO          147    .text.I2C0_SendByte  imu.o
    0x00001c3a   0x00001c3a   0x00000002   PAD
    0x00001c3c   0x00001c3c   0x000000ae   Code   RO          151    .text.I2C0_WriteByte  imu.o
    0x00001cea   0x00001cea   0x00000002   PAD
    0x00001cec   0x00001cec   0x00000062   Code   RO           97    .text.Logger_log    logger.o
    0x00001d4e   0x00001d4e   0x00000002   PAD
    0x00001d50   0x00001d50   0x00000032   Code   RO          101    .text.Logger_log_hex  logger.o
    0x00001d82   0x00001d82   0x00000002   PAD
    0x00001d84   0x00001d84   0x000003aa   Code   RO          157    .text.MPU6050_Calibrate  imu.o
    0x0000212e   0x0000212e   0x00000002   PAD
    0x00002130   0x00002130   0x00000040   Code   RO          145    .text.MPU6050_Init  imu.o
    0x00002170   0x00002170   0x0000007e   Code   RO          153    .text.MPU6050_ReadWord  imu.o
    0x000021ee   0x000021ee   0x00000002   PAD
    0x000021f0   0x000021f0   0x00000156   Code   RO          248    .text.OSThread_start  miros.o
    0x00002346   0x00002346   0x00000002   PAD
    0x00002348   0x00002348   0x00000012   Code   RO          242    .text.OS_init       miros.o
    0x0000235a   0x0000235a   0x00000002   PAD
    0x0000235c   0x0000235c   0x0000003e   Code   RO           54    .text.OS_onStartup  bsp.o
    0x0000239a   0x0000239a   0x00000002   PAD
    0x0000239c   0x0000239c   0x0000001c   Code   RO          246    .text.OS_run        miros.o
    0x000023b8   0x000023b8   0x00000072   Code   RO          244    .text.OS_sched      miros.o
    0x0000242a   0x0000242a   0x00000002   PAD
    0x0000242c   0x0000242c   0x00000010   Code   RO          186    .text.PID_reset     pid.o
    0x0000243c   0x0000243c   0x00000168   Code   RO          184    .text.PID_update    pid.o
    0x000025a4   0x000025a4   0x00000038   Code   RO          250    .text.PendSV_Handler  miros.o
    0x000025dc   0x000025dc   0x00000016   Code   RO           60    .text.Q_onAssert    bsp.o
    0x000025f2   0x000025f2   0x00000002   PAD
    0x000025f4   0x000025f4   0x00000054   Code   RO           56    .text.SysTick_Config  bsp.o
    0x00002648   0x00002648   0x00000032   Code   RO           20    .text.SysTick_Handler  bsp.o
    0x0000267a   0x0000267a   0x00000002   PAD
    0x0000267c   0x0000267c   0x00000146   Code   RO          228    .text.SystemCoreClockUpdate  system_tm4c123gh6pm.o
    0x000027c2   0x000027c2   0x00000002   PAD
    0x000027c4   0x000027c4   0x000000fc   Code   RO          232    .text.SystemInit    system_tm4c123gh6pm.o
    0x000028c0   0x000028c0   0x00000020   Code   RO            2    .text.Task_LEDHeartbeat  main.o
    0x000028e0   0x000028e0   0x0000004a   Code   RO           95    .text.Task_Logger   logger.o
    0x0000292a   0x0000292a   0x00000002   PAD
    0x0000292c   0x0000292c   0x000003b8   Code   RO          205    .text.Task_bt_command  bluetooth.o
    0x00002ce4   0x00002ce4   0x0000023a   Code   RO          141    .text.Task_imu      imu.o
    0x00002f1e   0x00002f1e   0x00000002   PAD
    0x00002f20   0x00002f20   0x000000a0   Code   RO          118    .text.Task_motor    motor.o
    0x00002fc0   0x00002fc0   0x00000040   Code   RO           22    .text.Timer0A_IRQHandler  bsp.o
    0x00003000   0x00003000   0x0000002e   Code   RO           79    .text.Tiva_UART5_Transmitter_polling  uart.o
    0x0000302e   0x0000302e   0x00000002   PAD
    0x00003030   0x00003030   0x000000c0   Code   RO           38    .text.UART5_IRQHandler  bsp.o
    0x000030f0   0x000030f0   0x00000030   Code   RO           28    .text.__NVIC_EnableIRQ  bsp.o
    0x00003120   0x00003120   0x00000042   Code   RO           58    .text.__NVIC_SetPriority  bsp.o
    0x00003162   0x00003162   0x00000002   PAD
    0x00003164   0x00003164   0x00000052   Code   RO          128    .text.apply_deadband  motor.o
    0x000031b6   0x000031b6   0x00000002   PAD
    0x000031b8   0x000031b8   0x0000000e   Code   RO           62    .text.assert_failed  bsp.o
    0x000031c6   0x000031c6   0x00000002   PAD
    0x000031c8   0x000031c8   0x00000024   Code   RO          203    .text.bt_command_start  bluetooth.o
    0x000031ec   0x000031ec   0x0000003a   Code   RO          126    .text.clamp         motor.o
    0x00003226   0x00003226   0x00000002   PAD
    0x00003228   0x00003228   0x0000005c   Code   RO           75    .text.diag_vectors  uart.o
    0x00003284   0x00003284   0x00000168   Code   RO          230    .text.getOscClk     system_tm4c123gh6pm.o
    0x000033ec   0x000033ec   0x00000094   Code   RO          143    .text.imu_init      imu.o
    0x00003480   0x00003480   0x00000024   Code   RO          139    .text.imu_start     imu.o
    0x000034a4   0x000034a4   0x00000024   Code   RO           93    .text.logger_start  logger.o
    0x000034c8   0x000034c8   0x00000042   Code   RO            6    .text.main          main.o
    0x0000350a   0x0000350a   0x00000002   PAD
    0x0000350c   0x0000350c   0x000001ac   Code   RO          120    .text.motor_init    motor.o
    0x000036b8   0x000036b8   0x00000024   Code   RO          116    .text.motor_start   motor.o
    0x000036dc   0x000036dc   0x00000072   Code   RO          122    .text.pwm_set_duty_cycle  motor.o
    0x0000374e   0x0000374e   0x00000002   PAD
    0x00003750   0x00003750   0x00000082   Code   RO          124    .text.set_motor_direction  motor.o
    0x000037d2   0x000037d2   0x00000002   PAD
    0x000037d4   0x000037d4   0x000000ee   Code   RO           77    .text.uart_init     uart.o
    0x000038c2   0x000038c2   0x0000003e   Code   RO          502    CL$$btod_d2e        c_w.l(btod.o)
    0x00003900   0x00003900   0x00000046   Code   RO          504    CL$$btod_d2e_denorm_low  c_w.l(btod.o)
    0x00003946   0x00003946   0x00000060   Code   RO          503    CL$$btod_d2e_norm_op1  c_w.l(btod.o)
    0x000039a6   0x000039a6   0x00000002   PAD
    0x000039a8   0x000039a8   0x00000338   Code   RO          512    CL$$btod_div_common  c_w.l(btod.o)
    0x00003ce0   0x00003ce0   0x000000dc   Code   RO          509    CL$$btod_e2e        c_w.l(btod.o)
    0x00003dbc   0x00003dbc   0x0000002a   Code   RO          506    CL$$btod_ediv       c_w.l(btod.o)
    0x00003de6   0x00003de6   0x0000002a   Code   RO          505    CL$$btod_emul       c_w.l(btod.o)
    0x00003e10   0x00003e10   0x00000244   Code   RO          511    CL$$btod_mult_common  c_w.l(btod.o)
    0x00004054   0x00004054   0x00000028   Code   RO          541    i.__ARM_fpclassify  m_ws.l(fpclassify.o)
    0x0000407c   0x0000407c   0x00000026   Code   RO          425    i.__ARM_fpclassifyf  m_ws.l(fpclassifyf.o)
    0x000040a2   0x000040a2   0x00000004   Code   RO          429    i.__mathlib_flt_infnan2  m_ws.l(funder.o)
    0x000040a6   0x000040a6   0x0000000a   Code   RO          433    i.__mathlib_flt_underflow  m_ws.l(funder.o)
    0x000040b0   0x000040b0   0x0000000e   Code   RO          369    i._is_digit         c_w.l(__printf_wp.o)
    0x000040be   0x000040be   0x00000002   PAD
    0x000040c0   0x000040c0   0x000002a4   Code   RO          301    i.atan2f            m_ws.l(atan2f.o)
    0x00004364   0x00004364   0x0000002c   Code   RO          305    i.sqrtf             m_ws.l(sqrtf.o)
    0x00004390   0x00004390   0x0000002c   Code   RO          527    locale$$code        c_w.l(lc_numeric_c.o)
    0x000043bc   0x000043bc   0x0000002c   Code   RO          548    locale$$code        c_w.l(lc_ctype_c.o)
    0x000043e8   0x000043e8   0x0000000c   Code   RO          402    x$fpl$dretinf       fz_ws.l(dretinf.o)
    0x000043f4   0x000043f4   0x00000056   Code   RO          274    x$fpl$f2d           fz_ws.l(f2d.o)
    0x0000444a   0x0000444a   0x00000002   PAD
    0x0000444c   0x0000444c   0x000000c4   Code   RO          276    x$fpl$fadd          fz_ws.l(faddsub_clz.o)
    0x00004510   0x00004510   0x0000000c   Code   RO          537    x$fpl$fcheck1       fz_ws.l(fcheck1.o)
    0x0000451c   0x0000451c   0x00000054   Code   RO          282    x$fpl$fcmp          fz_ws.l(fcmp.o)
    0x00004570   0x00004570   0x00000018   Code   RO          481    x$fpl$fcmpinf       fz_ws.l(fcmpi.o)
    0x00004588   0x00004588   0x00000184   Code   RO          285    x$fpl$fdiv          fz_ws.l(fdiv.o)
    0x0000470c   0x0000470c   0x00000068   Code   RO          404    x$fpl$feqf          fz_ws.l(feqf.o)
    0x00004774   0x00004774   0x00000036   Code   RO          288    x$fpl$ffix          fz_ws.l(ffix.o)
    0x000047aa   0x000047aa   0x00000002   PAD
    0x000047ac   0x000047ac   0x00000030   Code   RO          293    x$fpl$fflt          fz_ws.l(fflt_clz.o)
    0x000047dc   0x000047dc   0x00000068   Code   RO          406    x$fpl$fgeqf         fz_ws.l(fgeqf.o)
    0x00004844   0x00004844   0x00000068   Code   RO          408    x$fpl$fleqf         fz_ws.l(fleqf.o)
    0x000048ac   0x000048ac   0x00000102   Code   RO          298    x$fpl$fmul          fz_ws.l(fmul.o)
    0x000049ae   0x000049ae   0x0000008c   Code   RO          410    x$fpl$fnaninf       fz_ws.l(fnaninf.o)
    0x00004a3a   0x00004a3a   0x0000000a   Code   RO          412    x$fpl$fretinf       fz_ws.l(fretinf.o)
    0x00004a44   0x00004a44   0x00000014   Code   RO          277    x$fpl$frsb          fz_ws.l(faddsub_clz.o)
    0x00004a58   0x00004a58   0x00000110   Code   RO          414    x$fpl$fsqrt         fz_ws.l(fsqrt.o)
    0x00004b68   0x00004b68   0x000000ea   Code   RO          278    x$fpl$fsub          fz_ws.l(faddsub_clz.o)
    0x00004c52   0x00004c52   0x00000004   Code   RO          416    x$fpl$printf1       fz_ws.l(printf1.o)
    0x00004c56   0x00004c56   0x00000004   Code   RO          418    x$fpl$printf2       fz_ws.l(printf2.o)
    0x00004c5a   0x00004c5a   0x00000064   Code   RO          599    x$fpl$retnan        fz_ws.l(retnan.o)
    0x00004cbe   0x00004cbe   0x0000004c   Code   RO          483    x$fpl$scalbnf       fz_ws.l(scalbnf.o)
    0x00004d0a   0x00004d0a   0x00000030   Code   RO          614    x$fpl$trapveneer    fz_ws.l(trapv.o)
    0x00004d3a   0x00004d3a   0x00000000   Code   RO          424    x$fpl$usenofp       fz_ws.l(usenofp.o)
    0x00004d3a   0x00004d3a   0x00000002   PAD
    0x00004d3c   0x00004d3c   0x00000008   Data   RO          328    .constdata          c_w.l(_printf_wctomb.o)
    0x00004d44   0x00004d44   0x00000028   Data   RO          357    .constdata          c_w.l(_printf_hex_int_ll_ptr.o)
    0x00004d6c   0x00004d6c   0x00000011   Data   RO          377    .constdata          c_w.l(__printf_flags_ss_wp.o)
    0x00004d7d   0x00004d7d   0x00000026   Data   RO          470    .constdata          c_w.l(_printf_fp_hex.o)
    0x00004da3   0x00004da3   0x00000001   PAD
    0x00004da4   0x00004da4   0x00000094   Data   RO          500    .constdata          c_w.l(bigflt0.o)
    0x00004e38   0x00004e38   0x00000008   Data   RO          257    .rodata.Q_this_module_  miros.o
    0x00004e40   0x00004e40   0x0000002a   Data   RO           85    .rodata.str1.1      uart.o
    0x00004e6a   0x00004e6a   0x00000016   Data   RO          108    .rodata.str1.1      logger.o
    0x00004e80   0x00004e80   0x000000ea   Data   RO          167    .rodata.str1.1      imu.o
    0x00004f6a   0x00004f6a   0x0000002c   Data   RO          211    .rodata.str1.1      bluetooth.o
    0x00004f96   0x00004f96   0x00000002   PAD
    0x00004f98   0x00004f98   0x00000030   Data   RO          689    Region$$Table       anon$$obj.o
    0x00004fc8   0x00004fc8   0x0000001c   Data   RO          526    locale$$data        c_w.l(lc_numeric_c.o)
    0x00004fe4   0x00004fe4   0x00000110   Data   RO          547    locale$$data        c_w.l(lc_ctype_c.o)


    Execution Region RW_STACK (Exec base: 0x20000000, Load base: 0x000050f4, Size: 0x00000800, Max: 0xffffffff, ABSOLUTE)

    Exec Addr    Load Addr    Size         Type   Attr      Idx    E Section Name        Object

    0x20000000        -       0x00000800   Zero   RW          218    STACK               startup_tm4c123gh6pm.o


    Execution Region RW_IRAM1 (Exec base: 0x20000800, Load base: 0x000050f8, Size: 0x00001b50, Max: 0x00007800, ABSOLUTE)

    Exec Addr    Load Addr    Size         Type   Attr      Idx    E Section Name        Object

    0x20000800   0x000050f8   0x00000004   Data   RW          192    .data.Kd            pid.o
    0x20000804   0x000050fc   0x00000004   Data   RW          191    .data.Ki            pid.o
    0x20000808   0x00005100   0x00000004   Data   RW          190    .data.Kp            pid.o
    0x2000080c   0x00005104   0x00000004   Data   RW          234    .data.SystemCoreClock  system_tm4c123gh6pm.o
    0x20000810        -       0x00000060   Zero   RW          486    .bss                c_w.l(libspace.o)
    0x20000870        -       0x00000004   Zero   RW            8    .bss.LEDHeartbeat   main.o
    0x20000874        -       0x00000004   Zero   RW          103    .bss.LoggerThread   logger.o
    0x20000878        -       0x00000004   Zero   RW          256    .bss.OS_curr        miros.o
    0x2000087c        -       0x00000001   Zero   RW          252    .bss.OS_currIdx     miros.o
    0x2000087d   0x00005108   0x00000003   PAD
    0x20000880        -       0x00000004   Zero   RW          255    .bss.OS_next        miros.o
    0x20000884        -       0x00000084   Zero   RW          254    .bss.OS_thread      miros.o
    0x20000908        -       0x00000001   Zero   RW          253    .bss.OS_threadNum   miros.o
    0x20000909   0x00005108   0x00000003   PAD
    0x2000090c        -       0x0000000c   Zero   RW          176    .bss.accel_angle    imu.o
    0x20000918        -       0x00000004   Zero   RW          173    .bss.accel_angle_y  imu.o
    0x2000091c        -       0x00000004   Zero   RW          209    .bss.btCommandThread  bluetooth.o
    0x20000920        -       0x00000018   Zero   RW          175    .bss.cal_imu_data   imu.o
    0x20000938        -       0x00000001   Zero   RW           65    .bss.command_ready  bsp.o
    0x20000939   0x00005108   0x00000003   PAD
    0x2000093c        -       0x00000004   Zero   RW          164    .bss.current_pitch  imu.o
    0x20000940        -       0x00000004   Zero   RW          194    .bss.derivative_filtered  pid.o
    0x20000944        -       0x00000004   Zero   RW          188    .bss.error          pid.o
    0x20000948        -       0x00000004   Zero   RW          172    .bss.gyro_rate_y    imu.o
    0x2000094c        -       0x00000002   Zero   RW          105    .bss.head           logger.o
    0x2000094e   0x00005108   0x00000002   PAD
    0x20000950        -       0x00000004   Zero   RW          165    .bss.imuThread      imu.o
    0x20000954        -       0x00000018   Zero   RW          162    .bss.imu_bias       imu.o
    0x2000096c        -       0x0000001c   Zero   RW          169    .bss.imu_data       imu.o
    0x20000988        -       0x00000004   Zero   RW           66    .bss.l_tickCtr      bsp.o
    0x2000098c        -       0x00000200   Zero   RW          107    .bss.logBuffer      logger.o
    0x20000b8c        -       0x00000004   Zero   RW          130    .bss.motorThread    motor.o
    0x20000b90        -       0x00000004   Zero   RW          189    .bss.output         pid.o
    0x20000b94        -       0x00000008   Zero   RW          195    .bss.pid            pid.o
    0x20000b9c        -       0x00000004   Zero   RW          171    .bss.pitch          imu.o
    0x20000ba0        -       0x00000004   Zero   RW          193    .bss.prev_output    pid.o
    0x20000ba4        -       0x00000001   Zero   RW          170    .bss.printCounter   imu.o
    0x20000ba5   0x00005108   0x00000001   PAD
    0x20000ba6        -       0x0000000c   Zero   RW          168    .bss.raw_imu_data   imu.o
    0x20000bb2        -       0x00000001   Zero   RW          207    .bss.red_led_active  bluetooth.o
    0x20000bb3   0x00005108   0x00000001   PAD
    0x20000bb4        -       0x00000004   Zero   RW          208    .bss.red_led_off_time  bluetooth.o
    0x20000bb8        -       0x00000004   Zero   RW           64    .bss.rx_index       bsp.o
    0x20000bbc        -       0x00000200   Zero   RW            9    .bss.stack_LEDHeartbeat  main.o
    0x20000dbc        -       0x00000140   Zero   RW          104    .bss.stack_Logger   logger.o
    0x20000efc        -       0x00000800   Zero   RW          210    .bss.stack_bt_command  bluetooth.o
    0x200016fc        -       0x00000800   Zero   RW          166    .bss.stack_imu      imu.o
    0x20001efc        -       0x00000400   Zero   RW          131    .bss.stack_motor    motor.o
    0x200022fc        -       0x00000001   Zero   RW          163    .bss.system_state   imu.o
    0x200022fd   0x00005108   0x00000001   PAD
    0x200022fe        -       0x00000002   Zero   RW          106    .bss.tail           logger.o
    0x20002300        -       0x00000040   Zero   RW           67    .bss.uart_rx_buffer  bsp.o
    0x20002340        -       0x00000010   Zero   RW          219    HEAP                startup_tm4c123gh6pm.o


==============================================================================

Image component sizes


      Code (inc. data)   RO Data    RW Data    ZI Data      Debug   Object Name

       988          0         44          0       2057       1643   bluetooth.o
      1084          0          0          0         73      11258   bsp.o
      2366          0        234          0       2170       5288   imu.o
       258          0         22          0        840       1819   logger.o
        98          0          0          0        516       1288   main.o
       558          8          8          0        142       1854   miros.o
      1008          0          0          0       1028       8766   motor.o
       376          0          0         12         24       1232   pid.o
       356        178       1132          0       2064       1184   startup_tm4c123gh6pm.o
       938         28          0          4          0       6154   system_tm4c123gh6pm.o
       376          0         42          0          0       2238   uart.o

    ----------------------------------------------------------------------
      8474        214       1532         16       8928      42724   Object Totals
         0          0         48          0          0          0   (incl. Generated)
        68          0          2          0         14          0   (incl. Padding)

    ----------------------------------------------------------------------

      Code (inc. data)   RO Data    RW Data    ZI Data      Debug   Library Member Name

         8          0          0          0          0         68   __main.o
       392          4         17          0          0         92   __printf_flags_ss_wp.o
        14          0          0          0          0         68   __printf_wp.o
         0          0          0          0          0          0   __rtentry.o
        12          0          0          0          0          0   __rtentry2.o
         6          0          0          0          0          0   __rtentry4.o
        94          8          0          0          0          0   __scatter.o
        26          0          0          0          0          0   __scatter_copy.o
        28          0          0          0          0          0   __scatter_zi.o
        72          0          0          0          0         96   _c16rtomb.o
         6          0          0          0          0          0   _printf_a.o
         6          0          0          0          0          0   _printf_c.o
        44          0          0          0          0        108   _printf_char.o
        48          6          0          0          0         96   _printf_char_common.o
        40          0          0          0          0         68   _printf_charcount.o
         6          0          0          0          0          0   _printf_d.o
       120         16          0          0          0         92   _printf_dec.o
         6          0          0          0          0          0   _printf_e.o
         6          0          0          0          0          0   _printf_f.o
      1052          0          0          0          0        148   _printf_fp_dec.o
       764          8         38          0          0        100   _printf_fp_hex.o
       128         16          0          0          0         84   _printf_fp_infnan.o
         6          0          0          0          0          0   _printf_g.o
       148          4         40          0          0        160   _printf_hex_int_ll_ptr.o
         6          0          0          0          0          0   _printf_i.o
       178          0          0          0          0         88   _printf_intcommon.o
        10          0          0          0          0          0   _printf_l.o
         6          0          0          0          0          0   _printf_lc.o
        10          0          0          0          0          0   _printf_ll.o
         6          0          0          0          0          0   _printf_lld.o
         6          0          0          0          0          0   _printf_lli.o
         6          0          0          0          0          0   _printf_llo.o
         6          0          0          0          0          0   _printf_llu.o
         6          0          0          0          0          0   _printf_llx.o
       124         16          0          0          0         92   _printf_longlong_dec.o
         6          0          0          0          0          0   _printf_ls.o
         6          0          0          0          0          0   _printf_n.o
         6          0          0          0          0          0   _printf_o.o
       112          8          0          0          0        124   _printf_oct_int_ll.o
         6          0          0          0          0          0   _printf_p.o
        78          0          0          0          0        108   _printf_pad.o
         0          0          0          0          0          0   _printf_percent.o
         4          0          0          0          0          0   _printf_percent_end.o
         6          0          0          0          0          0   _printf_s.o
        82          0          0          0          0         80   _printf_str.o
        36          0          0          0          0         84   _printf_truncate.o
         6          0          0          0          0          0   _printf_u.o
        44          0          0          0          0        108   _printf_wchar.o
       188          6          8          0          0         92   _printf_wctomb.o
         6          0          0          0          0          0   _printf_x.o
        22          0          0          0          0        100   _rserrno.o
        16          0          0          0          0         68   _snputc.o
       228          4        148          0          0         96   bigflt0.o
      1936        128          0          0          0        668   btod.o
        18          0          0          0          0         80   exit.o
         6          0          0          0          0        152   heapauxi.o
         0          0          0          0          0          0   indicate_semi.o
        44         10        272          0          0         76   lc_ctype_c.o
        44         10         28          0          0         76   lc_numeric_c.o
         2          0          0          0          0          0   libinit.o
        30          0          0          0          0          0   libinit2.o
         2          0          0          0          0          0   libshutdown.o
         2          0          0          0          0          0   libshutdown2.o
         8          4          0          0         96         68   libspace.o
       138          0          0          0          0         80   lludiv10.o
        16          4          0          0          0         76   rt_ctype_table.o
         8          4          0          0          0         68   rt_errno_addr_intlibspace.o
         8          4          0          0          0         68   rt_locale_intlibspace.o
         2          0          0          0          0          0   rtexit.o
        10          0          0          0          0          0   rtexit2.o
        64          6          0          0          0         84   snprintf.o
       124          0          0          0          0         88   strcmpv7em.o
       150          0          0          0          0         80   strncmp.o
        12          4          0          0          0         68   sys_exit.o
        74          0          0          0          0         80   sys_stackheap_outer.o
         2          0          0          0          0         68   use_no_semi.o
        12          0          0          0          0         68   dretinf.o
        86          4          0          0          0         84   f2d.o
       450          8          0          0          0        236   faddsub_clz.o
        12          4          0          0          0         68   fcheck1.o
        84          0          0          0          0        196   fcmp.o
        24          0          0          0          0         68   fcmpi.o
       388         76          0          0          0         96   fdiv.o
       104          4          0          0          0         84   feqf.o
        54          4          0          0          0         84   ffix.o
        48          0          0          0          0         68   fflt_clz.o
       104          4          0          0          0         84   fgeqf.o
       104          4          0          0          0         84   fleqf.o
       258          4          0          0          0         84   fmul.o
       140          4          0          0          0         84   fnaninf.o
        10          0          0          0          0         68   fretinf.o
       272        100          0          0          0         88   fsqrt.o
         4          0          0          0          0         68   printf1.o
         4          0          0          0          0         68   printf2.o
       100          0          0          0          0         68   retnan.o
        76          0          0          0          0         68   scalbnf.o
        48          0          0          0          0         68   trapv.o
         0          0          0          0          0          0   usenofp.o
       676         78          0          0          0        116   atan2f.o
        40          0          0          0          0         68   fpclassify.o
        38          0          0          0          0         68   fpclassifyf.o
        14          0          0          0          0        136   funder.o
        44          0          0          0          0         80   sqrtf.o

    ----------------------------------------------------------------------
     10166        564        552          0         96       6452   Library Totals
        24          0          1          0          0          0   (incl. Padding)

    ----------------------------------------------------------------------

      Code (inc. data)   RO Data    RW Data    ZI Data      Debug   Library Name

      6948        270        551          0         96       4100   c_w.l
      2382        216          0          0          0       1884   fz_ws.l
       812         78          0          0          0        468   m_ws.l

    ----------------------------------------------------------------------
     10166        564        552          0         96       6452   Library Totals

    ----------------------------------------------------------------------

==============================================================================


      Code (inc. data)   RO Data    RW Data    ZI Data      Debug   

     18640        778       2084         16       9024      45420   Grand Totals
     18640        778       2084         16       9024      45420   ELF Image Totals
     18640        778       2084         16          0          0   ROM Totals

==============================================================================

    Total RO  Size (Code + RO Data)                20724 (  20.24kB)
    Total RW  Size (RW Data + ZI Data)              9040 (   8.83kB)
    Total ROM Size (Code + RO Data + RW Data)      20740 (  20.25kB)

==============================================================================

